Component: ARM Compiler 5.06 update 5 (build 528) Tool: armlink [4d35e2]

==============================================================================

Section Cross References

    startup_stm32f40_41xxx.o(RESET) refers to startup_stm32f40_41xxx.o(STACK) for __initial_sp
    startup_stm32f40_41xxx.o(RESET) refers to startup_stm32f40_41xxx.o(.text) for Reset_Handler
    startup_stm32f40_41xxx.o(RESET) refers to stm32f4xx_it.o(i.NMI_Handler) for NMI_Handler
    startup_stm32f40_41xxx.o(RESET) refers to stm32f4xx_it.o(i.HardFault_Handler) for HardFault_Handler
    startup_stm32f40_41xxx.o(RESET) refers to stm32f4xx_it.o(i.MemManage_Handler) for MemManage_Handler
    startup_stm32f40_41xxx.o(RESET) refers to stm32f4xx_it.o(i.BusFault_Handler) for BusFault_Handler
    startup_stm32f40_41xxx.o(RESET) refers to stm32f4xx_it.o(i.UsageFault_Handler) for UsageFault_Handler
    startup_stm32f40_41xxx.o(RESET) refers to stm32f4xx_it.o(i.SVC_Handler) for SVC_Handler
    startup_stm32f40_41xxx.o(RESET) refers to stm32f4xx_it.o(i.DebugMon_Handler) for DebugMon_Handler
    startup_stm32f40_41xxx.o(RESET) refers to stm32f4xx_it.o(i.PendSV_Handler) for PendSV_Handler
    startup_stm32f40_41xxx.o(RESET) refers to stm32f4xx_it.o(i.SysTick_Handler) for SysTick_Handler
    startup_stm32f40_41xxx.o(RESET) refers to taskscheduler.o(i.TIM2_IRQHandler) for TIM2_IRQHandler
    startup_stm32f40_41xxx.o(RESET) refers to serial.o(i.USART1_IRQHandler) for USART1_IRQHandler
    startup_stm32f40_41xxx.o(RESET) refers to jy901b.o(i.USART2_IRQHandler) for USART2_IRQHandler
    startup_stm32f40_41xxx.o(RESET) refers to serial.o(i.USART3_IRQHandler) for USART3_IRQHandler
    startup_stm32f40_41xxx.o(.text) refers to system_stm32f4xx.o(i.SystemInit) for SystemInit
    startup_stm32f40_41xxx.o(.text) refers to entry.o(.ARM.Collect$$$$00000000) for __main
    system_stm32f4xx.o(i.SystemCoreClockUpdate) refers to system_stm32f4xx.o(.data) for .data
    system_stm32f4xx.o(i.SystemInit) refers to system_stm32f4xx.o(i.SetSysClock) for SetSysClock
    stm32f4xx_adc.o(i.ADC_DeInit) refers to stm32f4xx_rcc.o(i.RCC_APB2PeriphResetCmd) for RCC_APB2PeriphResetCmd
    stm32f4xx_can.o(i.CAN_DeInit) refers to stm32f4xx_rcc.o(i.RCC_APB1PeriphResetCmd) for RCC_APB1PeriphResetCmd
    stm32f4xx_can.o(i.CAN_GetITStatus) refers to stm32f4xx_can.o(i.CheckITStatus) for CheckITStatus
    stm32f4xx_cryp.o(i.CRYP_DeInit) refers to stm32f4xx_rcc.o(i.RCC_AHB2PeriphResetCmd) for RCC_AHB2PeriphResetCmd
    stm32f4xx_cryp_aes.o(i.CRYP_AES_CBC) refers to stm32f4xx_cryp.o(i.CRYP_KeyStructInit) for CRYP_KeyStructInit
    stm32f4xx_cryp_aes.o(i.CRYP_AES_CBC) refers to stm32f4xx_cryp.o(i.CRYP_KeyInit) for CRYP_KeyInit
    stm32f4xx_cryp_aes.o(i.CRYP_AES_CBC) refers to stm32f4xx_cryp.o(i.CRYP_Init) for CRYP_Init
    stm32f4xx_cryp_aes.o(i.CRYP_AES_CBC) refers to stm32f4xx_cryp.o(i.CRYP_IVInit) for CRYP_IVInit
    stm32f4xx_cryp_aes.o(i.CRYP_AES_CBC) refers to stm32f4xx_cryp.o(i.CRYP_FIFOFlush) for CRYP_FIFOFlush
    stm32f4xx_cryp_aes.o(i.CRYP_AES_CBC) refers to stm32f4xx_cryp.o(i.CRYP_Cmd) for CRYP_Cmd
    stm32f4xx_cryp_aes.o(i.CRYP_AES_CBC) refers to stm32f4xx_cryp.o(i.CRYP_GetCmdStatus) for CRYP_GetCmdStatus
    stm32f4xx_cryp_aes.o(i.CRYP_AES_CBC) refers to stm32f4xx_cryp.o(i.CRYP_GetFlagStatus) for CRYP_GetFlagStatus
    stm32f4xx_cryp_aes.o(i.CRYP_AES_CBC) refers to stm32f4xx_cryp.o(i.CRYP_DataIn) for CRYP_DataIn
    stm32f4xx_cryp_aes.o(i.CRYP_AES_CBC) refers to stm32f4xx_cryp.o(i.CRYP_DataOut) for CRYP_DataOut
    stm32f4xx_cryp_aes.o(i.CRYP_AES_CCM) refers to stm32f4xx_cryp.o(i.CRYP_KeyStructInit) for CRYP_KeyStructInit
    stm32f4xx_cryp_aes.o(i.CRYP_AES_CCM) refers to stm32f4xx_cryp.o(i.CRYP_FIFOFlush) for CRYP_FIFOFlush
    stm32f4xx_cryp_aes.o(i.CRYP_AES_CCM) refers to stm32f4xx_cryp.o(i.CRYP_KeyInit) for CRYP_KeyInit
    stm32f4xx_cryp_aes.o(i.CRYP_AES_CCM) refers to stm32f4xx_cryp.o(i.CRYP_IVInit) for CRYP_IVInit
    stm32f4xx_cryp_aes.o(i.CRYP_AES_CCM) refers to stm32f4xx_cryp.o(i.CRYP_Init) for CRYP_Init
    stm32f4xx_cryp_aes.o(i.CRYP_AES_CCM) refers to stm32f4xx_cryp.o(i.CRYP_PhaseConfig) for CRYP_PhaseConfig
    stm32f4xx_cryp_aes.o(i.CRYP_AES_CCM) refers to stm32f4xx_cryp.o(i.CRYP_DataIn) for CRYP_DataIn
    stm32f4xx_cryp_aes.o(i.CRYP_AES_CCM) refers to stm32f4xx_cryp.o(i.CRYP_Cmd) for CRYP_Cmd
    stm32f4xx_cryp_aes.o(i.CRYP_AES_CCM) refers to stm32f4xx_cryp.o(i.CRYP_GetCmdStatus) for CRYP_GetCmdStatus
    stm32f4xx_cryp_aes.o(i.CRYP_AES_CCM) refers to stm32f4xx_cryp.o(i.CRYP_GetFlagStatus) for CRYP_GetFlagStatus
    stm32f4xx_cryp_aes.o(i.CRYP_AES_CCM) refers to stm32f4xx_cryp.o(i.CRYP_DataOut) for CRYP_DataOut
    stm32f4xx_cryp_aes.o(i.CRYP_AES_CTR) refers to stm32f4xx_cryp.o(i.CRYP_KeyStructInit) for CRYP_KeyStructInit
    stm32f4xx_cryp_aes.o(i.CRYP_AES_CTR) refers to stm32f4xx_cryp.o(i.CRYP_KeyInit) for CRYP_KeyInit
    stm32f4xx_cryp_aes.o(i.CRYP_AES_CTR) refers to stm32f4xx_cryp.o(i.CRYP_Init) for CRYP_Init
[...]
    i.Cmd_03                                 0x08000bc8   Section        0  im948_cmd.o(i.Cmd_03)
    i.Cmd_12                                 0x08000be0   Section        0  im948_cmd.o(i.Cmd_12)
    i.Cmd_19                                 0x08000c38   Section        0  im948_cmd.o(i.Cmd_19)
    i.Cmd_40                                 0x08000c6c   Section        0  im948_cmd.o(i.Cmd_40)
    i.Cmd_GetPkt                             0x08000c88   Section        0  im948_cmd.o(i.Cmd_GetPkt)
    i.Cmd_PackAndTx                          0x08000d40   Section        0  im948_cmd.o(i.Cmd_PackAndTx)
    i.Cmd_RxUnpack                           0x08000db4   Section        0  im948_cmd.o(i.Cmd_RxUnpack)
    Cmd_RxUnpack                             0x08000db5   Thumb Code   962  im948_cmd.o(i.Cmd_RxUnpack)
    i.CopeWitData                            0x080011c8   Section        0  wit_c_sdk.o(i.CopeWitData)
    CopeWitData                              0x080011c9   Thumb Code   178  wit_c_sdk.o(i.CopeWitData)
    i.CopeWitData_user                       0x08001284   Section        0  wit_c_sdk.o(i.CopeWitData_user)
    i.DHT11_Check                            0x08001288   Section        0  dht11.o(i.DHT11_Check)
    i.DHT11_IO_IN                            0x080012e4   Section        0  dht11.o(i.DHT11_IO_IN)
    i.DHT11_IO_OUT                           0x08001314   Section        0  dht11.o(i.DHT11_IO_OUT)
    i.DHT11_Init                             0x08001348   Section        0  dht11.o(i.DHT11_Init)
    i.DHT11_Read_Bit                         0x08001358   Section        0  dht11.o(i.DHT11_Read_Bit)
    i.DHT11_Read_Byte                        0x080013b4   Section        0  dht11.o(i.DHT11_Read_Byte)
    i.DHT11_Read_Data                        0x080013ce   Section        0  dht11.o(i.DHT11_Read_Data)
    i.DHT11_Rst                              0x08001420   Section        0  dht11.o(i.DHT11_Rst)
    i.DHT11_Task                             0x08001450   Section        0  tasks.o(i.DHT11_Task)
    i.DMA_Cmd                                0x0800145c   Section        0  stm32f4xx_dma.o(i.DMA_Cmd)
    i.DMA_DeInit                             0x08001470   Section        0  stm32f4xx_dma.o(i.DMA_DeInit)
    i.DMA_GetCurrDataCounter                 0x08001594   Section        0  stm32f4xx_dma.o(i.DMA_GetCurrDataCounter)
    i.DMA_Init                               0x0800159c   Section        0  stm32f4xx_dma.o(i.DMA_Init)
    i.DebugMon_Handler                       0x080015f0   Section        0  stm32f4xx_it.o(i.DebugMon_Handler)
    i.Delay_ms                               0x080015f2   Section        0  delay.o(i.Delay_ms)
    i.Delay_us                               0x08001608   Section        0  delay.o(i.Delay_us)
    i.Delayms                                0x0800162c   Section        0  jy901b.o(i.Delayms)
    i.Fast_Serial_SendSensorPacket           0x08001630   Section        0  serial.o(i.Fast_Serial_SendSensorPacket)
    i.GPIO_Init                              0x08001768   Section        0  stm32f4xx_gpio.o(i.GPIO_Init)
    i.GPIO_PinAFConfig                       0x0800180a   Section        0  stm32f4xx_gpio.o(i.GPIO_PinAFConfig)
    i.GPIO_ReadInputDataBit                  0x0800182a   Section        0  stm32f4xx_gpio.o(i.GPIO_ReadInputDataBit)
    i.GPIO_ResetBits                         0x08001838   Section        0  stm32f4xx_gpio.o(i.GPIO_ResetBits)
    i.GPIO_SetBits                           0x0800183e   Section        0  stm32f4xx_gpio.o(i.GPIO_SetBits)
    i.GPIO_WriteBit                          0x08001842   Section        0  stm32f4xx_gpio.o(i.GPIO_WriteBit)
    i.HardFault_Handler                      0x0800184c   Section        0  stm32f4xx_it.o(i.HardFault_Handler)
    i.IM948_Init                             0x08001850   Section        0  im948_cmd.o(i.IM948_Init)
    i.IM948_Write                            0x08001900   Section        0  serial.o(i.IM948_Write)
    i.IM948_process                          0x08001940   Section        0  im948_cmd.o(i.IM948_process)
    i.IWDG_Enable                            0x080019b0   Section        0  stm32f4xx_iwdg.o(i.IWDG_Enable)
    i.IWDG_ReloadCounter                     0x080019c0   Section        0  stm32f4xx_iwdg.o(i.IWDG_ReloadCounter)
    i.IWDG_SetPrescaler                      0x080019d0   Section        0  stm32f4xx_iwdg.o(i.IWDG_SetPrescaler)
    i.IWDG_SetReload                         0x080019dc   Section        0  stm32f4xx_iwdg.o(i.IWDG_SetReload)
    i.IWDG_WriteAccessCmd                    0x080019e8   Section        0  stm32f4xx_iwdg.o(i.IWDG_WriteAccessCmd)
    i.JY901B_GetData                         0x080019f4   Section        0  jy901b.o(i.JY901B_GetData)
    i.JY901B_Init                            0x08001ac4   Section        0  jy901b.o(i.JY901B_Init)
    i.JY901B_Task                            0x08001b08   Section        0  tasks.o(i.JY901B_Task)
    i.JY901B_UartInit                        0x08001b24   Section        0  jy901b_uart.o(i.JY901B_UartInit)
    i.JY901B_UartSend                        0x08001be4   Section        0  jy901b_uart.o(i.JY901B_UartSend)
    i.JY901B_process                         0x08001c24   Section        0  jy901b.o(i.JY901B_process)
    i.LED_Init                               0x08001ce0   Section        0  led.o(i.LED_Init)
    i.MS583703BA_RESET                       0x08001d20   Section        0  ms5837_i2c.o(i.MS583703BA_RESET)
    i.MS5837I2C_Init                         0x08001d3c   Section        0  ms5837_i2c.o(i.MS5837I2C_Init)
    i.MS5837I2C_R_SDA                        0x08001d84   Section        0  ms5837_i2c.o(i.MS5837I2C_R_SDA)
    i.MS5837I2C_ReceiveAck                   0x08001da0   Section        0  ms5837_i2c.o(i.MS5837I2C_ReceiveAck)
    i.MS5837I2C_ReceiveByte                  0x08001dbe   Section        0  ms5837_i2c.o(i.MS5837I2C_ReceiveByte)
    i.MS5837I2C_SendAck                      0x08001dfe   Section        0  ms5837_i2c.o(i.MS5837I2C_SendAck)
    i.MS5837I2C_SendByte                     0x08001e14   Section        0  ms5837_i2c.o(i.MS5837I2C_SendByte)
    i.MS5837I2C_Start                        0x08001e42   Section        0  ms5837_i2c.o(i.MS5837I2C_Start)
    i.MS5837I2C_Stop                         0x08001e60   Section        0  ms5837_i2c.o(i.MS5837I2C_Stop)
    i.MS5837I2C_W_SCL                        0x08001e78   Section        0  ms5837_i2c.o(i.MS5837I2C_W_SCL)
    i.MS5837I2C_W_SDA                        0x08001e94   Section        0  ms5837_i2c.o(i.MS5837I2C_W_SDA)
    i.MS5837_GetDepth_1                      0x08001eb0   Section        0  ms5837_i2c.o(i.MS5837_GetDepth_1)
    i.MS5837_GetDepth_2                      0x08001ecc   Section        0  ms5837_i2c.o(i.MS5837_GetDepth_2)
    i.MS5837_GetTemp_1                       0x08001f8c   Section        0  ms5837_i2c.o(i.MS5837_GetTemp_1)
    i.MS5837_GetTemp_2                       0x08001fa8   Section        0  ms5837_i2c.o(i.MS5837_GetTemp_2)
    i.MS5837_Task                            0x08002208   Section        0  tasks.o(i.MS5837_Task)
    i.MS5837_init                            0x08002284   Section        0  ms5837_i2c.o(i.MS5837_init)
    i.MemManage_Handler                      0x08002300   Section        0  stm32f4xx_it.o(i.MemManage_Handler)
    i.Memcpy                                 0x08002302   Section        0  im948_cmd.o(i.Memcpy)
    i.Ms5837_read                            0x0800231c   Section        0  ms5837_i2c.o(i.Ms5837_read)
    i.NMI_Handler                            0x0800236e   Section        0  stm32f4xx_it.o(i.NMI_Handler)
    i.NVIC_Init                              0x08002370   Section        0  misc.o(i.NVIC_Init)
    i.NVIC_PriorityGroupConfig               0x080023d4   Section        0  misc.o(i.NVIC_PriorityGroupConfig)
    i.PWM_Init                               0x080023e8   Section        0  pwm.o(i.PWM_Init)
    i.PendSV_Handler                         0x08002600   Section        0  stm32f4xx_it.o(i.PendSV_Handler)
    i.RCC_AHB1PeriphClockCmd                 0x08002604   Section        0  stm32f4xx_rcc.o(i.RCC_AHB1PeriphClockCmd)
    i.RCC_APB1PeriphClockCmd                 0x0800261c   Section        0  stm32f4xx_rcc.o(i.RCC_APB1PeriphClockCmd)
    i.RCC_APB2PeriphClockCmd                 0x08002634   Section        0  stm32f4xx_rcc.o(i.RCC_APB2PeriphClockCmd)
    i.RCC_GetClocksFreq                      0x0800264c   Section        0  stm32f4xx_rcc.o(i.RCC_GetClocksFreq)
    i.RCC_GetFlagStatus                      0x080026dc   Section        0  stm32f4xx_rcc.o(i.RCC_GetFlagStatus)
    i.RCC_LSICmd                             0x08002710   Section        0  stm32f4xx_rcc.o(i.RCC_LSICmd)
    i.SVC_Handler                            0x0800271c   Section        0  stm32f4xx_it.o(i.SVC_Handler)
    i.SensorDataUpdata                       0x08002720   Section        0  jy901b.o(i.SensorDataUpdata)
    i.SensorUartSend                         0x0800276c   Section        0  jy901b.o(i.SensorUartSend)
    i.Serial_CRC8                            0x08002770   Section        0  serial.o(i.Serial_CRC8)
    i.Serial_Init                            0x080027a4   Section        0  serial.o(i.Serial_Init)
    i.Serial_SendArray                       0x08002850   Section        0  serial.o(i.Serial_SendArray)
    i.Serial_SendByte                        0x0800286c   Section        0  serial.o(i.Serial_SendByte)
    i.SetSysClock                            0x0800288c   Section        0  system_stm32f4xx.o(i.SetSysClock)
    SetSysClock                              0x0800288d   Thumb Code   162  system_stm32f4xx.o(i.SetSysClock)
    i.Slow_Serial_SendSensorPacket           0x08002940   Section        0  serial.o(i.Slow_Serial_SendSensorPacket)
    i.SysTick_Handler                        0x080029cc   Section        0  stm32f4xx_it.o(i.SysTick_Handler)
    i.SystemInit                             0x080029d0   Section        0  system_stm32f4xx.o(i.SystemInit)
    i.SystemTick_Increment                   0x08002a2c   Section        0  taskscheduler.o(i.SystemTick_Increment)
    i.TIM2_IRQHandler                        0x08002a3c   Section        0  taskscheduler.o(i.TIM2_IRQHandler)
    i.TIM_ClearFlag                          0x08002a5e   Section        0  stm32f4xx_tim.o(i.TIM_ClearFlag)
    i.TIM_ClearITPendingBit                  0x08002a64   Section        0  stm32f4xx_tim.o(i.TIM_ClearITPendingBit)
    i.TIM_Cmd                                0x08002a6a   Section        0  stm32f4xx_tim.o(i.TIM_Cmd)
    i.TIM_GetITStatus                        0x08002a7e   Section        0  stm32f4xx_tim.o(i.TIM_GetITStatus)
    i.TIM_ITConfig                           0x08002a96   Section        0  stm32f4xx_tim.o(i.TIM_ITConfig)
    i.TIM_InternalClockConfig                0x08002aa6   Section        0  stm32f4xx_tim.o(i.TIM_InternalClockConfig)
    i.TIM_OC1Init                            0x08002ab0   Section        0  stm32f4xx_tim.o(i.TIM_OC1Init)
    i.TIM_OC1PreloadConfig                   0x08002b10   Section        0  stm32f4xx_tim.o(i.TIM_OC1PreloadConfig)
    i.TIM_OC2Init                            0x08002b1c   Section        0  stm32f4xx_tim.o(i.TIM_OC2Init)
    i.TIM_OC2PreloadConfig                   0x08002b9c   Section        0  stm32f4xx_tim.o(i.TIM_OC2PreloadConfig)
    i.TIM_OC3Init                            0x08002bb0   Section        0  stm32f4xx_tim.o(i.TIM_OC3Init)
    i.TIM_OC3PreloadConfig                   0x08002c2c   Section        0  stm32f4xx_tim.o(i.TIM_OC3PreloadConfig)
    i.TIM_OC4Init                            0x08002c38   Section        0  stm32f4xx_tim.o(i.TIM_OC4Init)
    i.TIM_OC4PreloadConfig                   0x08002c98   Section        0  stm32f4xx_tim.o(i.TIM_OC4PreloadConfig)
    i.TIM_OCStructInit                       0x08002cac   Section        0  stm32f4xx_tim.o(i.TIM_OCStructInit)
    i.TIM_TimeBaseInit                       0x08002cc0   Section        0  stm32f4xx_tim.o(i.TIM_TimeBaseInit)
    i.TaskScheduler_Check                    0x08002d3c   Section        0  taskscheduler.o(i.TaskScheduler_Check)
    i.TaskScheduler_Execute                  0x08002da4   Section        0  taskscheduler.o(i.TaskScheduler_Execute)
    i.TaskScheduler_Init                     0x08002df8   Section        0  taskscheduler.o(i.TaskScheduler_Init)
    i.TaskScheduler_Run                      0x08002e24   Section        0  taskscheduler.o(i.TaskScheduler_Run)
    i.Task_DMA_pdata_poll                    0x08002e38   Section        0  tasks.o(i.Task_DMA_pdata_poll)
    i.Task_IM948_Process                     0x08002e7c   Section        0  tasks.o(i.Task_IM948_Process)
    i.Timer_Init                             0x08002e80   Section        0  timer.o(i.Timer_Init)
    i.USART1_DMA_Init                        0x08002ef8   Section        0  dma.o(i.USART1_DMA_Init)
    i.USART1_IRQHandler                      0x08002f60   Section        0  serial.o(i.USART1_IRQHandler)
    i.USART1_Init                            0x08002f64   Section        0  serial.o(i.USART1_Init)
    i.USART2_IRQHandler                      0x08002ff4   Section        0  jy901b.o(i.USART2_IRQHandler)
    i.USART3_IRQHandler                      0x0800304c   Section        0  serial.o(i.USART3_IRQHandler)
    i.USART_ClearITPendingBit                0x08003114   Section        0  stm32f4xx_usart.o(i.USART_ClearITPendingBit)
    i.USART_Cmd                              0x08003120   Section        0  stm32f4xx_usart.o(i.USART_Cmd)
    i.USART_DMACmd                           0x08003134   Section        0  stm32f4xx_usart.o(i.USART_DMACmd)
    i.USART_GetFlagStatus                    0x08003144   Section        0  stm32f4xx_usart.o(i.USART_GetFlagStatus)
    i.USART_GetITStatus                      0x08003152   Section        0  stm32f4xx_usart.o(i.USART_GetITStatus)
    i.USART_ITConfig                         0x08003190   Section        0  stm32f4xx_usart.o(i.USART_ITConfig)
    i.USART_Init                             0x080031c0   Section        0  stm32f4xx_usart.o(i.USART_Init)
    i.USART_ReceiveData                      0x0800326c   Section        0  stm32f4xx_usart.o(i.USART_ReceiveData)
    i.USART_SendData                         0x08003274   Section        0  stm32f4xx_usart.o(i.USART_SendData)
    i.Uart_Rece_Task                         0x0800327c   Section        0  tasks.o(i.Uart_Rece_Task)
    i.Uart_send_fast_Task                    0x08003280   Section        0  tasks.o(i.Uart_send_fast_Task)
    i.Uart_send_slow_Task                    0x0800346c   Section        0  tasks.o(i.Uart_send_slow_Task)
    i.UsageFault_Handler                     0x080034cc   Section        0  stm32f4xx_it.o(i.UsageFault_Handler)
    i.Voltage_Task                           0x080034d0   Section        0  tasks.o(i.Voltage_Task)
    i.Watchdog_Feed                          0x080034ec   Section        0  watchdog.o(i.Watchdog_Feed)
    i.Watchdog_Init                          0x080034f0   Section        0  watchdog.o(i.Watchdog_Init)
    i.WitDelayMsRegister                     0x08003524   Section        0  wit_c_sdk.o(i.WitDelayMsRegister)
    i.WitInit                                0x08003538   Section        0  wit_c_sdk.o(i.WitInit)
    i.WitRegisterCallBack                    0x08003554   Section        0  wit_c_sdk.o(i.WitRegisterCallBack)
    i.WitSerialWriteRegister                 0x08003568   Section        0  wit_c_sdk.o(i.WitSerialWriteRegister)
    i.__0printf                              0x0800357c   Section        0  printfa.o(i.__0printf)
    i.__hardfp_sqrt                          0x0800359c   Section        0  sqrt.o(i.__hardfp_sqrt)
    i.__scatterload_copy                     0x08003616   Section       14  handlers.o(i.__scatterload_copy)
    i.__scatterload_null                     0x08003624   Section        2  handlers.o(i.__scatterload_null)
    i.__scatterload_zeroinit                 0x08003626   Section       14  handlers.o(i.__scatterload_zeroinit)
    i.__set_errno                            0x08003634   Section        0  errno.o(i.__set_errno)
    i._fp_digits                             0x08003640   Section        0  printfa.o(i._fp_digits)
    _fp_digits                               0x08003641   Thumb Code   366  printfa.o(i._fp_digits)
    i._printf_core                           0x080037c4   Section        0  printfa.o(i._printf_core)
    _printf_core                             0x080037c5   Thumb Code  1744  printfa.o(i._printf_core)
    i._printf_post_padding                   0x08003ea0   Section        0  printfa.o(i._printf_post_padding)
    _printf_post_padding                     0x08003ea1   Thumb Code    36  printfa.o(i._printf_post_padding)
    i._printf_pre_padding                    0x08003ec4   Section        0  printfa.o(i._printf_pre_padding)
    _printf_pre_padding                      0x08003ec5   Thumb Code    46  printfa.o(i._printf_pre_padding)
    i.current_Getdata                        0x08003ef4   Section        0  ad.o(i.current_Getdata)
    i.fputc                                  0x08003f54   Section        0  serial.o(i.fputc)
    i.main                                   0x08003f64   Section        0  main.o(i.main)
    i.voltage_Getdata                        0x08003fb8   Section        0  ad.o(i.voltage_Getdata)
    .constdata                               0x08004018   Section      147  im948_cmd.o(.constdata)
    .data                                    0x20000000   Section       16  stm32f4xx_rcc.o(.data)
    APBAHBPrescTable                         0x20000000   Data          16  stm32f4xx_rcc.o(.data)
    .data                                    0x20000010   Section        1  taskscheduler.o(.data)
    .data                                    0x20000014   Section      224  taskscheduler.o(.data)
    system_tick_ms                           0x20000018   Data           4  taskscheduler.o(.data)
    task_table                               0x2000001c   Data         216  taskscheduler.o(.data)
    .data                                    0x200000f4   Section       28  tasks.o(.data)
    last_dma_cnt                             0x200000fa   Data           2  tasks.o(.data)
    .data                                    0x20000110   Section       10  ad.o(.data)
    .data                                    0x20000120   Section       64  ms5837_i2c.o(.data)
    .data                                    0x20000160   Section        3  jy901b.o(.data)
    s_ucRxCnt                                0x20000162   Data           1  jy901b.o(.data)
    .data                                    0x20000164   Section       40  wit_c_sdk.o(.data)
    s_ucAddr                                 0x20000164   Data           1  wit_c_sdk.o(.data)
    p_WitSerialWriteFunc                     0x20000168   Data           4  wit_c_sdk.o(.data)
    p_WitI2cWriteFunc                        0x2000016c   Data           4  wit_c_sdk.o(.data)
    p_WitI2cReadFunc                         0x20000170   Data           4  wit_c_sdk.o(.data)
    p_WitCanWriteFunc                        0x20000174   Data           4  wit_c_sdk.o(.data)
    p_WitRegUpdateCbFunc                     0x20000178   Data           4  wit_c_sdk.o(.data)
    p_WitDelaymsFunc                         0x2000017c   Data           4  wit_c_sdk.o(.data)
    s_uiWitDataCnt                           0x20000180   Data           4  wit_c_sdk.o(.data)
    s_uiProtoclo                             0x20000184   Data           4  wit_c_sdk.o(.data)
    s_uiReadRegIndex                         0x20000188   Data           4  wit_c_sdk.o(.data)
    .data                                    0x2000018c   Section       64  im948_cmd.o(.data)
    CS                                       0x2000018f   Data           1  im948_cmd.o(.data)
    i                                        0x20000190   Data           1  im948_cmd.o(.data)
    RxIndex                                  0x20000191   Data           1  im948_cmd.o(.data)
    .data                                    0x200001cc   Section        4  stdout.o(.data)
    .data                                    0x200001d0   Section        4  errno.o(.data)
    _errno                                   0x200001d0   Data           4  errno.o(.data)
    .bss                                     0x200001d4   Section       36  tasks.o(.bss)
    .bss                                     0x200001f8   Section      114  serial.o(.bss)
    .bss                                     0x2000026c   Section       28  ms5837_i2c.o(.bss)
    .bss                                     0x20000288   Section      153  jy901b.o(.bss)
    s_ucData                                 0x20000288   Data          50  jy901b.o(.bss)
    .bss                                     0x20000322   Section      544  wit_c_sdk.o(.bss)
    s_ucWitDataBuff                          0x20000322   Data         256  wit_c_sdk.o(.bss)
    .bss                                     0x20000542   Section     2132  im948_cmd.o(.bss)
    buf                                      0x20000542   Data          78  im948_cmd.o(.bss)
    STACK                                    0x20000d98   Section     1024  startup_stm32f40_41xxx.o(STACK)

    Global Symbols

    Symbol Name                              Value     Ov Type        Size  Object(Section)

    BuildAttributes$$THM_ISAv4$E$P$D$K$B$S$7EM$VFPi3$EXTD16$VFPS$VFMA$PE$A:L22UL41UL21$X:L11$S22US41US21$IEEE1$IW$USESV6$~STKCKD$USESV7$~SHL$OTIME$ROPI$IEEEJ$EBA8$MICROLIB$REQ8$PRES8$EABIv2 0x00000000   Number         0  anon$$obj.o ABSOLUTE
    __ARM_use_no_argv                        0x00000000   Number         0  main.o ABSOLUTE
    _printf_a                                0x00000000   Number         0  stubs.o ABSOLUTE
    _printf_c                                0x00000000   Number         0  stubs.o ABSOLUTE
    _printf_charcount                        0x00000000   Number         0  stubs.o ABSOLUTE
    _printf_d                                0x00000000   Number         0  stubs.o ABSOLUTE
    _printf_e                                0x00000000   Number         0  stubs.o ABSOLUTE
    _printf_f                                0x00000000   Number         0  stubs.o ABSOLUTE
    _printf_flags                            0x00000000   Number         0  stubs.o ABSOLUTE
    _printf_fp_dec                           0x00000000   Number         0  stubs.o ABSOLUTE
    _printf_fp_hex                           0x00000000   Number         0  stubs.o ABSOLUTE
    _printf_g                                0x00000000   Number         0  stubs.o ABSOLUTE
    _printf_i                                0x00000000   Number         0  stubs.o ABSOLUTE
    _printf_int_dec                          0x00000000   Number         0  stubs.o ABSOLUTE
    _printf_l                                0x00000000   Number         0  stubs.o ABSOLUTE
    _printf_lc                               0x00000000   Number         0  stubs.o ABSOLUTE
    _printf_ll                               0x00000000   Number         0  stubs.o ABSOLUTE
    _printf_lld                              0x00000000   Number         0  stubs.o ABSOLUTE
    _printf_lli                              0x00000000   Number         0  stubs.o ABSOLUTE
    _printf_llo                              0x00000000   Number         0  stubs.o ABSOLUTE
    _printf_llu                              0x00000000   Number         0  stubs.o ABSOLUTE
    _printf_llx                              0x00000000   Number         0  stubs.o ABSOLUTE
    _printf_longlong_dec                     0x00000000   Number         0  stubs.o ABSOLUTE
    _printf_longlong_hex                     0x00000000   Number         0  stubs.o ABSOLUTE
    _printf_longlong_oct                     0x00000000   Number         0  stubs.o ABSOLUTE
    _printf_ls                               0x00000000   Number         0  stubs.o ABSOLUTE
    _printf_mbtowc                           0x00000000   Number         0  stubs.o ABSOLUTE
    _printf_n                                0x00000000   Number         0  stubs.o ABSOLUTE
    _printf_o                                0x00000000   Number         0  stubs.o ABSOLUTE
    _printf_p                                0x00000000   Number         0  stubs.o ABSOLUTE
    _printf_percent                          0x00000000   Number         0  stubs.o ABSOLUTE
    _printf_pre_padding                      0x00000000   Number         0  stubs.o ABSOLUTE
    _printf_return_value                     0x00000000   Number         0  stubs.o ABSOLUTE
    _printf_s                                0x00000000   Number         0  stubs.o ABSOLUTE
    _printf_sizespec                         0x00000000   Number         0  stubs.o ABSOLUTE
    _printf_str                              0x00000000   Number         0  stubs.o ABSOLUTE
    _printf_truncate_signed                  0x00000000   Number         0  stubs.o ABSOLUTE
    _printf_truncate_unsigned                0x00000000   Number         0  stubs.o ABSOLUTE
    _printf_u                                0x00000000   Number         0  stubs.o ABSOLUTE
    _printf_wc                               0x00000000   Number         0  stubs.o ABSOLUTE
    _printf_wctomb                           0x00000000   Number         0  stubs.o ABSOLUTE
    _printf_widthprec                        0x00000000   Number         0  stubs.o ABSOLUTE
    _printf_x                                0x00000000   Number         0  stubs.o ABSOLUTE
    __cpp_initialize__aeabi_                  - Undefined Weak Reference
    __cxa_finalize                            - Undefined Weak Reference
    _clock_init                               - Undefined Weak Reference
    _microlib_exit                            - Undefined Weak Reference
    __Vectors_Size                           0x00000188   Number         0  startup_stm32f40_41xxx.o ABSOLUTE
    __Vectors                                0x08000000   Data           4  startup_stm32f40_41xxx.o(RESET)
    __Vectors_End                            0x08000188   Data           0  startup_stm32f40_41xxx.o(RESET)
    __main                                   0x08000189   Thumb Code     0  entry.o(.ARM.Collect$$$$00000000)
    _main_stk                                0x08000189   Thumb Code     0  entry2.o(.ARM.Collect$$$$00000001)
    _main_scatterload                        0x0800018d   Thumb Code     0  entry5.o(.ARM.Collect$$$$00000004)
    __main_after_scatterload                 0x08000191   Thumb Code     0  entry5.o(.ARM.Collect$$$$00000004)
    _main_clock                              0x08000191   Thumb Code     0  entry7b.o(.ARM.Collect$$$$00000008)
    _main_cpp_init                           0x08000191   Thumb Code     0  entry8b.o(.ARM.Collect$$$$0000000A)
    _main_init                               0x08000191   Thumb Code     0  entry9a.o(.ARM.Collect$$$$0000000B)
    __rt_final_cpp                           0x08000199   Thumb Code     0  entry10a.o(.ARM.Collect$$$$0000000D)
    __rt_final_exit                          0x08000199   Thumb Code     0  entry11a.o(.ARM.Collect$$$$0000000F)
    Reset_Handler                            0x0800019d   Thumb Code     8  startup_stm32f40_41xxx.o(.text)
    ADC_IRQHandler                           0x080001b7   Thumb Code     0  startup_stm32f40_41xxx.o(.text)
    CAN1_RX0_IRQHandler                      0x080001b7   Thumb Code     0  startup_stm32f40_41xxx.o(.text)
    CAN1_RX1_IRQHandler                      0x080001b7   Thumb Code     0  startup_stm32f40_41xxx.o(.text)
    CAN1_SCE_IRQHandler                      0x080001b7   Thumb Code     0  startup_stm32f40_41xxx.o(.text)
    CAN1_TX_IRQHandler                       0x080001b7   Thumb Code     0  startup_stm32f40_41xxx.o(.text)
    CAN2_RX0_IRQHandler                      0x080001b7   Thumb Code     0  startup_stm32f40_41xxx.o(.text)
    CAN2_RX1_IRQHandler                      0x080001b7   Thumb Code     0  startup_stm32f40_41xxx.o(.text)
    CAN2_SCE_IRQHandler                      0x080001b7   Thumb Code     0  startup_stm32f40_41xxx.o(.text)
    CAN2_TX_IRQHandler                       0x080001b7   Thumb Code     0  startup_stm32f40_41xxx.o(.text)
    CRYP_IRQHandler                          0x080001b7   Thumb Code     0  startup_stm32f40_41xxx.o(.text)
    DCMI_IRQHandler                          0x080001b7   Thumb Code     0  startup_stm32f40_41xxx.o(.text)
    DMA1_Stream0_IRQHandler                  0x080001b7   Thumb Code     0  startup_stm32f40_41xxx.o(.text)
    DMA1_Stream1_IRQHandler                  0x080001b7   Thumb Code     0  startup_stm32f40_41xxx.o(.text)
    DMA1_Stream2_IRQHandler                  0x080001b7   Thumb Code     0  startup_stm32f40_41xxx.o(.text)
    DMA1_Stream3_IRQHandler                  0x080001b7   Thumb Code     0  startup_stm32f40_41xxx.o(.text)
    DMA1_Stream4_IRQHandler                  0x080001b7   Thumb Code     0  startup_stm32f40_41xxx.o(.text)
    DMA1_Stream5_IRQHandler                  0x080001b7   Thumb Code     0  startup_stm32f40_41xxx.o(.text)
    DMA1_Stream6_IRQHandler                  0x080001b7   Thumb Code     0  startup_stm32f40_41xxx.o(.text)
    DMA1_Stream7_IRQHandler                  0x080001b7   Thumb Code     0  startup_stm32f40_41xxx.o(.text)
    DMA2_Stream0_IRQHandler                  0x080001b7   Thumb Code     0  startup_stm32f40_41xxx.o(.text)
    DMA2_Stream1_IRQHandler                  0x080001b7   Thumb Code     0  startup_stm32f40_41xxx.o(.text)
    DMA2_Stream2_IRQHandler                  0x080001b7   Thumb Code     0  startup_stm32f40_41xxx.o(.text)
    DMA2_Stream3_IRQHandler                  0x080001b7   Thumb Code     0  startup_stm32f40_41xxx.o(.text)
    DMA2_Stream4_IRQHandler                  0x080001b7   Thumb Code     0  startup_stm32f40_41xxx.o(.text)
    DMA2_Stream5_IRQHandler                  0x080001b7   Thumb Code     0  startup_stm32f40_41xxx.o(.text)
    DMA2_Stream6_IRQHandler                  0x080001b7   Thumb Code     0  startup_stm32f40_41xxx.o(.text)
    DMA2_Stream7_IRQHandler                  0x080001b7   Thumb Code     0  startup_stm32f40_41xxx.o(.text)
    ETH_IRQHandler                           0x080001b7   Thumb Code     0  startup_stm32f40_41xxx.o(.text)
    ETH_WKUP_IRQHandler                      0x080001b7   Thumb Code     0  startup_stm32f40_41xxx.o(.text)
    EXTI0_IRQHandler                         0x080001b7   Thumb Code     0  startup_stm32f40_41xxx.o(.text)
    EXTI15_10_IRQHandler                     0x080001b7   Thumb Code     0  startup_stm32f40_41xxx.o(.text)
    EXTI1_IRQHandler                         0x080001b7   Thumb Code     0  startup_stm32f40_41xxx.o(.text)
    EXTI2_IRQHandler                         0x080001b7   Thumb Code     0  startup_stm32f40_41xxx.o(.text)
    EXTI3_IRQHandler                         0x080001b7   Thumb Code     0  startup_stm32f40_41xxx.o(.text)
    EXTI4_IRQHandler                         0x080001b7   Thumb Code     0  startup_stm32f40_41xxx.o(.text)
    EXTI9_5_IRQHandler                       0x080001b7   Thumb Code     0  startup_stm32f40_41xxx.o(.text)
    FLASH_IRQHandler                         0x080001b7   Thumb Code     0  startup_stm32f40_41xxx.o(.text)
    FPU_IRQHandler                           0x080001b7   Thumb Code     0  startup_stm32f40_41xxx.o(.text)
    FSMC_IRQHandler                          0x080001b7   Thumb Code     0  startup_stm32f40_41xxx.o(.text)
    HASH_RNG_IRQHandler                      0x080001b7   Thumb Code     0  startup_stm32f40_41xxx.o(.text)
    I2C1_ER_IRQHandler                       0x080001b7   Thumb Code     0  startup_stm32f40_41xxx.o(.text)
    I2C1_EV_IRQHandler                       0x080001b7   Thumb Code     0  startup_stm32f40_41xxx.o(.text)
    I2C2_ER_IRQHandler                       0x080001b7   Thumb Code     0  startup_stm32f40_41xxx.o(.text)
    I2C2_EV_IRQHandler                       0x080001b7   Thumb Code     0  startup_stm32f40_41xxx.o(.text)
    I2C3_ER_IRQHandler                       0x080001b7   Thumb Code     0  startup_stm32f40_41xxx.o(.text)
    I2C3_EV_IRQHandler                       0x080001b7   Thumb Code     0  startup_stm32f40_41xxx.o(.text)
    OTG_FS_IRQHandler                        0x080001b7   Thumb Code     0  startup_stm32f40_41xxx.o(.text)
    OTG_FS_WKUP_IRQHandler                   0x080001b7   Thumb Code     0  startup_stm32f40_41xxx.o(.text)
    OTG_HS_EP1_IN_IRQHandler                 0x080001b7   Thumb Code     0  startup_stm32f40_41xxx.o(.text)
    OTG_HS_EP1_OUT_IRQHandler                0x080001b7   Thumb Code     0  startup_stm32f40_41xxx.o(.text)
    OTG_HS_IRQHandler                        0x080001b7   Thumb Code     0  startup_stm32f40_41xxx.o(.text)
    OTG_HS_WKUP_IRQHandler                   0x080001b7   Thumb Code     0  startup_stm32f40_41xxx.o(.text)
    PVD_IRQHandler                           0x080001b7   Thumb Code     0  startup_stm32f40_41xxx.o(.text)
    RCC_IRQHandler                           0x080001b7   Thumb Code     0  startup_stm32f40_41xxx.o(.text)
    RTC_Alarm_IRQHandler                     0x080001b7   Thumb Code     0  startup_stm32f40_41xxx.o(.text)
    RTC_WKUP_IRQHandler                      0x080001b7   Thumb Code     0  startup_stm32f40_41xxx.o(.text)
    SDIO_IRQHandler                          0x080001b7   Thumb Code     0  startup_stm32f40_41xxx.o(.text)
    SPI1_IRQHandler                          0x080001b7   Thumb Code     0  startup_stm32f40_41xxx.o(.text)
    SPI2_IRQHandler                          0x080001b7   Thumb Code     0  startup_stm32f40_41xxx.o(.text)
    SPI3_IRQHandler                          0x080001b7   Thumb Code     0  startup_stm32f40_41xxx.o(.text)
    TAMP_STAMP_IRQHandler                    0x080001b7   Thumb Code     0  startup_stm32f40_41xxx.o(.text)
    TIM1_BRK_TIM9_IRQHandler                 0x080001b7   Thumb Code     0  startup_stm32f40_41xxx.o(.text)
    TIM1_CC_IRQHandler                       0x080001b7   Thumb Code     0  startup_stm32f40_41xxx.o(.text)
    TIM1_TRG_COM_TIM11_IRQHandler            0x080001b7   Thumb Code     0  startup_stm32f40_41xxx.o(.text)
    TIM1_UP_TIM10_IRQHandler                 0x080001b7   Thumb Code     0  startup_stm32f40_41xxx.o(.text)
    TIM3_IRQHandler                          0x080001b7   Thumb Code     0  startup_stm32f40_41xxx.o(.text)
    TIM4_IRQHandler                          0x080001b7   Thumb Code     0  startup_stm32f40_41xxx.o(.text)
    TIM5_IRQHandler                          0x080001b7   Thumb Code     0  startup_stm32f40_41xxx.o(.text)
    TIM6_DAC_IRQHandler                      0x080001b7   Thumb Code     0  startup_stm32f40_41xxx.o(.text)
    TIM7_IRQHandler                          0x080001b7   Thumb Code     0  startup_stm32f40_41xxx.o(.text)
    TIM8_BRK_TIM12_IRQHandler                0x080001b7   Thumb Code     0  startup_stm32f40_41xxx.o(.text)
    TIM8_CC_IRQHandler                       0x080001b7   Thumb Code     0  startup_stm32f40_41xxx.o(.text)
    TIM8_TRG_COM_TIM14_IRQHandler            0x080001b7   Thumb Code     0  startup_stm32f40_41xxx.o(.text)
    TIM8_UP_TIM13_IRQHandler                 0x080001b7   Thumb Code     0  startup_stm32f40_41xxx.o(.text)
    UART4_IRQHandler                         0x080001b7   Thumb Code     0  startup_stm32f40_41xxx.o(.text)
    UART5_IRQHandler                         0x080001b7   Thumb Code     0  startup_stm32f40_41xxx.o(.text)
    USART6_IRQHandler                        0x080001b7   Thumb Code     0  startup_stm32f40_41xxx.o(.text)
    WWDG_IRQHandler                          0x080001b7   Thumb Code     0  startup_stm32f40_41xxx.o(.text)
    __aeabi_memcpy                           0x080001c1   Thumb Code    36  memcpya.o(.text)
    __aeabi_memcpy4                          0x080001c1   Thumb Code     0  memcpya.o(.text)
    __aeabi_memcpy8                          0x080001c1   Thumb Code     0  memcpya.o(.text)
    __aeabi_memset                           0x080001e5   Thumb Code    14  memseta.o(.text)
    __aeabi_memset4                          0x080001e5   Thumb Code     0  memseta.o(.text)
    __aeabi_memset8                          0x080001e5   Thumb Code     0  memseta.o(.text)
    __aeabi_memclr                           0x080001f3   Thumb Code     4  memseta.o(.text)
    __aeabi_memclr4                          0x080001f3   Thumb Code     0  memseta.o(.text)
    __aeabi_memclr8                          0x080001f3   Thumb Code     0  memseta.o(.text)
    _memset$wrapper                          0x080001f7   Thumb Code    18  memseta.o(.text)
    __aeabi_dadd                             0x08000209   Thumb Code   322  dadd.o(.text)
    __aeabi_dsub                             0x0800034b   Thumb Code     6  dadd.o(.text)
    __aeabi_drsub                            0x08000351   Thumb Code     6  dadd.o(.text)
    __aeabi_dmul                             0x08000357   Thumb Code   228  dmul.o(.text)
    __aeabi_ddiv                             0x0800043b   Thumb Code   222  ddiv.o(.text)
    __aeabi_ul2f                             0x08000519   Thumb Code    28  ffltul.o(.text)
    __aeabi_ui2d                             0x08000535   Thumb Code    26  dfltui.o(.text)
    __aeabi_ul2d                             0x0800054f   Thumb Code    24  dfltul.o(.text)
    __aeabi_f2d                              0x08000567   Thumb Code    38  f2d.o(.text)
    __aeabi_d2f                              0x0800058d   Thumb Code    56  d2f.o(.text)
    __aeabi_uidiv                            0x080005c5   Thumb Code     0  uidiv.o(.text)
    __aeabi_uidivmod                         0x080005c5   Thumb Code    44  uidiv.o(.text)
    __aeabi_uldivmod                         0x080005f1   Thumb Code    98  uldiv.o(.text)
    __aeabi_llsl                             0x08000653   Thumb Code    30  llshl.o(.text)
    _ll_shift_l                              0x08000653   Thumb Code     0  llshl.o(.text)
    __aeabi_lasr                             0x08000671   Thumb Code    36  llsshr.o(.text)
    _ll_sshift_r                             0x08000671   Thumb Code     0  llsshr.o(.text)
    __I$use$fp                               0x08000695   Thumb Code     0  iusefp.o(.text)
    _float_round                             0x08000695   Thumb Code    18  fepilogue.o(.text)
    _float_epilogue                          0x080006a7   Thumb Code    92  fepilogue.o(.text)
    _double_round                            0x08000703   Thumb Code    30  depilogue.o(.text)
    _double_epilogue                         0x08000721   Thumb Code   156  depilogue.o(.text)
    _dsqrt                                   0x080007bd   Thumb Code   162  dsqrt.o(.text)
    __aeabi_d2ulz                            0x0800085f   Thumb Code    48  dfixul.o(.text)
    __aeabi_cdrcmple                         0x08000891   Thumb Code    48  cdrcmple.o(.text)
    __scatterload                            0x080008c1   Thumb Code    28  init.o(.text)
    __scatterload_rt2                        0x080008c1   Thumb Code     0  init.o(.text)
    __aeabi_llsr                             0x080008e5   Thumb Code    32  llushr.o(.text)
    _ll_ushift_r                             0x080008e5   Thumb Code     0  llushr.o(.text)
    __decompress                             0x08000905   Thumb Code     0  __dczerorl2.o(.text)
    __decompress1                            0x08000905   Thumb Code    86  __dczerorl2.o(.text)
    ADC_Cmd                                  0x0800095b   Thumb Code    20  stm32f4xx_adc.o(i.ADC_Cmd)
    ADC_CommonInit                           0x08000971   Thumb Code    34  stm32f4xx_adc.o(i.ADC_CommonInit)
    ADC_DMACmd                               0x0800099d   Thumb Code    20  stm32f4xx_adc.o(i.ADC_DMACmd)
    ADC_DMARequestAfterLastTransferCmd       0x080009b1   Thumb Code    20  stm32f4xx_adc.o(i.ADC_DMARequestAfterLastTransferCmd)
    ADC_Init                                 0x080009c5   Thumb Code    66  stm32f4xx_adc.o(i.ADC_Init)
    ADC_RegularChannelConfig                 0x08000a11   Thumb Code   116  stm32f4xx_adc.o(i.ADC_RegularChannelConfig)
    ADC_SoftwareStartConv                    0x08000a85   Thumb Code    10  stm32f4xx_adc.o(i.ADC_SoftwareStartConv)
    ADC_StructInit                           0x08000a8f   Thumb Code    20  stm32f4xx_adc.o(i.ADC_StructInit)
    AD_Init                                  0x08000aa5   Thumb Code   248  ad.o(i.AD_Init)
    BusFault_Handler                         0x08000bb1   Thumb Code     2  stm32f4xx_it.o(i.BusFault_Handler)
    CalcSum1                                 0x08000bb3   Thumb Code    22  im948_cmd.o(i.CalcSum1)
    Cmd_03                                   0x08000bc9   Thumb Code    18  im948_cmd.o(i.Cmd_03)
    Cmd_12                                   0x08000be1   Thumb Code    84  im948_cmd.o(i.Cmd_12)
    Cmd_19                                   0x08000c39   Thumb Code    24  im948_cmd.o(i.Cmd_19)
    Cmd_40                                   0x08000c6d   Thumb Code    22  im948_cmd.o(i.Cmd_40)
    Cmd_GetPkt                               0x08000c89   Thumb Code   176  im948_cmd.o(i.Cmd_GetPkt)
    Cmd_PackAndTx                            0x08000d41   Thumb Code   108  im948_cmd.o(i.Cmd_PackAndTx)
    CopeWitData_user                         0x08001285   Thumb Code     4  wit_c_sdk.o(i.CopeWitData_user)
    DHT11_Check                              0x08001289   Thumb Code    88  dht11.o(i.DHT11_Check)
    DHT11_IO_IN                              0x080012e5   Thumb Code    44  dht11.o(i.DHT11_IO_IN)
    DHT11_IO_OUT                             0x08001315   Thumb Code    48  dht11.o(i.DHT11_IO_OUT)
    DHT11_Init                               0x08001349   Thumb Code    14  dht11.o(i.DHT11_Init)
    DHT11_Read_Bit                           0x08001359   Thumb Code    86  dht11.o(i.DHT11_Read_Bit)
    DHT11_Read_Byte                          0x080013b5   Thumb Code    26  dht11.o(i.DHT11_Read_Byte)
    DHT11_Read_Data                          0x080013cf   Thumb Code    80  dht11.o(i.DHT11_Read_Data)
    DHT11_Rst                                0x08001421   Thumb Code    44  dht11.o(i.DHT11_Rst)
    DHT11_Task                               0x08001451   Thumb Code     8  tasks.o(i.DHT11_Task)
    DMA_Cmd                                  0x0800145d   Thumb Code    20  stm32f4xx_dma.o(i.DMA_Cmd)
    DMA_DeInit                               0x08001471   Thumb Code   272  stm32f4xx_dma.o(i.DMA_DeInit)
    DMA_GetCurrDataCounter                   0x08001595   Thumb Code     6  stm32f4xx_dma.o(i.DMA_GetCurrDataCounter)
    DMA_Init                                 0x0800159d   Thumb Code    80  stm32f4xx_dma.o(i.DMA_Init)
    DebugMon_Handler                         0x080015f1   Thumb Code     2  stm32f4xx_it.o(i.DebugMon_Handler)
    Delay_ms                                 0x080015f3   Thumb Code    22  delay.o(i.Delay_ms)
    Delay_us                                 0x08001609   Thumb Code    36  delay.o(i.Delay_us)
    Delayms                                  0x0800162d   Thumb Code     4  jy901b.o(i.Delayms)
    Fast_Serial_SendSensorPacket             0x08001631   Thumb Code   308  serial.o(i.Fast_Serial_SendSensorPacket)
    GPIO_Init                                0x08001769   Thumb Code   162  stm32f4xx_gpio.o(i.GPIO_Init)
    GPIO_PinAFConfig                         0x0800180b   Thumb Code    32  stm32f4xx_gpio.o(i.GPIO_PinAFConfig)
    GPIO_ReadInputDataBit                    0x0800182b   Thumb Code    14  stm32f4xx_gpio.o(i.GPIO_ReadInputDataBit)
    GPIO_ResetBits                           0x08001839   Thumb Code     6  stm32f4xx_gpio.o(i.GPIO_ResetBits)
    GPIO_SetBits                             0x0800183f   Thumb Code     4  stm32f4xx_gpio.o(i.GPIO_SetBits)
    GPIO_WriteBit                            0x08001843   Thumb Code    10  stm32f4xx_gpio.o(i.GPIO_WriteBit)
    HardFault_Handler                        0x0800184d   Thumb Code     2  stm32f4xx_it.o(i.HardFault_Handler)
    IM948_Init                               0x08001851   Thumb Code    92  im948_cmd.o(i.IM948_Init)
    IM948_Write                              0x08001901   Thumb Code    58  serial.o(i.IM948_Write)
    IM948_process                            0x08001941   Thumb Code    88  im948_cmd.o(i.IM948_process)
    IWDG_Enable                              0x080019b1   Thumb Code    10  stm32f4xx_iwdg.o(i.IWDG_Enable)
    IWDG_ReloadCounter                       0x080019c1   Thumb Code    10  stm32f4xx_iwdg.o(i.IWDG_ReloadCounter)
    IWDG_SetPrescaler                        0x080019d1   Thumb Code     6  stm32f4xx_iwdg.o(i.IWDG_SetPrescaler)
    IWDG_SetReload                           0x080019dd   Thumb Code     6  stm32f4xx_iwdg.o(i.IWDG_SetReload)
    IWDG_WriteAccessCmd                      0x080019e9   Thumb Code     6  stm32f4xx_iwdg.o(i.IWDG_WriteAccessCmd)
    JY901B_GetData                           0x080019f5   Thumb Code   186  jy901b.o(i.JY901B_GetData)
    JY901B_Init                              0x08001ac5   Thumb Code    52  jy901b.o(i.JY901B_Init)
    JY901B_Task                              0x08001b09   Thumb Code    24  tasks.o(i.JY901B_Task)
    JY901B_UartInit                          0x08001b25   Thumb Code   182  jy901b_uart.o(i.JY901B_UartInit)
    JY901B_UartSend                          0x08001be5   Thumb Code    58  jy901b_uart.o(i.JY901B_UartSend)
    JY901B_process                           0x08001c25   Thumb Code   184  jy901b.o(i.JY901B_process)
    LED_Init                                 0x08001ce1   Thumb Code    58  led.o(i.LED_Init)
    MS583703BA_RESET                         0x08001d21   Thumb Code    26  ms5837_i2c.o(i.MS583703BA_RESET)
    MS5837I2C_Init                           0x08001d3d   Thumb Code    66  ms5837_i2c.o(i.MS5837I2C_Init)
    MS5837I2C_R_SDA                          0x08001d85   Thumb Code    22  ms5837_i2c.o(i.MS5837I2C_R_SDA)
    MS5837I2C_ReceiveAck                     0x08001da1   Thumb Code    30  ms5837_i2c.o(i.MS5837I2C_ReceiveAck)
    MS5837I2C_ReceiveByte                    0x08001dbf   Thumb Code    64  ms5837_i2c.o(i.MS5837I2C_ReceiveByte)
    MS5837I2C_SendAck                        0x08001dff   Thumb Code    22  ms5837_i2c.o(i.MS5837I2C_SendAck)
    MS5837I2C_SendByte                       0x08001e15   Thumb Code    46  ms5837_i2c.o(i.MS5837I2C_SendByte)
    MS5837I2C_Start                          0x08001e43   Thumb Code    30  ms5837_i2c.o(i.MS5837I2C_Start)
    MS5837I2C_Stop                           0x08001e61   Thumb Code    24  ms5837_i2c.o(i.MS5837I2C_Stop)
    MS5837I2C_W_SCL                          0x08001e79   Thumb Code    22  ms5837_i2c.o(i.MS5837I2C_W_SCL)
    MS5837I2C_W_SDA                          0x08001e95   Thumb Code    22  ms5837_i2c.o(i.MS5837I2C_W_SDA)
    MS5837_GetDepth_1                        0x08001eb1   Thumb Code    26  ms5837_i2c.o(i.MS5837_GetDepth_1)
    MS5837_GetDepth_2                        0x08001ecd   Thumb Code   170  ms5837_i2c.o(i.MS5837_GetDepth_2)
    MS5837_GetTemp_1                         0x08001f8d   Thumb Code    26  ms5837_i2c.o(i.MS5837_GetTemp_1)
    MS5837_GetTemp_2                         0x08001fa9   Thumb Code   588  ms5837_i2c.o(i.MS5837_GetTemp_2)
    MS5837_Task                              0x08002209   Thumb Code   120  tasks.o(i.MS5837_Task)
    MS5837_init                              0x08002285   Thumb Code   114  ms5837_i2c.o(i.MS5837_init)
    MemManage_Handler                        0x08002301   Thumb Code     2  stm32f4xx_it.o(i.MemManage_Handler)
    Memcpy                                   0x08002303   Thumb Code    26  im948_cmd.o(i.Memcpy)
    Ms5837_read                              0x0800231d   Thumb Code    82  ms5837_i2c.o(i.Ms5837_read)
    NMI_Handler                              0x0800236f   Thumb Code     2  stm32f4xx_it.o(i.NMI_Handler)
    NVIC_Init                                0x08002371   Thumb Code    96  misc.o(i.NVIC_Init)
    NVIC_PriorityGroupConfig                 0x080023d5   Thumb Code    10  misc.o(i.NVIC_PriorityGroupConfig)
    PWM_Init                                 0x080023e9   Thumb Code   506  pwm.o(i.PWM_Init)
    PendSV_Handler                           0x08002601   Thumb Code     2  stm32f4xx_it.o(i.PendSV_Handler)
    RCC_AHB1PeriphClockCmd                   0x08002605   Thumb Code    18  stm32f4xx_rcc.o(i.RCC_AHB1PeriphClockCmd)
    RCC_APB1PeriphClockCmd                   0x0800261d   Thumb Code    18  stm32f4xx_rcc.o(i.RCC_APB1PeriphClockCmd)
    RCC_APB2PeriphClockCmd                   0x08002635   Thumb Code    18  stm32f4xx_rcc.o(i.RCC_APB2PeriphClockCmd)
    RCC_GetClocksFreq                        0x0800264d   Thumb Code   132  stm32f4xx_rcc.o(i.RCC_GetClocksFreq)
    RCC_GetFlagStatus                        0x080026dd   Thumb Code    46  stm32f4xx_rcc.o(i.RCC_GetFlagStatus)
    RCC_LSICmd                               0x08002711   Thumb Code     6  stm32f4xx_rcc.o(i.RCC_LSICmd)
    SVC_Handler                              0x0800271d   Thumb Code     2  stm32f4xx_it.o(i.SVC_Handler)
    SensorDataUpdata                         0x08002721   Thumb Code    72  jy901b.o(i.SensorDataUpdata)
    SensorUartSend                           0x0800276d   Thumb Code     4  jy901b.o(i.SensorUartSend)
    Serial_CRC8                              0x08002771   Thumb Code    50  serial.o(i.Serial_CRC8)
    Serial_Init                              0x080027a5   Thumb Code   164  serial.o(i.Serial_Init)
    Serial_SendArray                         0x08002851   Thumb Code    26  serial.o(i.Serial_SendArray)
    Serial_SendByte                          0x0800286d   Thumb Code    26  serial.o(i.Serial_SendByte)
    Slow_Serial_SendSensorPacket             0x08002941   Thumb Code   136  serial.o(i.Slow_Serial_SendSensorPacket)
    SysTick_Handler                          0x080029cd   Thumb Code     2  stm32f4xx_it.o(i.SysTick_Handler)
    SystemInit                               0x080029d1   Thumb Code    74  system_stm32f4xx.o(i.SystemInit)
    SystemTick_Increment                     0x08002a2d   Thumb Code    10  taskscheduler.o(i.SystemTick_Increment)
    TIM2_IRQHandler                          0x08002a3d   Thumb Code    34  taskscheduler.o(i.TIM2_IRQHandler)
    TIM_ClearFlag                            0x08002a5f   Thumb Code     6  stm32f4xx_tim.o(i.TIM_ClearFlag)
    TIM_ClearITPendingBit                    0x08002a65   Thumb Code     6  stm32f4xx_tim.o(i.TIM_ClearITPendingBit)
    TIM_Cmd                                  0x08002a6b   Thumb Code    20  stm32f4xx_tim.o(i.TIM_Cmd)
    TIM_GetITStatus                          0x08002a7f   Thumb Code    24  stm32f4xx_tim.o(i.TIM_GetITStatus)
    TIM_ITConfig                             0x08002a97   Thumb Code    16  stm32f4xx_tim.o(i.TIM_ITConfig)
    TIM_InternalClockConfig                  0x08002aa7   Thumb Code    10  stm32f4xx_tim.o(i.TIM_InternalClockConfig)
    TIM_OC1Init                              0x08002ab1   Thumb Code    88  stm32f4xx_tim.o(i.TIM_OC1Init)
    TIM_OC1PreloadConfig                     0x08002b11   Thumb Code    12  stm32f4xx_tim.o(i.TIM_OC1PreloadConfig)
    TIM_OC2Init                              0x08002b1d   Thumb Code   120  stm32f4xx_tim.o(i.TIM_OC2Init)
    TIM_OC2PreloadConfig                     0x08002b9d   Thumb Code    20  stm32f4xx_tim.o(i.TIM_OC2PreloadConfig)
    TIM_OC3Init                              0x08002bb1   Thumb Code   116  stm32f4xx_tim.o(i.TIM_OC3Init)
    TIM_OC3PreloadConfig                     0x08002c2d   Thumb Code    12  stm32f4xx_tim.o(i.TIM_OC3PreloadConfig)
    TIM_OC4Init                              0x08002c39   Thumb Code    88  stm32f4xx_tim.o(i.TIM_OC4Init)
    TIM_OC4PreloadConfig                     0x08002c99   Thumb Code    20  stm32f4xx_tim.o(i.TIM_OC4PreloadConfig)
    TIM_OCStructInit                         0x08002cad   Thumb Code    20  stm32f4xx_tim.o(i.TIM_OCStructInit)
    TIM_TimeBaseInit                         0x08002cc1   Thumb Code    96  stm32f4xx_tim.o(i.TIM_TimeBaseInit)
    TaskScheduler_Check                      0x08002d3d   Thumb Code    98  taskscheduler.o(i.TaskScheduler_Check)
    TaskScheduler_Execute                    0x08002da5   Thumb Code    78  taskscheduler.o(i.TaskScheduler_Execute)
    TaskScheduler_Init                       0x08002df9   Thumb Code    40  taskscheduler.o(i.TaskScheduler_Init)
    TaskScheduler_Run                        0x08002e25   Thumb Code    18  taskscheduler.o(i.TaskScheduler_Run)
    Task_DMA_pdata_poll                      0x08002e39   Thumb Code    52  tasks.o(i.Task_DMA_pdata_poll)
    Task_IM948_Process                       0x08002e7d   Thumb Code     4  tasks.o(i.Task_IM948_Process)
    Timer_Init                               0x08002e81   Thumb Code   118  timer.o(i.Timer_Init)
    USART1_DMA_Init                          0x08002ef9   Thumb Code    92  dma.o(i.USART1_DMA_Init)
    USART1_IRQHandler                        0x08002f61   Thumb Code     2  serial.o(i.USART1_IRQHandler)
    USART1_Init                              0x08002f65   Thumb Code   136  serial.o(i.USART1_Init)
    USART2_IRQHandler                        0x08002ff5   Thumb Code    76  jy901b.o(i.USART2_IRQHandler)
    USART3_IRQHandler                        0x0800304d   Thumb Code   178  serial.o(i.USART3_IRQHandler)
    USART_ClearITPendingBit                  0x08003115   Thumb Code    12  stm32f4xx_usart.o(i.USART_ClearITPendingBit)
    USART_Cmd                                0x08003121   Thumb Code    20  stm32f4xx_usart.o(i.USART_Cmd)
    USART_DMACmd                             0x08003135   Thumb Code    16  stm32f4xx_usart.o(i.USART_DMACmd)
    USART_GetFlagStatus                      0x08003145   Thumb Code    14  stm32f4xx_usart.o(i.USART_GetFlagStatus)
    USART_GetITStatus                        0x08003153   Thumb Code    62  stm32f4xx_usart.o(i.USART_GetITStatus)
    USART_ITConfig                           0x08003191   Thumb Code    48  stm32f4xx_usart.o(i.USART_ITConfig)
    USART_Init                               0x080031c1   Thumb Code   164  stm32f4xx_usart.o(i.USART_Init)
    USART_ReceiveData                        0x0800326d   Thumb Code     8  stm32f4xx_usart.o(i.USART_ReceiveData)
    USART_SendData                           0x08003275   Thumb Code     8  stm32f4xx_usart.o(i.USART_SendData)
    Uart_Rece_Task                           0x0800327d   Thumb Code     2  tasks.o(i.Uart_Rece_Task)
    Uart_send_fast_Task                      0x08003281   Thumb Code   426  tasks.o(i.Uart_send_fast_Task)
    Uart_send_slow_Task                      0x0800346d   Thumb Code    84  tasks.o(i.Uart_send_slow_Task)
    UsageFault_Handler                       0x080034cd   Thumb Code     2  stm32f4xx_it.o(i.UsageFault_Handler)
    Voltage_Task                             0x080034d1   Thumb Code    22  tasks.o(i.Voltage_Task)
    Watchdog_Feed                            0x080034ed   Thumb Code     4  watchdog.o(i.Watchdog_Feed)
    Watchdog_Init                            0x080034f1   Thumb Code    52  watchdog.o(i.Watchdog_Init)
    WitDelayMsRegister                       0x08003525   Thumb Code    16  wit_c_sdk.o(i.WitDelayMsRegister)
    WitInit                                  0x08003539   Thumb Code    22  wit_c_sdk.o(i.WitInit)
    WitRegisterCallBack                      0x08003555   Thumb Code    16  wit_c_sdk.o(i.WitRegisterCallBack)
    WitSerialWriteRegister                   0x08003569   Thumb Code    16  wit_c_sdk.o(i.WitSerialWriteRegister)
    __0printf                                0x0800357d   Thumb Code    22  printfa.o(i.__0printf)
    __1printf                                0x0800357d   Thumb Code     0  printfa.o(i.__0printf)
    __2printf                                0x0800357d   Thumb Code     0  printfa.o(i.__0printf)
    __c89printf                              0x0800357d   Thumb Code     0  printfa.o(i.__0printf)
    printf                                   0x0800357d   Thumb Code     0  printfa.o(i.__0printf)
    __hardfp_sqrt                            0x0800359d   Thumb Code   122  sqrt.o(i.__hardfp_sqrt)
    __scatterload_copy                       0x08003617   Thumb Code    14  handlers.o(i.__scatterload_copy)
    __scatterload_null                       0x08003625   Thumb Code     2  handlers.o(i.__scatterload_null)
    __scatterload_zeroinit                   0x08003627   Thumb Code    14  handlers.o(i.__scatterload_zeroinit)
    __set_errno                              0x08003635   Thumb Code     6  errno.o(i.__set_errno)
    current_Getdata                          0x08003ef5   Thumb Code    74  ad.o(i.current_Getdata)
    fputc                                    0x08003f55   Thumb Code    14  serial.o(i.fputc)
    main                                     0x08003f65   Thumb Code    66  main.o(i.main)
    voltage_Getdata                          0x08003fb9   Thumb Code    74  ad.o(i.voltage_Getdata)
    Region$$Table$$Base                      0x080040ac   Number         0  anon$$obj.o(Region$$Table)
    Region$$Table$$Limit                     0x080040cc   Number         0  anon$$obj.o(Region$$Table)
    g_event_im948_received                   0x20000010   Data           1  taskscheduler.o(.data)
    g_event_JY901B_received                  0x20000014   Data           1  taskscheduler.o(.data)
    g_task_flags                             0x20000015   Data           1  taskscheduler.o(.data)
    temperature                              0x200000f4   Data           1  tasks.o(.data)
    humidity                                 0x200000f5   Data           1  tasks.o(.data)
    MS5837_Temp_State                        0x200000f6   Data           1  tasks.o(.data)
    MS5837_Depth_State                       0x200000f7   Data           1  tasks.o(.data)
    MS5837_Temp_Init_Flag                    0x200000f8   Data           1  tasks.o(.data)
    MS6837_Temp_count                        0x200000f9   Data           1  tasks.o(.data)
    Mea_Temp                                 0x200000fc   Data           4  tasks.o(.data)
    Mea_Press                                0x20000100   Data           4  tasks.o(.data)
    Mea_Depth                                0x20000104   Data           4  tasks.o(.data)
    voltage                                  0x20000108   Data           4  tasks.o(.data)
    current                                  0x2000010c   Data           4  tasks.o(.data)
    R_change                                 0x20000110   Data           1  ad.o(.data)
    AD_Value                                 0x20000112   Data           8  ad.o(.data)
    ms5837_flag                              0x20000120   Data           1  ms5837_i2c.o(.data)
    Atmdsphere_Pressure                      0x20000124   Data           4  ms5837_i2c.o(.data)
    Aux                                      0x20000128   Data           4  ms5837_i2c.o(.data)
    D1_Pres                                  0x2000012c   Data           4  ms5837_i2c.o(.data)
    D2_Temp                                  0x20000130   Data           4  ms5837_i2c.o(.data)
    T2                                       0x20000134   Data           4  ms5837_i2c.o(.data)
    OFF2                                     0x20000138   Data           4  ms5837_i2c.o(.data)
    SENS2                                    0x2000013c   Data           4  ms5837_i2c.o(.data)
    OFF_                                     0x20000140   Data           8  ms5837_i2c.o(.data)
    dT                                       0x20000148   Data           8  ms5837_i2c.o(.data)
    Temperature                              0x20000150   Data           8  ms5837_i2c.o(.data)
    SENS                                     0x20000158   Data           8  ms5837_i2c.o(.data)
    s_cDataUpdate                            0x20000160   Data           1  jy901b.o(.data)
    s_cCmd                                   0x20000161   Data           1  jy901b.o(.data)
    isNewData_JY901B                         0x20000165   Data           1  wit_c_sdk.o(.data)
    targetDeviceAddress                      0x2000018c   Data           1  im948_cmd.o(.data)
    IM948_GetNewData                         0x2000018d   Data           1  im948_cmd.o(.data)
    im948_ctl                                0x2000018e   Data           1  im948_cmd.o(.data)
    Accabs_im948                             0x20000194   Data           4  im948_cmd.o(.data)
    Gyroabs_im948                            0x20000198   Data           4  im948_cmd.o(.data)
    Z_quat_im948                             0x2000019c   Data           4  im948_cmd.o(.data)
    Press_im948                              0x200001a0   Data           4  im948_cmd.o(.data)
    AccX_im948                               0x200001a4   Data           4  im948_cmd.o(.data)
    AccY_im948                               0x200001a8   Data           4  im948_cmd.o(.data)
    AccZ_im948                               0x200001ac   Data           4  im948_cmd.o(.data)
    GyroX_im948                              0x200001b0   Data           4  im948_cmd.o(.data)
    GyroY_im948                              0x200001b4   Data           4  im948_cmd.o(.data)
    GyroZ_im948                              0x200001b8   Data           4  im948_cmd.o(.data)
    W_quat_im948                             0x200001bc   Data           4  im948_cmd.o(.data)
    X_quat_im948                             0x200001c0   Data           4  im948_cmd.o(.data)
    Y_quat_im948                             0x200001c4   Data           4  im948_cmd.o(.data)
    Temp_im948                               0x200001c8   Data           4  im948_cmd.o(.data)
    __stdout                                 0x200001cc   Data           4  stdout.o(.data)
    fAcc                                     0x200001d4   Data          12  tasks.o(.bss)
    fGyro                                    0x200001e0   Data          12  tasks.o(.bss)
    fAngle                                   0x200001ec   Data          12  tasks.o(.bss)
    Serial_RxPWM_Control                     0x200001f8   Data          64  serial.o(.bss)
    Serial_SensorData                        0x20000238   Data          50  serial.o(.bss)
    Cal_C                                    0x2000026c   Data          28  ms5837_i2c.o(.bss)
    JY901BFifo                               0x200002ba   Data         103  jy901b.o(.bss)
    sReg                                     0x20000422   Data         288  wit_c_sdk.o(.bss)
    Uart1Fifo                                0x20000590   Data        2054  im948_cmd.o(.bss)
    __initial_sp                             0x20001198   Data           0  startup_stm32f40_41xxx.o(STACK)



==============================================================================

Memory Map of the image

  Image Entry point : 0x08000189

  Load Region LR_IROM1 (Base: 0x08000000, Size: 0x000042a0, Max: 0x00100000, ABSOLUTE, COMPRESSED[0x00004134])

    Execution Region ER_IROM1 (Exec base: 0x08000000, Load base: 0x08000000, Size: 0x000040cc, Max: 0x00100000, ABSOLUTE)

    Exec Addr    Load Addr    Size         Type   Attr      Idx    E Section Name        Object

    0x08000000   0x08000000   0x00000188   Data   RO            3    RESET               startup_stm32f40_41xxx.o
    0x08000188   0x08000188   0x00000000   Code   RO         6983  * .ARM.Collect$$$$00000000  mc_w.l(entry.o)
    0x08000188   0x08000188   0x00000004   Code   RO         7297    .ARM.Collect$$$$00000001  mc_w.l(entry2.o)
    0x0800018c   0x0800018c   0x00000004   Code   RO         7300    .ARM.Collect$$$$00000004  mc_w.l(entry5.o)
    0x08000190   0x08000190   0x00000000   Code   RO         7302    .ARM.Collect$$$$00000008  mc_w.l(entry7b.o)
    0x08000190   0x08000190   0x00000000   Code   RO         7304    .ARM.Collect$$$$0000000A  mc_w.l(entry8b.o)
    0x08000190   0x08000190   0x00000008   Code   RO         7305    .ARM.Collect$$$$0000000B  mc_w.l(entry9a.o)
    0x08000198   0x08000198   0x00000000   Code   RO         7307    .ARM.Collect$$$$0000000D  mc_w.l(entry10a.o)
    0x08000198   0x08000198   0x00000000   Code   RO         7309    .ARM.Collect$$$$0000000F  mc_w.l(entry11a.o)
    0x08000198   0x08000198   0x00000004   Code   RO         7298    .ARM.Collect$$$$00002712  mc_w.l(entry2.o)
    0x0800019c   0x0800019c   0x00000024   Code   RO            4    .text               startup_stm32f40_41xxx.o
    0x080001c0   0x080001c0   0x00000024   Code   RO         6986    .text               mc_w.l(memcpya.o)
    0x080001e4   0x080001e4   0x00000024   Code   RO         6988    .text               mc_w.l(memseta.o)
    0x08000208   0x08000208   0x0000014e   Code   RO         7281    .text               mf_w.l(dadd.o)
    0x08000356   0x08000356   0x000000e4   Code   RO         7283    .text               mf_w.l(dmul.o)
    0x0800043a   0x0800043a   0x000000de   Code   RO         7285    .text               mf_w.l(ddiv.o)
    0x08000518   0x08000518   0x0000001c   Code   RO         7287    .text               mf_w.l(ffltul.o)
    0x08000534   0x08000534   0x0000001a   Code   RO         7289    .text               mf_w.l(dfltui.o)
    0x0800054e   0x0800054e   0x00000018   Code   RO         7291    .text               mf_w.l(dfltul.o)
    0x08000566   0x08000566   0x00000026   Code   RO         7293    .text               mf_w.l(f2d.o)
    0x0800058c   0x0800058c   0x00000038   Code   RO         7295    .text               mf_w.l(d2f.o)
    0x080005c4   0x080005c4   0x0000002c   Code   RO         7312    .text               mc_w.l(uidiv.o)
    0x080005f0   0x080005f0   0x00000062   Code   RO         7314    .text               mc_w.l(uldiv.o)
    0x08000652   0x08000652   0x0000001e   Code   RO         7316    .text               mc_w.l(llshl.o)
    0x08000670   0x08000670   0x00000024   Code   RO         7318    .text               mc_w.l(llsshr.o)
    0x08000694   0x08000694   0x00000000   Code   RO         7329    .text               mc_w.l(iusefp.o)
    0x08000694   0x08000694   0x0000006e   Code   RO         7330    .text               mf_w.l(fepilogue.o)
    0x08000702   0x08000702   0x000000ba   Code   RO         7332    .text               mf_w.l(depilogue.o)
    0x080007bc   0x080007bc   0x000000a2   Code   RO         7334    .text               mf_w.l(dsqrt.o)
    0x0800085e   0x0800085e   0x00000030   Code   RO         7336    .text               mf_w.l(dfixul.o)
    0x0800088e   0x0800088e   0x00000002   PAD
    0x08000890   0x08000890   0x00000030   Code   RO         7340    .text               mf_w.l(cdrcmple.o)
    0x080008c0   0x080008c0   0x00000024   Code   RO         7342    .text               mc_w.l(init.o)
    0x080008e4   0x080008e4   0x00000020   Code   RO         7344    .text               mc_w.l(llushr.o)
    0x08000904   0x08000904   0x00000056   Code   RO         7354    .text               mc_w.l(__dczerorl2.o)
    0x0800095a   0x0800095a   0x00000014   Code   RO          213    i.ADC_Cmd           stm32f4xx_adc.o
    0x0800096e   0x0800096e   0x00000002   PAD
    0x08000970   0x08000970   0x0000002c   Code   RO          214    i.ADC_CommonInit    stm32f4xx_adc.o
    0x0800099c   0x0800099c   0x00000014   Code   RO          217    i.ADC_DMACmd        stm32f4xx_adc.o
    0x080009b0   0x080009b0   0x00000014   Code   RO          218    i.ADC_DMARequestAfterLastTransferCmd  stm32f4xx_adc.o
    0x080009c4   0x080009c4   0x0000004c   Code   RO          233    i.ADC_Init          stm32f4xx_adc.o
    0x08000a10   0x08000a10   0x00000074   Code   RO          238    i.ADC_RegularChannelConfig  stm32f4xx_adc.o
    0x08000a84   0x08000a84   0x0000000a   Code   RO          240    i.ADC_SoftwareStartConv  stm32f4xx_adc.o
    0x08000a8e   0x08000a8e   0x00000014   Code   RO          242    i.ADC_StructInit    stm32f4xx_adc.o
    0x08000aa2   0x08000aa2   0x00000002   PAD
    0x08000aa4   0x08000aa4   0x0000010c   Code   RO         5852    i.AD_Init           ad.o
    0x08000bb0   0x08000bb0   0x00000002   Code   RO         5202    i.BusFault_Handler  stm32f4xx_it.o
    0x08000bb2   0x08000bb2   0x00000016   Code   RO         6626    i.CalcSum1          im948_cmd.o
    0x08000bc8   0x08000bc8   0x00000018   Code   RO         6628    i.Cmd_03            im948_cmd.o
    0x08000be0   0x08000be0   0x00000058   Code   RO         6636    i.Cmd_12            im948_cmd.o
    0x08000c38   0x08000c38   0x00000034   Code   RO         6643    i.Cmd_19            im948_cmd.o
    0x08000c6c   0x08000c6c   0x0000001c   Code   RO         6668    i.Cmd_40            im948_cmd.o
    0x08000c88   0x08000c88   0x000000b8   Code   RO         6678    i.Cmd_GetPkt        im948_cmd.o
    0x08000d40   0x08000d40   0x00000074   Code   RO         6679    i.Cmd_PackAndTx     im948_cmd.o
    0x08000db4   0x08000db4   0x00000414   Code   RO         6680    i.Cmd_RxUnpack      im948_cmd.o
    0x080011c8   0x080011c8   0x000000bc   Code   RO         6355    i.CopeWitData       wit_c_sdk.o
    0x08001284   0x08001284   0x00000004   Code   RO         6356    i.CopeWitData_user  wit_c_sdk.o
    0x08001288   0x08001288   0x0000005c   Code   RO         6010    i.DHT11_Check       dht11.o
    0x080012e4   0x080012e4   0x00000030   Code   RO         6011    i.DHT11_IO_IN       dht11.o
    0x08001314   0x08001314   0x00000034   Code   RO         6012    i.DHT11_IO_OUT      dht11.o
    0x08001348   0x08001348   0x0000000e   Code   RO         6013    i.DHT11_Init        dht11.o
    0x08001356   0x08001356   0x00000002   PAD
    0x08001358   0x08001358   0x0000005c   Code   RO         6014    i.DHT11_Read_Bit    dht11.o
    0x080013b4   0x080013b4   0x0000001a   Code   RO         6015    i.DHT11_Read_Byte   dht11.o
    0x080013ce   0x080013ce   0x00000050   Code   RO         6016    i.DHT11_Read_Data   dht11.o
    0x0800141e   0x0800141e   0x00000002   PAD
    0x08001420   0x08001420   0x00000030   Code   RO         6017    i.DHT11_Rst         dht11.o
    0x08001450   0x08001450   0x0000000c   Code   RO         5369    i.DHT11_Task        tasks.o
    0x0800145c   0x0800145c   0x00000014   Code   RO         1234    i.DMA_Cmd           stm32f4xx_dma.o
    0x08001470   0x08001470   0x00000124   Code   RO         1235    i.DMA_DeInit        stm32f4xx_dma.o
    0x08001594   0x08001594   0x00000006   Code   RO         1240    i.DMA_GetCurrDataCounter  stm32f4xx_dma.o
    0x0800159a   0x0800159a   0x00000002   PAD
    0x0800159c   0x0800159c   0x00000054   Code   RO         1246    i.DMA_Init          stm32f4xx_dma.o
    0x080015f0   0x080015f0   0x00000002   Code   RO         5203    i.DebugMon_Handler  stm32f4xx_it.o
    0x080015f2   0x080015f2   0x00000016   Code   RO         5457    i.Delay_ms          delay.o
    0x08001608   0x08001608   0x00000024   Code   RO         5459    i.Delay_us          delay.o
    0x0800162c   0x0800162c   0x00000004   Code   RO         6223    i.Delayms           jy901b.o
    0x08001630   0x08001630   0x00000138   Code   RO         5571    i.Fast_Serial_SendSensorPacket  serial.o
    0x08001768   0x08001768   0x000000a2   Code   RO         1899    i.GPIO_Init         stm32f4xx_gpio.o
    0x0800180a   0x0800180a   0x00000020   Code   RO         1900    i.GPIO_PinAFConfig  stm32f4xx_gpio.o
    0x0800182a   0x0800182a   0x0000000e   Code   RO         1903    i.GPIO_ReadInputDataBit  stm32f4xx_gpio.o
    0x08001838   0x08001838   0x00000006   Code   RO         1906    i.GPIO_ResetBits    stm32f4xx_gpio.o
    0x0800183e   0x0800183e   0x00000004   Code   RO         1907    i.GPIO_SetBits      stm32f4xx_gpio.o
    0x08001842   0x08001842   0x0000000a   Code   RO         1911    i.GPIO_WriteBit     stm32f4xx_gpio.o
    0x0800184c   0x0800184c   0x00000002   Code   RO         5204    i.HardFault_Handler  stm32f4xx_it.o
    0x0800184e   0x0800184e   0x00000002   PAD
    0x08001850   0x08001850   0x000000b0   Code   RO         6681    i.IM948_Init        im948_cmd.o
    0x08001900   0x08001900   0x00000040   Code   RO         5572    i.IM948_Write       serial.o
    0x08001940   0x08001940   0x00000070   Code   RO         6682    i.IM948_process     im948_cmd.o
    0x080019b0   0x080019b0   0x00000010   Code   RO         2414    i.IWDG_Enable       stm32f4xx_iwdg.o
    0x080019c0   0x080019c0   0x00000010   Code   RO         2416    i.IWDG_ReloadCounter  stm32f4xx_iwdg.o
    0x080019d0   0x080019d0   0x0000000c   Code   RO         2417    i.IWDG_SetPrescaler  stm32f4xx_iwdg.o
    0x080019dc   0x080019dc   0x0000000c   Code   RO         2418    i.IWDG_SetReload    stm32f4xx_iwdg.o
    0x080019e8   0x080019e8   0x0000000c   Code   RO         2419    i.IWDG_WriteAccessCmd  stm32f4xx_iwdg.o
    0x080019f4   0x080019f4   0x000000d0   Code   RO         6224    i.JY901B_GetData    jy901b.o
    0x08001ac4   0x08001ac4   0x00000044   Code   RO         6225    i.JY901B_Init       jy901b.o
    0x08001b08   0x08001b08   0x0000001c   Code   RO         5370    i.JY901B_Task       tasks.o
    0x08001b24   0x08001b24   0x000000c0   Code   RO         6327    i.JY901B_UartInit   jy901b_uart.o
    0x08001be4   0x08001be4   0x00000040   Code   RO         6328    i.JY901B_UartSend   jy901b_uart.o
    0x08001c24   0x08001c24   0x000000bc   Code   RO         6226    i.JY901B_process    jy901b.o
    0x08001ce0   0x08001ce0   0x00000040   Code   RO         5532    i.LED_Init          led.o
    0x08001d20   0x08001d20   0x0000001a   Code   RO         6079    i.MS583703BA_RESET  ms5837_i2c.o
    0x08001d3a   0x08001d3a   0x00000002   PAD
    0x08001d3c   0x08001d3c   0x00000048   Code   RO         6081    i.MS5837I2C_Init    ms5837_i2c.o
    0x08001d84   0x08001d84   0x0000001c   Code   RO         6082    i.MS5837I2C_R_SDA   ms5837_i2c.o
    0x08001da0   0x08001da0   0x0000001e   Code   RO         6083    i.MS5837I2C_ReceiveAck  ms5837_i2c.o
    0x08001dbe   0x08001dbe   0x00000040   Code   RO         6084    i.MS5837I2C_ReceiveByte  ms5837_i2c.o
    0x08001dfe   0x08001dfe   0x00000016   Code   RO         6085    i.MS5837I2C_SendAck  ms5837_i2c.o
    0x08001e14   0x08001e14   0x0000002e   Code   RO         6086    i.MS5837I2C_SendByte  ms5837_i2c.o
    0x08001e42   0x08001e42   0x0000001e   Code   RO         6087    i.MS5837I2C_Start   ms5837_i2c.o
    0x08001e60   0x08001e60   0x00000018   Code   RO         6088    i.MS5837I2C_Stop    ms5837_i2c.o
    0x08001e78   0x08001e78   0x0000001c   Code   RO         6089    i.MS5837I2C_W_SCL   ms5837_i2c.o
    0x08001e94   0x08001e94   0x0000001c   Code   RO         6090    i.MS5837I2C_W_SDA   ms5837_i2c.o
    0x08001eb0   0x08001eb0   0x0000001a   Code   RO         6091    i.MS5837_GetDepth_1  ms5837_i2c.o
    0x08001eca   0x08001eca   0x00000002   PAD
    0x08001ecc   0x08001ecc   0x000000c0   Code   RO         6092    i.MS5837_GetDepth_2  ms5837_i2c.o
    0x08001f8c   0x08001f8c   0x0000001a   Code   RO         6093    i.MS5837_GetTemp_1  ms5837_i2c.o
    0x08001fa6   0x08001fa6   0x00000002   PAD
    0x08001fa8   0x08001fa8   0x00000260   Code   RO         6094    i.MS5837_GetTemp_2  ms5837_i2c.o
    0x08002208   0x08002208   0x0000007c   Code   RO         5371    i.MS5837_Task       tasks.o
    0x08002284   0x08002284   0x0000007c   Code   RO         6096    i.MS5837_init       ms5837_i2c.o
    0x08002300   0x08002300   0x00000002   Code   RO         5205    i.MemManage_Handler  stm32f4xx_it.o
    0x08002302   0x08002302   0x0000001a   Code   RO         6683    i.Memcpy            im948_cmd.o
    0x0800231c   0x0800231c   0x00000052   Code   RO         6098    i.Ms5837_read       ms5837_i2c.o
    0x0800236e   0x0800236e   0x00000002   Code   RO         5206    i.NMI_Handler       stm32f4xx_it.o
    0x08002370   0x08002370   0x00000064   Code   RO          155    i.NVIC_Init         misc.o
    0x080023d4   0x080023d4   0x00000014   Code   RO          156    i.NVIC_PriorityGroupConfig  misc.o
    0x080023e8   0x080023e8   0x00000218   Code   RO         6586    i.PWM_Init          pwm.o
    0x08002600   0x08002600   0x00000002   Code   RO         5207    i.PendSV_Handler    stm32f4xx_it.o
    0x08002602   0x08002602   0x00000002   PAD
    0x08002604   0x08002604   0x00000018   Code   RO         2825    i.RCC_AHB1PeriphClockCmd  stm32f4xx_rcc.o
    0x0800261c   0x0800261c   0x00000018   Code   RO         2834    i.RCC_APB1PeriphClockCmd  stm32f4xx_rcc.o
    0x08002634   0x08002634   0x00000018   Code   RO         2837    i.RCC_APB2PeriphClockCmd  stm32f4xx_rcc.o
    0x0800264c   0x0800264c   0x00000090   Code   RO         2846    i.RCC_GetClocksFreq  stm32f4xx_rcc.o
    0x080026dc   0x080026dc   0x00000034   Code   RO         2847    i.RCC_GetFlagStatus  stm32f4xx_rcc.o
    0x08002710   0x08002710   0x0000000c   Code   RO         2857    i.RCC_LSICmd        stm32f4xx_rcc.o
    0x0800271c   0x0800271c   0x00000002   Code   RO         5208    i.SVC_Handler       stm32f4xx_it.o
    0x0800271e   0x0800271e   0x00000002   PAD
    0x08002720   0x08002720   0x0000004c   Code   RO         6227    i.SensorDataUpdata  jy901b.o
    0x0800276c   0x0800276c   0x00000004   Code   RO         6228    i.SensorUartSend    jy901b.o
    0x08002770   0x08002770   0x00000032   Code   RO         5573    i.Serial_CRC8       serial.o
    0x080027a2   0x080027a2   0x00000002   PAD
    0x080027a4   0x080027a4   0x000000ac   Code   RO         5576    i.Serial_Init       serial.o
    0x08002850   0x08002850   0x0000001a   Code   RO         5579    i.Serial_SendArray  serial.o
    0x0800286a   0x0800286a   0x00000002   PAD
    0x0800286c   0x0800286c   0x00000020   Code   RO         5580    i.Serial_SendByte   serial.o
    0x0800288c   0x0800288c   0x000000b4   Code   RO           13    i.SetSysClock       system_stm32f4xx.o
    0x08002940   0x08002940   0x0000008c   Code   RO         5585    i.Slow_Serial_SendSensorPacket  serial.o
    0x080029cc   0x080029cc   0x00000002   Code   RO         5209    i.SysTick_Handler   stm32f4xx_it.o
    0x080029ce   0x080029ce   0x00000002   PAD
    0x080029d0   0x080029d0   0x0000005c   Code   RO           15    i.SystemInit        system_stm32f4xx.o
    0x08002a2c   0x08002a2c   0x00000010   Code   RO         5281    i.SystemTick_Increment  taskscheduler.o
    0x08002a3c   0x08002a3c   0x00000022   Code   RO         5282    i.TIM2_IRQHandler   taskscheduler.o
    0x08002a5e   0x08002a5e   0x00000006   Code   RO         4213    i.TIM_ClearFlag     stm32f4xx_tim.o
    0x08002a64   0x08002a64   0x00000006   Code   RO         4214    i.TIM_ClearITPendingBit  stm32f4xx_tim.o
    0x08002a6a   0x08002a6a   0x00000014   Code   RO         4219    i.TIM_Cmd           stm32f4xx_tim.o
    0x08002a7e   0x08002a7e   0x00000018   Code   RO         4240    i.TIM_GetITStatus   stm32f4xx_tim.o
    0x08002a96   0x08002a96   0x00000010   Code   RO         4244    i.TIM_ITConfig      stm32f4xx_tim.o
    0x08002aa6   0x08002aa6   0x0000000a   Code   RO         4246    i.TIM_InternalClockConfig  stm32f4xx_tim.o
    0x08002ab0   0x08002ab0   0x00000060   Code   RO         4248    i.TIM_OC1Init       stm32f4xx_tim.o
    0x08002b10   0x08002b10   0x0000000c   Code   RO         4251    i.TIM_OC1PreloadConfig  stm32f4xx_tim.o
    0x08002b1c   0x08002b1c   0x00000080   Code   RO         4253    i.TIM_OC2Init       stm32f4xx_tim.o
    0x08002b9c   0x08002b9c   0x00000014   Code   RO         4256    i.TIM_OC2PreloadConfig  stm32f4xx_tim.o
    0x08002bb0   0x08002bb0   0x0000007c   Code   RO         4258    i.TIM_OC3Init       stm32f4xx_tim.o
    0x08002c2c   0x08002c2c   0x0000000c   Code   RO         4261    i.TIM_OC3PreloadConfig  stm32f4xx_tim.o
    0x08002c38   0x08002c38   0x00000060   Code   RO         4263    i.TIM_OC4Init       stm32f4xx_tim.o
    0x08002c98   0x08002c98   0x00000014   Code   RO         4265    i.TIM_OC4PreloadConfig  stm32f4xx_tim.o
    0x08002cac   0x08002cac   0x00000014   Code   RO         4266    i.TIM_OCStructInit  stm32f4xx_tim.o
    0x08002cc0   0x08002cc0   0x0000007c   Code   RO         4291    i.TIM_TimeBaseInit  stm32f4xx_tim.o
    0x08002d3c   0x08002d3c   0x00000068   Code   RO         5283    i.TaskScheduler_Check  taskscheduler.o
    0x08002da4   0x08002da4   0x00000054   Code   RO         5284    i.TaskScheduler_Execute  taskscheduler.o
    0x08002df8   0x08002df8   0x0000002c   Code   RO         5285    i.TaskScheduler_Init  taskscheduler.o
    0x08002e24   0x08002e24   0x00000012   Code   RO         5286    i.TaskScheduler_Run  taskscheduler.o
    0x08002e36   0x08002e36   0x00000002   PAD
    0x08002e38   0x08002e38   0x00000044   Code   RO         5372    i.Task_DMA_pdata_poll  tasks.o
    0x08002e7c   0x08002e7c   0x00000004   Code   RO         5373    i.Task_IM948_Process  tasks.o
    0x08002e80   0x08002e80   0x00000076   Code   RO         5495    i.Timer_Init        timer.o
    0x08002ef6   0x08002ef6   0x00000002   PAD
    0x08002ef8   0x08002ef8   0x00000068   Code   RO         5980    i.USART1_DMA_Init   dma.o
    0x08002f60   0x08002f60   0x00000002   Code   RO         5586    i.USART1_IRQHandler  serial.o
    0x08002f62   0x08002f62   0x00000002   PAD
    0x08002f64   0x08002f64   0x00000090   Code   RO         5587    i.USART1_Init       serial.o
    0x08002ff4   0x08002ff4   0x00000058   Code   RO         6230    i.USART2_IRQHandler  jy901b.o
    0x0800304c   0x0800304c   0x000000c8   Code   RO         5589    i.USART3_IRQHandler  serial.o
    0x08003114   0x08003114   0x0000000c   Code   RO         4757    i.USART_ClearITPendingBit  stm32f4xx_usart.o
    0x08003120   0x08003120   0x00000014   Code   RO         4760    i.USART_Cmd         stm32f4xx_usart.o
    0x08003134   0x08003134   0x00000010   Code   RO         4761    i.USART_DMACmd      stm32f4xx_usart.o
    0x08003144   0x08003144   0x0000000e   Code   RO         4763    i.USART_GetFlagStatus  stm32f4xx_usart.o
    0x08003152   0x08003152   0x0000003e   Code   RO         4764    i.USART_GetITStatus  stm32f4xx_usart.o
    0x08003190   0x08003190   0x00000030   Code   RO         4766    i.USART_ITConfig    stm32f4xx_usart.o
    0x080031c0   0x080031c0   0x000000ac   Code   RO         4767    i.USART_Init        stm32f4xx_usart.o
    0x0800326c   0x0800326c   0x00000008   Code   RO         4774    i.USART_ReceiveData  stm32f4xx_usart.o
    0x08003274   0x08003274   0x00000008   Code   RO         4777    i.USART_SendData    stm32f4xx_usart.o
    0x0800327c   0x0800327c   0x00000002   Code   RO         5374    i.Uart_Rece_Task    tasks.o
    0x0800327e   0x0800327e   0x00000002   PAD
    0x08003280   0x08003280   0x000001ec   Code   RO         5375    i.Uart_send_fast_Task  tasks.o
    0x0800346c   0x0800346c   0x00000060   Code   RO         5376    i.Uart_send_slow_Task  tasks.o
    0x080034cc   0x080034cc   0x00000002   Code   RO         5210    i.UsageFault_Handler  stm32f4xx_it.o
    0x080034ce   0x080034ce   0x00000002   PAD
    0x080034d0   0x080034d0   0x0000001c   Code   RO         5377    i.Voltage_Task      tasks.o
    0x080034ec   0x080034ec   0x00000004   Code   RO         5891    i.Watchdog_Feed     watchdog.o
    0x080034f0   0x080034f0   0x00000034   Code   RO         5892    i.Watchdog_Init     watchdog.o
    0x08003524   0x08003524   0x00000014   Code   RO         6361    i.WitDelayMsRegister  wit_c_sdk.o
    0x08003538   0x08003538   0x0000001c   Code   RO         6363    i.WitInit           wit_c_sdk.o
    0x08003554   0x08003554   0x00000014   Code   RO         6365    i.WitRegisterCallBack  wit_c_sdk.o
    0x08003568   0x08003568   0x00000014   Code   RO         6368    i.WitSerialWriteRegister  wit_c_sdk.o
    0x0800357c   0x0800357c   0x00000020   Code   RO         7225    i.__0printf         mc_w.l(printfa.o)
    0x0800359c   0x0800359c   0x0000007a   Code   RO         6971    i.__hardfp_sqrt     m_wm.l(sqrt.o)
    0x08003616   0x08003616   0x0000000e   Code   RO         7348    i.__scatterload_copy  mc_w.l(handlers.o)
    0x08003624   0x08003624   0x00000002   Code   RO         7349    i.__scatterload_null  mc_w.l(handlers.o)
    0x08003626   0x08003626   0x0000000e   Code   RO         7350    i.__scatterload_zeroinit  mc_w.l(handlers.o)
    0x08003634   0x08003634   0x0000000c   Code   RO         7324    i.__set_errno       mc_w.l(errno.o)
    0x08003640   0x08003640   0x00000184   Code   RO         7232    i._fp_digits        mc_w.l(printfa.o)
    0x080037c4   0x080037c4   0x000006dc   Code   RO         7233    i._printf_core      mc_w.l(printfa.o)
    0x08003ea0   0x08003ea0   0x00000024   Code   RO         7234    i._printf_post_padding  mc_w.l(printfa.o)
    0x08003ec4   0x08003ec4   0x0000002e   Code   RO         7235    i._printf_pre_padding  mc_w.l(printfa.o)
    0x08003ef2   0x08003ef2   0x00000002   PAD
    0x08003ef4   0x08003ef4   0x00000060   Code   RO         5853    i.current_Getdata   ad.o
    0x08003f54   0x08003f54   0x0000000e   Code   RO         5590    i.fputc             serial.o
    0x08003f62   0x08003f62   0x00000002   PAD
    0x08003f64   0x08003f64   0x00000054   Code   RO         5014    i.main              main.o
    0x08003fb8   0x08003fb8   0x00000060   Code   RO         5854    i.voltage_Getdata   ad.o
    0x08004018   0x08004018   0x00000093   Data   RO         6686    .constdata          im948_cmd.o
    0x080040ab   0x080040ab   0x00000001   PAD
    0x080040ac   0x080040ac   0x00000020   Data   RO         7346    Region$$Table       anon$$obj.o


    Execution Region RW_IRAM1 (Exec base: 0x20000000, Load base: 0x080040cc, Size: 0x00001198, Max: 0x00020000, ABSOLUTE, COMPRESSED[0x00000068])

    Exec Addr    Load Addr    Size         Type   Attr      Idx    E Section Name        Object

    0x20000000   COMPRESSED   0x00000010   Data   RW         2878    .data               stm32f4xx_rcc.o
    0x20000010   COMPRESSED   0x00000001   Data   RW         5289    .data               taskscheduler.o
    0x20000011   COMPRESSED   0x00000003   PAD
    0x20000014   COMPRESSED   0x000000e0   Data   RW         5290    .data               taskscheduler.o
    0x200000f4   COMPRESSED   0x0000001c   Data   RW         5379    .data               tasks.o
    0x20000110   COMPRESSED   0x0000000a   Data   RW         5855    .data               ad.o
    0x2000011a   COMPRESSED   0x00000006   PAD
    0x20000120   COMPRESSED   0x00000040   Data   RW         6100    .data               ms5837_i2c.o
    0x20000160   COMPRESSED   0x00000003   Data   RW         6234    .data               jy901b.o
    0x20000163   COMPRESSED   0x00000001   PAD
    0x20000164   COMPRESSED   0x00000028   Data   RW         6383    .data               wit_c_sdk.o
    0x2000018c   COMPRESSED   0x00000040   Data   RW         6687    .data               im948_cmd.o
    0x200001cc   COMPRESSED   0x00000004   Data   RW         7311    .data               mc_w.l(stdout.o)
    0x200001d0   COMPRESSED   0x00000004   Data   RW         7325    .data               mc_w.l(errno.o)
    0x200001d4        -       0x00000024   Zero   RW         5378    .bss                tasks.o
    0x200001f8        -       0x00000072   Zero   RW         5591    .bss                serial.o
    0x2000026a   COMPRESSED   0x00000002   PAD
    0x2000026c        -       0x0000001c   Zero   RW         6099    .bss                ms5837_i2c.o
    0x20000288        -       0x00000099   Zero   RW         6231    .bss                jy901b.o
    0x20000321   COMPRESSED   0x00000001   PAD
    0x20000322        -       0x00000220   Zero   RW         6381    .bss                wit_c_sdk.o
    0x20000542        -       0x00000854   Zero   RW         6685    .bss                im948_cmd.o
    0x20000d96   COMPRESSED   0x00000002   PAD
    0x20000d98        -       0x00000400   Zero   RW            1    STACK               startup_stm32f40_41xxx.o


==============================================================================

Image component sizes


      Code (inc. data)   RO Data    RW Data    ZI Data      Debug   Object Name

       460         64          0         10          0       2610   ad.o
        58          0          0          0          0       1402   delay.o
       452         22          0          0          0       5279   dht11.o
       104         12          0          0          0        582   dma.o
      1872        272        147         64       2132      11272   im948_cmd.o
       636         58          0          3        153       6919   jy901b.o
       256         16          0          0          0       1556   jy901b_uart.o
        64          6          0          0          0        543   led.o
        84         18          0          0          0     285255   main.o
       120         14          0          0          0       1751   misc.o
      1456         76          0         64         28      11677   ms5837_i2c.o
       536         30          0          0          0        875   pwm.o
      1156         58          0          0        114      11626   serial.o
        36          8        392          0       1024        984   startup_stm32f40_41xxx.o
       326         20          0          0          0       6752   stm32f4xx_adc.o
       402         24          0          0          0       4279   stm32f4xx_dma.o
       228          0          0          0          0       4691   stm32f4xx_gpio.o
        18          0          0          0          0       4290   stm32f4xx_it.o
        68         30          0          0          0       2930   stm32f4xx_iwdg.o
       280         42          0         16          0       6592   stm32f4xx_rcc.o
       734         60          0          0          0      12822   stm32f4xx_tim.o
       360          8          0          0          0       7510   stm32f4xx_usart.o
       272         36          0          0          0     320217   system_stm32f4xx.o
       854        112          0         28         36       5663   tasks.o
       300         22          0        225          0       5458   taskscheduler.o
       118          0          0          0          0        621   timer.o
        56          0          0          0          0       1012   watchdog.o
       280         44          0         40        544       6490   wit_c_sdk.o

    ----------------------------------------------------------------------
     11626       1052        572        460       4036     731658   Object Totals
         0          0         32          0          0          0   (incl. Generated)
        40          0          1         10          5          0   (incl. Padding)

    ----------------------------------------------------------------------

      Code (inc. data)   RO Data    RW Data    ZI Data      Debug   Library Member Name

       122          0          0          0          0        148   sqrt.o
        86          0          0          0          0          0   __dczerorl2.o
         0          0          0          0          0          0   entry.o
         0          0          0          0          0          0   entry10a.o
         0          0          0          0          0          0   entry11a.o
         8          4          0          0          0          0   entry2.o
         4          0          0          0          0          0   entry5.o
         0          0          0          0          0          0   entry7b.o
         0          0          0          0          0          0   entry8b.o
         8          4          0          0          0          0   entry9a.o
        12          6          0          4          0         68   errno.o
        30          0          0          0          0          0   handlers.o
        36          8          0          0          0         68   init.o
         0          0          0          0          0          0   iusefp.o
        30          0          0          0          0         68   llshl.o
        36          0          0          0          0         68   llsshr.o
        32          0          0          0          0         68   llushr.o
        36          0          0          0          0         68   memcpya.o
        36          0          0          0          0        108   memseta.o
      2258         90          0          0          0        452   printfa.o
         0          0          0          4          0          0   stdout.o
        44          0          0          0          0         80   uidiv.o
        98          0          0          0          0         92   uldiv.o
        48          0          0          0          0         68   cdrcmple.o
        56          0          0          0          0         88   d2f.o
       334          0          0          0          0        148   dadd.o
       222          0          0          0          0        100   ddiv.o
       186          0          0          0          0        176   depilogue.o
        48          0          0          0          0         68   dfixul.o
        26          0          0          0          0         76   dfltui.o
        24          0          0          0          0         76   dfltul.o
       228          0          0          0          0         96   dmul.o
       162          0          0          0          0        100   dsqrt.o
        38          0          0          0          0         68   f2d.o
       110          0          0          0          0        168   fepilogue.o
        28          0          0          0          0         84   ffltul.o

    ----------------------------------------------------------------------
      4390        112          0          8          0       2604   Library Totals
         4          0          0          0          0          0   (incl. Padding)

    ----------------------------------------------------------------------

      Code (inc. data)   RO Data    RW Data    ZI Data      Debug   Library Name

       122          0          0          0          0        148   m_wm.l
      2754        112          0          8          0       1140   mc_w.l
      1510          0          0          0          0       1316   mf_w.l

    ----------------------------------------------------------------------
      4390        112          0          8          0       2604   Library Totals

    ----------------------------------------------------------------------

==============================================================================


      Code (inc. data)   RO Data    RW Data    ZI Data      Debug   

     16016       1164        572        468       4036     718398   Grand Totals
     16016       1164        572        104       4036     718398   ELF Image Totals (compressed)
     16016       1164        572        104          0          0   ROM Totals

==============================================================================

    Total RO  Size (Code + RO Data)                16588 (  16.20kB)
    Total RW  Size (RW Data + ZI Data)              4504 (   4.40kB)
    Total ROM Size (Code + RO Data + RW Data)      16692 (  16.30kB)

==============================================================================

