Component: ARM Compiler 5.06 update 5 (build 528) Tool: armlink [4d35e2]

==============================================================================

Section Cross References

    startup_stm32f40_41xxx.o(RESET) refers to startup_stm32f40_41xxx.o(STACK) for __initial_sp
    startup_stm32f40_41xxx.o(RESET) refers to startup_stm32f40_41xxx.o(.text) for Reset_Handler
    startup_stm32f40_41xxx.o(RESET) refers to stm32f4xx_it.o(i.NMI_Handler) for NMI_Handler
    startup_stm32f40_41xxx.o(RESET) refers to stm32f4xx_it.o(i.HardFault_Handler) for HardFault_Handler
    startup_stm32f40_41xxx.o(RESET) refers to stm32f4xx_it.o(i.MemManage_Handler) for MemManage_Handler
    startup_stm32f40_41xxx.o(RESET) refers to stm32f4xx_it.o(i.BusFault_Handler) for BusFault_Handler
    startup_stm32f40_41xxx.o(RESET) refers to stm32f4xx_it.o(i.UsageFault_Handler) for UsageFault_Handler
    startup_stm32f40_41xxx.o(RESET) refers to stm32f4xx_it.o(i.SVC_Handler) for SVC_Handler
    startup_stm32f40_41xxx.o(RESET) refers to stm32f4xx_it.o(i.DebugMon_Handler) for DebugMon_Handler
    startup_stm32f40_41xxx.o(RESET) refers to stm32f4xx_it.o(i.PendSV_Handler) for PendSV_Handler
    startup_stm32f40_41xxx.o(RESET) refers to stm32f4xx_it.o(i.SysTick_Handler) for SysTick_Handler
    startup_stm32f40_41xxx.o(RESET) refers to taskscheduler.o(i.TIM2_IRQHandler) for TIM2_IRQHandler
    startup_stm32f40_41xxx.o(RESET) refers to serial.o(i.USART1_IRQHandler) for USART1_IRQHandler
    startup_stm32f40_41xxx.o(RESET) refers to jy901b.o(i.USART2_IRQHandler) for USART2_IRQHandler
    startup_stm32f40_41xxx.o(RESET) refers to serial.o(i.USART3_IRQHandler) for USART3_IRQHandler
    startup_stm32f40_41xxx.o(RESET) refers to serial.o(i.TIM5_IRQHandler) for TIM5_IRQHandler
    startup_stm32f40_41xxx.o(.text) refers to system_stm32f4xx.o(i.SystemInit) for SystemInit
    startup_stm32f40_41xxx.o(.text) refers to entry.o(.ARM.Collect$$$$00000000) for __main
    system_stm32f4xx.o(i.SystemCoreClockUpdate) refers to system_stm32f4xx.o(.data) for .data
    system_stm32f4xx.o(i.SystemInit) refers to system_stm32f4xx.o(i.SetSysClock) for SetSysClock
    stm32f4xx_adc.o(i.ADC_DeInit) refers to stm32f4xx_rcc.o(i.RCC_APB2PeriphResetCmd) for RCC_APB2PeriphResetCmd
    stm32f4xx_can.o(i.CAN_DeInit) refers to stm32f4xx_rcc.o(i.RCC_APB1PeriphResetCmd) for RCC_APB1PeriphResetCmd
    stm32f4xx_can.o(i.CAN_GetITStatus) refers to stm32f4xx_can.o(i.CheckITStatus) for CheckITStatus
    stm32f4xx_cryp.o(i.CRYP_DeInit) refers to stm32f4xx_rcc.o(i.RCC_AHB2PeriphResetCmd) for RCC_AHB2PeriphResetCmd
    stm32f4xx_cryp_aes.o(i.CRYP_AES_CBC) refers to stm32f4xx_cryp.o(i.CRYP_KeyStructInit) for CRYP_KeyStructInit
    stm32f4xx_cryp_aes.o(i.CRYP_AES_CBC) refers to stm32f4xx_cryp.o(i.CRYP_KeyInit) for CRYP_KeyInit
    stm32f4xx_cryp_aes.o(i.CRYP_AES_CBC) refers to stm32f4xx_cryp.o(i.CRYP_Init) for CRYP_Init
    stm32f4xx_cryp_aes.o(i.CRYP_AES_CBC) refers to stm32f4xx_cryp.o(i.CRYP_IVInit) for CRYP_IVInit
    stm32f4xx_cryp_aes.o(i.CRYP_AES_CBC) refers to stm32f4xx_cryp.o(i.CRYP_FIFOFlush) for CRYP_FIFOFlush
    stm32f4xx_cryp_aes.o(i.CRYP_AES_CBC) refers to stm32f4xx_cryp.o(i.CRYP_Cmd) for CRYP_Cmd
    stm32f4xx_cryp_aes.o(i.CRYP_AES_CBC) refers to stm32f4xx_cryp.o(i.CRYP_GetCmdStatus) for CRYP_GetCmdStatus
    stm32f4xx_cryp_aes.o(i.CRYP_AES_CBC) refers to stm32f4xx_cryp.o(i.CRYP_GetFlagStatus) for CRYP_GetFlagStatus
    stm32f4xx_cryp_aes.o(i.CRYP_AES_CBC) refers to stm32f4xx_cryp.o(i.CRYP_DataIn) for CRYP_DataIn
    stm32f4xx_cryp_aes.o(i.CRYP_AES_CBC) refers to stm32f4xx_cryp.o(i.CRYP_DataOut) for CRYP_DataOut
    stm32f4xx_cryp_aes.o(i.CRYP_AES_CCM) refers to stm32f4xx_cryp.o(i.CRYP_KeyStructInit) for CRYP_KeyStructInit
    stm32f4xx_cryp_aes.o(i.CRYP_AES_CCM) refers to stm32f4xx_cryp.o(i.CRYP_FIFOFlush) for CRYP_FIFOFlush
    stm32f4xx_cryp_aes.o(i.CRYP_AES_CCM) refers to stm32f4xx_cryp.o(i.CRYP_KeyInit) for CRYP_KeyInit
    stm32f4xx_cryp_aes.o(i.CRYP_AES_CCM) refers to stm32f4xx_cryp.o(i.CRYP_IVInit) for CRYP_IVInit
    stm32f4xx_cryp_aes.o(i.CRYP_AES_CCM) refers to stm32f4xx_cryp.o(i.CRYP_Init) for CRYP_Init
    stm32f4xx_cryp_aes.o(i.CRYP_AES_CCM) refers to stm32f4xx_cryp.o(i.CRYP_PhaseConfig) for CRYP_PhaseConfig
    stm32f4xx_cryp_aes.o(i.CRYP_AES_CCM) refers to stm32f4xx_cryp.o(i.CRYP_DataIn) for CRYP_DataIn
    stm32f4xx_cryp_aes.o(i.CRYP_AES_CCM) refers to stm32f4xx_cryp.o(i.CRYP_Cmd) for CRYP_Cmd
    stm32f4xx_cryp_aes.o(i.CRYP_AES_CCM) refers to stm32f4xx_cryp.o(i.CRYP_GetCmdStatus) for CRYP_GetCmdStatus
    stm32f4xx_cryp_aes.o(i.CRYP_AES_CCM) refers to stm32f4xx_cryp.o(i.CRYP_GetFlagStatus) for CRYP_GetFlagStatus
    stm32f4xx_cryp_aes.o(i.CRYP_AES_CCM) refers to stm32f4xx_cryp.o(i.CRYP_DataOut) for CRYP_DataOut
    stm32f4xx_cryp_aes.o(i.CRYP_AES_CTR) refers to stm32f4xx_cryp.o(i.CRYP_KeyStructInit) for CRYP_KeyStructInit
    stm32f4xx_cryp_aes.o(i.CRYP_AES_CTR) refers to stm32f4xx_cryp.o(i.CRYP_KeyInit) for CRYP_KeyInit
[...]
    i.DHT11_Read_Bit                         0x08000e64   Section        0  dht11.o(i.DHT11_Read_Bit)
    i.DHT11_Read_Byte                        0x08000ec0   Section        0  dht11.o(i.DHT11_Read_Byte)
    i.DHT11_Read_Data                        0x08000edc   Section        0  dht11.o(i.DHT11_Read_Data)
    i.DHT11_Rst                              0x08000f6c   Section        0  dht11.o(i.DHT11_Rst)
    i.DHT11_Task                             0x08000f9c   Section        0  tasks.o(i.DHT11_Task)
    i.DMA_Cmd                                0x08000fa8   Section        0  stm32f4xx_dma.o(i.DMA_Cmd)
    i.DMA_DeInit                             0x08000fbc   Section        0  stm32f4xx_dma.o(i.DMA_DeInit)
    i.DMA_GetCurrDataCounter                 0x080010e0   Section        0  stm32f4xx_dma.o(i.DMA_GetCurrDataCounter)
    i.DMA_Init                               0x080010e8   Section        0  stm32f4xx_dma.o(i.DMA_Init)
    i.DebugMon_Handler                       0x0800113c   Section        0  stm32f4xx_it.o(i.DebugMon_Handler)
    i.Delay_ms                               0x0800113e   Section        0  delay.o(i.Delay_ms)
    i.Delay_us                               0x08001154   Section        0  delay.o(i.Delay_us)
    i.Delayms                                0x08001178   Section        0  jy901b.o(i.Delayms)
    i.ESC_Init                               0x0800117c   Section        0  motor.o(i.ESC_Init)
    i.GPIO_Init                              0x080011b0   Section        0  stm32f4xx_gpio.o(i.GPIO_Init)
    i.GPIO_PinAFConfig                       0x08001252   Section        0  stm32f4xx_gpio.o(i.GPIO_PinAFConfig)
    i.GPIO_ReadInputDataBit                  0x08001272   Section        0  stm32f4xx_gpio.o(i.GPIO_ReadInputDataBit)
    i.GPIO_ResetBits                         0x08001280   Section        0  stm32f4xx_gpio.o(i.GPIO_ResetBits)
    i.GPIO_SetBits                           0x08001286   Section        0  stm32f4xx_gpio.o(i.GPIO_SetBits)
    i.GPIO_WriteBit                          0x0800128a   Section        0  stm32f4xx_gpio.o(i.GPIO_WriteBit)
    i.GetSystemTick                          0x08001294   Section        0  taskscheduler.o(i.GetSystemTick)
    i.HardFault_Handler                      0x080012a0   Section        0  stm32f4xx_it.o(i.HardFault_Handler)
    i.IM948_Init                             0x080012a4   Section        0  im948_cmd.o(i.IM948_Init)
    i.IM948_Write                            0x08001354   Section        0  serial.o(i.IM948_Write)
    i.IWDG_Enable                            0x08001394   Section        0  stm32f4xx_iwdg.o(i.IWDG_Enable)
    i.IWDG_ReloadCounter                     0x080013a4   Section        0  stm32f4xx_iwdg.o(i.IWDG_ReloadCounter)
    i.IWDG_SetPrescaler                      0x080013b4   Section        0  stm32f4xx_iwdg.o(i.IWDG_SetPrescaler)
    i.IWDG_SetReload                         0x080013c0   Section        0  stm32f4xx_iwdg.o(i.IWDG_SetReload)
    i.IWDG_WriteAccessCmd                    0x080013cc   Section        0  stm32f4xx_iwdg.o(i.IWDG_WriteAccessCmd)
    i.JY901B_GetData                         0x080013d8   Section        0  jy901b.o(i.JY901B_GetData)
    i.JY901B_Init                            0x080014ac   Section        0  jy901b.o(i.JY901B_Init)
    i.JY901B_Task                            0x080014f4   Section        0  tasks.o(i.JY901B_Task)
    i.JY901B_UartInit                        0x08001514   Section        0  jy901b_uart.o(i.JY901B_UartInit)
    i.JY901B_UartSend                        0x080015b4   Section        0  jy901b_uart.o(i.JY901B_UartSend)
    i.JY901B_process                         0x080015f4   Section        0  jy901b.o(i.JY901B_process)
    i.LED_Init                               0x08001750   Section        0  led.o(i.LED_Init)
    i.MS583703BA_RESET                       0x08001790   Section        0  ms5837_i2c.o(i.MS583703BA_RESET)
    i.MS5837I2C_Init                         0x080017ac   Section        0  ms5837_i2c.o(i.MS5837I2C_Init)
    i.MS5837I2C_R_SDA                        0x080017f4   Section        0  ms5837_i2c.o(i.MS5837I2C_R_SDA)
    i.MS5837I2C_ReceiveAck                   0x08001810   Section        0  ms5837_i2c.o(i.MS5837I2C_ReceiveAck)
    i.MS5837I2C_ReceiveByte                  0x0800182e   Section        0  ms5837_i2c.o(i.MS5837I2C_ReceiveByte)
    i.MS5837I2C_SendAck                      0x0800186e   Section        0  ms5837_i2c.o(i.MS5837I2C_SendAck)
    i.MS5837I2C_SendByte                     0x08001884   Section        0  ms5837_i2c.o(i.MS5837I2C_SendByte)
    i.MS5837I2C_Start                        0x080018b2   Section        0  ms5837_i2c.o(i.MS5837I2C_Start)
    i.MS5837I2C_Stop                         0x080018d0   Section        0  ms5837_i2c.o(i.MS5837I2C_Stop)
    i.MS5837I2C_W_SCL                        0x080018e8   Section        0  ms5837_i2c.o(i.MS5837I2C_W_SCL)
    i.MS5837I2C_W_SDA                        0x08001904   Section        0  ms5837_i2c.o(i.MS5837I2C_W_SDA)
    i.MS5837_GetDepth_1                      0x08001920   Section        0  ms5837_i2c.o(i.MS5837_GetDepth_1)
    i.MS5837_GetDepth_2                      0x0800193c   Section        0  ms5837_i2c.o(i.MS5837_GetDepth_2)
    i.MS5837_GetTemp_1                       0x080019fc   Section        0  ms5837_i2c.o(i.MS5837_GetTemp_1)
    i.MS5837_GetTemp_2                       0x08001a18   Section        0  ms5837_i2c.o(i.MS5837_GetTemp_2)
    i.MS5837_Task                            0x08001c78   Section        0  tasks.o(i.MS5837_Task)
    i.MS5837_init                            0x08001cf4   Section        0  ms5837_i2c.o(i.MS5837_init)
    i.MemManage_Handler                      0x08001d70   Section        0  stm32f4xx_it.o(i.MemManage_Handler)
    i.Memcpy                                 0x08001d72   Section        0  im948_cmd.o(i.Memcpy)
    i.Motor_SetPWM                           0x08001d8c   Section        0  pwm.o(i.Motor_SetPWM)
    i.Motor_SetSpeed                         0x08001dd0   Section        0  motor.o(i.Motor_SetSpeed)
    i.Ms5837_read                            0x08001e02   Section        0  ms5837_i2c.o(i.Ms5837_read)
    i.NMI_Handler                            0x08001e54   Section        0  stm32f4xx_it.o(i.NMI_Handler)
    i.NVIC_Init                              0x08001e58   Section        0  misc.o(i.NVIC_Init)
    i.NVIC_PriorityGroupConfig               0x08001ebc   Section        0  misc.o(i.NVIC_PriorityGroupConfig)
    i.PWM_Init                               0x08001ed0   Section        0  pwm.o(i.PWM_Init)
    i.PendSV_Handler                         0x08002108   Section        0  stm32f4xx_it.o(i.PendSV_Handler)
    i.RCC_AHB1PeriphClockCmd                 0x0800210c   Section        0  stm32f4xx_rcc.o(i.RCC_AHB1PeriphClockCmd)
    i.RCC_APB1PeriphClockCmd                 0x08002124   Section        0  stm32f4xx_rcc.o(i.RCC_APB1PeriphClockCmd)
    i.RCC_APB2PeriphClockCmd                 0x0800213c   Section        0  stm32f4xx_rcc.o(i.RCC_APB2PeriphClockCmd)
    i.RCC_GetClocksFreq                      0x08002154   Section        0  stm32f4xx_rcc.o(i.RCC_GetClocksFreq)
    i.RCC_GetFlagStatus                      0x080021e4   Section        0  stm32f4xx_rcc.o(i.RCC_GetFlagStatus)
    i.RCC_LSICmd                             0x08002218   Section        0  stm32f4xx_rcc.o(i.RCC_LSICmd)
    i.SVC_Handler                            0x08002224   Section        0  stm32f4xx_it.o(i.SVC_Handler)
    i.SensorDataUpdata                       0x08002228   Section        0  jy901b.o(i.SensorDataUpdata)
    i.SensorUartSend                         0x08002274   Section        0  jy901b.o(i.SensorUartSend)
    i.Serial_Init                            0x08002278   Section        0  serial.o(i.Serial_Init)
    i.Serial_SendByte                        0x08002330   Section        0  serial.o(i.Serial_SendByte)
    i.SetSysClock                            0x08002350   Section        0  system_stm32f4xx.o(i.SetSysClock)
    SetSysClock                              0x08002351   Thumb Code   162  system_stm32f4xx.o(i.SetSysClock)
    i.SysTick_Handler                        0x08002404   Section        0  stm32f4xx_it.o(i.SysTick_Handler)
    i.SystemInit                             0x08002408   Section        0  system_stm32f4xx.o(i.SystemInit)
    i.SystemTick_Increment                   0x08002464   Section        0  taskscheduler.o(i.SystemTick_Increment)
    i.TIM2_IRQHandler                        0x08002474   Section        0  taskscheduler.o(i.TIM2_IRQHandler)
    i.TIM5_IRQHandler                        0x08002498   Section        0  serial.o(i.TIM5_IRQHandler)
    i.TIM_ClearFlag                          0x080024f0   Section        0  stm32f4xx_tim.o(i.TIM_ClearFlag)
    i.TIM_ClearITPendingBit                  0x080024f6   Section        0  stm32f4xx_tim.o(i.TIM_ClearITPendingBit)
    i.TIM_Cmd                                0x080024fc   Section        0  stm32f4xx_tim.o(i.TIM_Cmd)
    i.TIM_GetITStatus                        0x08002510   Section        0  stm32f4xx_tim.o(i.TIM_GetITStatus)
    i.TIM_ITConfig                           0x08002528   Section        0  stm32f4xx_tim.o(i.TIM_ITConfig)
    i.TIM_InternalClockConfig                0x08002538   Section        0  stm32f4xx_tim.o(i.TIM_InternalClockConfig)
    i.TIM_OC1Init                            0x08002544   Section        0  stm32f4xx_tim.o(i.TIM_OC1Init)
    i.TIM_OC1PreloadConfig                   0x080025a4   Section        0  stm32f4xx_tim.o(i.TIM_OC1PreloadConfig)
    i.TIM_OC2Init                            0x080025b0   Section        0  stm32f4xx_tim.o(i.TIM_OC2Init)
    i.TIM_OC2PreloadConfig                   0x08002630   Section        0  stm32f4xx_tim.o(i.TIM_OC2PreloadConfig)
    i.TIM_OC3Init                            0x08002644   Section        0  stm32f4xx_tim.o(i.TIM_OC3Init)
    i.TIM_OC3PreloadConfig                   0x080026c0   Section        0  stm32f4xx_tim.o(i.TIM_OC3PreloadConfig)
    i.TIM_OC4Init                            0x080026cc   Section        0  stm32f4xx_tim.o(i.TIM_OC4Init)
    i.TIM_OC4PreloadConfig                   0x0800272c   Section        0  stm32f4xx_tim.o(i.TIM_OC4PreloadConfig)
    i.TIM_OCStructInit                       0x08002740   Section        0  stm32f4xx_tim.o(i.TIM_OCStructInit)
    i.TIM_SetCompare1                        0x08002754   Section        0  stm32f4xx_tim.o(i.TIM_SetCompare1)
    i.TIM_SetCompare2                        0x08002758   Section        0  stm32f4xx_tim.o(i.TIM_SetCompare2)
    i.TIM_SetCompare3                        0x0800275c   Section        0  stm32f4xx_tim.o(i.TIM_SetCompare3)
    i.TIM_SetCompare4                        0x08002760   Section        0  stm32f4xx_tim.o(i.TIM_SetCompare4)
    i.TIM_TimeBaseInit                       0x08002764   Section        0  stm32f4xx_tim.o(i.TIM_TimeBaseInit)
    i.TaskScheduler_Check                    0x080027e0   Section        0  taskscheduler.o(i.TaskScheduler_Check)
    i.TaskScheduler_Execute                  0x08002828   Section        0  taskscheduler.o(i.TaskScheduler_Execute)
    i.TaskScheduler_Init                     0x0800287c   Section        0  taskscheduler.o(i.TaskScheduler_Init)
    i.TaskScheduler_Run                      0x080028ac   Section        0  taskscheduler.o(i.TaskScheduler_Run)
    i.Task_DMA_pdata_poll                    0x080028c0   Section        0  tasks.o(i.Task_DMA_pdata_poll)
    i.Task_Disable                           0x08002904   Section        0  taskscheduler.o(i.Task_Disable)
    i.Task_Enable                            0x08002924   Section        0  taskscheduler.o(i.Task_Enable)
    i.Task_IM948_Process                     0x08002944   Section        0  tasks.o(i.Task_IM948_Process)
    i.Task_JY901_DMA_pdata_poll              0x08002948   Section        0  tasks.o(i.Task_JY901_DMA_pdata_poll)
    i.Timer_Init                             0x08002984   Section        0  timer.o(i.Timer_Init)
    i.USART1_DMA_Init                        0x080029f8   Section        0  dma.o(i.USART1_DMA_Init)
    i.USART1_IRQHandler                      0x08002a60   Section        0  serial.o(i.USART1_IRQHandler)
    i.USART1_Init                            0x08002a64   Section        0  serial.o(i.USART1_Init)
    i.USART2_DMA_Init                        0x08002af4   Section        0  dma.o(i.USART2_DMA_Init)
    i.USART2_IRQHandler                      0x08002b5c   Section        0  jy901b.o(i.USART2_IRQHandler)
    i.USART3_DMA_Init                        0x08002b60   Section        0  dma.o(i.USART3_DMA_Init)
    i.USART3_IRQHandler                      0x08002bc8   Section        0  serial.o(i.USART3_IRQHandler)
    i.USART_Cmd                              0x08002d34   Section        0  stm32f4xx_usart.o(i.USART_Cmd)
    i.USART_DMACmd                           0x08002d48   Section        0  stm32f4xx_usart.o(i.USART_DMACmd)
    i.USART_GetFlagStatus                    0x08002d58   Section        0  stm32f4xx_usart.o(i.USART_GetFlagStatus)
    i.USART_GetITStatus                      0x08002d66   Section        0  stm32f4xx_usart.o(i.USART_GetITStatus)
    i.USART_ITConfig                         0x08002da4   Section        0  stm32f4xx_usart.o(i.USART_ITConfig)
    i.USART_Init                             0x08002dd4   Section        0  stm32f4xx_usart.o(i.USART_Init)
    i.USART_SendData                         0x08002e80   Section        0  stm32f4xx_usart.o(i.USART_SendData)
    i.Uart_send_fast_Task                    0x08002e88   Section        0  tasks.o(i.Uart_send_fast_Task)
    i.Uart_send_slow_Task                    0x08003080   Section        0  tasks.o(i.Uart_send_slow_Task)
    i.UsageFault_Handler                     0x080030e0   Section        0  stm32f4xx_it.o(i.UsageFault_Handler)
    i.Voltage_Task                           0x080030e4   Section        0  tasks.o(i.Voltage_Task)
    i.Watchdog_Feed                          0x08003134   Section        0  watchdog.o(i.Watchdog_Feed)
    i.Watchdog_Init                          0x08003138   Section        0  watchdog.o(i.Watchdog_Init)
    i.WitDelayMsRegister                     0x0800316c   Section        0  wit_c_sdk.o(i.WitDelayMsRegister)
    i.WitInit                                0x08003180   Section        0  wit_c_sdk.o(i.WitInit)
    i.WitRegisterCallBack                    0x0800319c   Section        0  wit_c_sdk.o(i.WitRegisterCallBack)
    i.WitSerialWriteRegister                 0x080031b0   Section        0  wit_c_sdk.o(i.WitSerialWriteRegister)
    i.__0printf                              0x080031c4   Section        0  printfa.o(i.__0printf)
    i.__scatterload_copy                     0x080031e4   Section       14  handlers.o(i.__scatterload_copy)
    i.__scatterload_null                     0x080031f2   Section        2  handlers.o(i.__scatterload_null)
    i.__scatterload_zeroinit                 0x080031f4   Section       14  handlers.o(i.__scatterload_zeroinit)
    i._fp_digits                             0x08003204   Section        0  printfa.o(i._fp_digits)
    _fp_digits                               0x08003205   Thumb Code   366  printfa.o(i._fp_digits)
    i._printf_core                           0x08003388   Section        0  printfa.o(i._printf_core)
    _printf_core                             0x08003389   Thumb Code  1744  printfa.o(i._printf_core)
    i._printf_post_padding                   0x08003a64   Section        0  printfa.o(i._printf_post_padding)
    _printf_post_padding                     0x08003a65   Thumb Code    36  printfa.o(i._printf_post_padding)
    i._printf_pre_padding                    0x08003a88   Section        0  printfa.o(i._printf_pre_padding)
    _printf_pre_padding                      0x08003a89   Thumb Code    46  printfa.o(i._printf_pre_padding)
    i.current_Getdata                        0x08003ab8   Section        0  ad.o(i.current_Getdata)
    i.fputc                                  0x08003b28   Section        0  serial.o(i.fputc)
    i.main                                   0x08003b38   Section        0  main.o(i.main)
    i.voltage_Getdata                        0x08003b9c   Section        0  ad.o(i.voltage_Getdata)
    .constdata                               0x08003bf8   Section      147  im948_cmd.o(.constdata)
    .data                                    0x20000000   Section       16  stm32f4xx_rcc.o(.data)
    APBAHBPrescTable                         0x20000000   Data          16  stm32f4xx_rcc.o(.data)
    .data                                    0x20000010   Section        1  taskscheduler.o(.data)
    .data                                    0x20000014   Section      224  taskscheduler.o(.data)
    system_tick_ms                           0x20000018   Data           4  taskscheduler.o(.data)
    task_table                               0x2000001c   Data         216  taskscheduler.o(.data)
    .data                                    0x200000f4   Section       32  tasks.o(.data)
    last_dma_cnt                             0x200000fa   Data           2  tasks.o(.data)
    JY901_last_dma_cnt                       0x200000fc   Data           2  tasks.o(.data)
    .data                                    0x20000114   Section        3  serial.o(.data)
    emergency_flag                           0x20000114   Data           1  serial.o(.data)
    .data                                    0x20000118   Section        8  ad.o(.data)
    .data                                    0x20000120   Section        1  dht11.o(.data)
    .data                                    0x20000128   Section       64  ms5837_i2c.o(.data)
    .data                                    0x20000168   Section        3  jy901b.o(.data)
    s_ucRxCnt                                0x2000016a   Data           1  jy901b.o(.data)
    .data                                    0x2000016c   Section       40  wit_c_sdk.o(.data)
    s_ucAddr                                 0x2000016c   Data           1  wit_c_sdk.o(.data)
    p_WitSerialWriteFunc                     0x20000170   Data           4  wit_c_sdk.o(.data)
    p_WitI2cWriteFunc                        0x20000174   Data           4  wit_c_sdk.o(.data)
    p_WitI2cReadFunc                         0x20000178   Data           4  wit_c_sdk.o(.data)
    p_WitCanWriteFunc                        0x2000017c   Data           4  wit_c_sdk.o(.data)
    p_WitRegUpdateCbFunc                     0x20000180   Data           4  wit_c_sdk.o(.data)
    p_WitDelaymsFunc                         0x20000184   Data           4  wit_c_sdk.o(.data)
    s_uiWitDataCnt                           0x20000188   Data           4  wit_c_sdk.o(.data)
    s_uiProtoclo                             0x2000018c   Data           4  wit_c_sdk.o(.data)
    s_uiReadRegIndex                         0x20000190   Data           4  wit_c_sdk.o(.data)
    .data                                    0x20000194   Section        1  motor.o(.data)
    .data                                    0x20000198   Section       64  im948_cmd.o(.data)
    CS                                       0x2000019b   Data           1  im948_cmd.o(.data)
    i                                        0x2000019c   Data           1  im948_cmd.o(.data)
    RxIndex                                  0x2000019d   Data           1  im948_cmd.o(.data)
    .data                                    0x200001d8   Section        4  stdout.o(.data)
    .bss                                     0x200001dc   Section       40  tasks.o(.bss)
    .bss                                     0x20000204   Section      116  serial.o(.bss)
    .bss                                     0x20000278   Section       28  ms5837_i2c.o(.bss)
    .bss                                     0x20000294   Section     2056  jy901b.o(.bss)
    s_ucData                                 0x20000294   Data          50  jy901b.o(.bss)
    .bss                                     0x20000a9c   Section      544  wit_c_sdk.o(.bss)
    s_ucWitDataBuff                          0x20000a9c   Data         256  wit_c_sdk.o(.bss)
    .bss                                     0x20000cbc   Section       12  motor.o(.bss)
    .bss                                     0x20000cc8   Section     2132  im948_cmd.o(.bss)
    buf                                      0x20000cc8   Data          78  im948_cmd.o(.bss)
    STACK                                    0x20001520   Section     1024  startup_stm32f40_41xxx.o(STACK)

    Global Symbols

    Symbol Name                              Value     Ov Type        Size  Object(Section)

    BuildAttributes$$THM_ISAv4$E$P$D$K$B$S$7EM$VFPi3$EXTD16$VFPS$VFMA$PE$A:L22UL41UL21$X:L11$S22US41US21$IEEE1$IW$USESV6$~STKCKD$USESV7$~SHL$OTIME$ROPI$IEEEJ$EBA8$MICROLIB$REQ8$PRES8$EABIv2 0x00000000   Number         0  anon$$obj.o ABSOLUTE
    __ARM_use_no_argv                        0x00000000   Number         0  main.o ABSOLUTE
    _printf_a                                0x00000000   Number         0  stubs.o ABSOLUTE
    _printf_c                                0x00000000   Number         0  stubs.o ABSOLUTE
    _printf_charcount                        0x00000000   Number         0  stubs.o ABSOLUTE
    _printf_d                                0x00000000   Number         0  stubs.o ABSOLUTE
    _printf_e                                0x00000000   Number         0  stubs.o ABSOLUTE
    _printf_f                                0x00000000   Number         0  stubs.o ABSOLUTE
    _printf_flags                            0x00000000   Number         0  stubs.o ABSOLUTE
    _printf_fp_dec                           0x00000000   Number         0  stubs.o ABSOLUTE
    _printf_fp_hex                           0x00000000   Number         0  stubs.o ABSOLUTE
    _printf_g                                0x00000000   Number         0  stubs.o ABSOLUTE
    _printf_i                                0x00000000   Number         0  stubs.o ABSOLUTE
    _printf_int_dec                          0x00000000   Number         0  stubs.o ABSOLUTE
    _printf_l                                0x00000000   Number         0  stubs.o ABSOLUTE
    _printf_lc                               0x00000000   Number         0  stubs.o ABSOLUTE
    _printf_ll                               0x00000000   Number         0  stubs.o ABSOLUTE
    _printf_lld                              0x00000000   Number         0  stubs.o ABSOLUTE
    _printf_lli                              0x00000000   Number         0  stubs.o ABSOLUTE
    _printf_llo                              0x00000000   Number         0  stubs.o ABSOLUTE
    _printf_llu                              0x00000000   Number         0  stubs.o ABSOLUTE
    _printf_llx                              0x00000000   Number         0  stubs.o ABSOLUTE
    _printf_longlong_dec                     0x00000000   Number         0  stubs.o ABSOLUTE
    _printf_longlong_hex                     0x00000000   Number         0  stubs.o ABSOLUTE
    _printf_longlong_oct                     0x00000000   Number         0  stubs.o ABSOLUTE
    _printf_ls                               0x00000000   Number         0  stubs.o ABSOLUTE
    _printf_mbtowc                           0x00000000   Number         0  stubs.o ABSOLUTE
    _printf_n                                0x00000000   Number         0  stubs.o ABSOLUTE
    _printf_o                                0x00000000   Number         0  stubs.o ABSOLUTE
    _printf_p                                0x00000000   Number         0  stubs.o ABSOLUTE
    _printf_percent                          0x00000000   Number         0  stubs.o ABSOLUTE
    _printf_pre_padding                      0x00000000   Number         0  stubs.o ABSOLUTE
    _printf_return_value                     0x00000000   Number         0  stubs.o ABSOLUTE
    _printf_s                                0x00000000   Number         0  stubs.o ABSOLUTE
    _printf_sizespec                         0x00000000   Number         0  stubs.o ABSOLUTE
    _printf_str                              0x00000000   Number         0  stubs.o ABSOLUTE
    _printf_truncate_signed                  0x00000000   Number         0  stubs.o ABSOLUTE
    _printf_truncate_unsigned                0x00000000   Number         0  stubs.o ABSOLUTE
    _printf_u                                0x00000000   Number         0  stubs.o ABSOLUTE
    _printf_wc                               0x00000000   Number         0  stubs.o ABSOLUTE
    _printf_wctomb                           0x00000000   Number         0  stubs.o ABSOLUTE
    _printf_widthprec                        0x00000000   Number         0  stubs.o ABSOLUTE
    _printf_x                                0x00000000   Number         0  stubs.o ABSOLUTE
    __cpp_initialize__aeabi_                  - Undefined Weak Reference
    __cxa_finalize                            - Undefined Weak Reference
    _clock_init                               - Undefined Weak Reference
    _microlib_exit                            - Undefined Weak Reference
    __Vectors_Size                           0x00000188   Number         0  startup_stm32f40_41xxx.o ABSOLUTE
    __Vectors                                0x08000000   Data           4  startup_stm32f40_41xxx.o(RESET)
    __Vectors_End                            0x08000188   Data           0  startup_stm32f40_41xxx.o(RESET)
    __main                                   0x08000189   Thumb Code     0  entry.o(.ARM.Collect$$$$00000000)
    _main_stk                                0x08000189   Thumb Code     0  entry2.o(.ARM.Collect$$$$00000001)
    _main_scatterload                        0x0800018d   Thumb Code     0  entry5.o(.ARM.Collect$$$$00000004)
    __main_after_scatterload                 0x08000191   Thumb Code     0  entry5.o(.ARM.Collect$$$$00000004)
    _main_clock                              0x08000191   Thumb Code     0  entry7b.o(.ARM.Collect$$$$00000008)
    _main_cpp_init                           0x08000191   Thumb Code     0  entry8b.o(.ARM.Collect$$$$0000000A)
    _main_init                               0x08000191   Thumb Code     0  entry9a.o(.ARM.Collect$$$$0000000B)
    __rt_final_cpp                           0x08000199   Thumb Code     0  entry10a.o(.ARM.Collect$$$$0000000D)
    __rt_final_exit                          0x08000199   Thumb Code     0  entry11a.o(.ARM.Collect$$$$0000000F)
    Reset_Handler                            0x0800019d   Thumb Code     8  startup_stm32f40_41xxx.o(.text)
    ADC_IRQHandler                           0x080001b7   Thumb Code     0  startup_stm32f40_41xxx.o(.text)
    CAN1_RX0_IRQHandler                      0x080001b7   Thumb Code     0  startup_stm32f40_41xxx.o(.text)
    CAN1_RX1_IRQHandler                      0x080001b7   Thumb Code     0  startup_stm32f40_41xxx.o(.text)
    CAN1_SCE_IRQHandler                      0x080001b7   Thumb Code     0  startup_stm32f40_41xxx.o(.text)
    CAN1_TX_IRQHandler                       0x080001b7   Thumb Code     0  startup_stm32f40_41xxx.o(.text)
    CAN2_RX0_IRQHandler                      0x080001b7   Thumb Code     0  startup_stm32f40_41xxx.o(.text)
    CAN2_RX1_IRQHandler                      0x080001b7   Thumb Code     0  startup_stm32f40_41xxx.o(.text)
    CAN2_SCE_IRQHandler                      0x080001b7   Thumb Code     0  startup_stm32f40_41xxx.o(.text)
    CAN2_TX_IRQHandler                       0x080001b7   Thumb Code     0  startup_stm32f40_41xxx.o(.text)
    CRYP_IRQHandler                          0x080001b7   Thumb Code     0  startup_stm32f40_41xxx.o(.text)
    DCMI_IRQHandler                          0x080001b7   Thumb Code     0  startup_stm32f40_41xxx.o(.text)
    DMA1_Stream0_IRQHandler                  0x080001b7   Thumb Code     0  startup_stm32f40_41xxx.o(.text)
    DMA1_Stream1_IRQHandler                  0x080001b7   Thumb Code     0  startup_stm32f40_41xxx.o(.text)
    DMA1_Stream2_IRQHandler                  0x080001b7   Thumb Code     0  startup_stm32f40_41xxx.o(.text)
    DMA1_Stream3_IRQHandler                  0x080001b7   Thumb Code     0  startup_stm32f40_41xxx.o(.text)
    DMA1_Stream4_IRQHandler                  0x080001b7   Thumb Code     0  startup_stm32f40_41xxx.o(.text)
    DMA1_Stream5_IRQHandler                  0x080001b7   Thumb Code     0  startup_stm32f40_41xxx.o(.text)
    DMA1_Stream6_IRQHandler                  0x080001b7   Thumb Code     0  startup_stm32f40_41xxx.o(.text)
    DMA1_Stream7_IRQHandler                  0x080001b7   Thumb Code     0  startup_stm32f40_41xxx.o(.text)
    DMA2_Stream0_IRQHandler                  0x080001b7   Thumb Code     0  startup_stm32f40_41xxx.o(.text)
    DMA2_Stream1_IRQHandler                  0x080001b7   Thumb Code     0  startup_stm32f40_41xxx.o(.text)
    DMA2_Stream2_IRQHandler                  0x080001b7   Thumb Code     0  startup_stm32f40_41xxx.o(.text)
    DMA2_Stream3_IRQHandler                  0x080001b7   Thumb Code     0  startup_stm32f40_41xxx.o(.text)
    DMA2_Stream4_IRQHandler                  0x080001b7   Thumb Code     0  startup_stm32f40_41xxx.o(.text)
    DMA2_Stream5_IRQHandler                  0x080001b7   Thumb Code     0  startup_stm32f40_41xxx.o(.text)
    DMA2_Stream6_IRQHandler                  0x080001b7   Thumb Code     0  startup_stm32f40_41xxx.o(.text)
    DMA2_Stream7_IRQHandler                  0x080001b7   Thumb Code     0  startup_stm32f40_41xxx.o(.text)
    ETH_IRQHandler                           0x080001b7   Thumb Code     0  startup_stm32f40_41xxx.o(.text)
    ETH_WKUP_IRQHandler                      0x080001b7   Thumb Code     0  startup_stm32f40_41xxx.o(.text)
    EXTI0_IRQHandler                         0x080001b7   Thumb Code     0  startup_stm32f40_41xxx.o(.text)
    EXTI15_10_IRQHandler                     0x080001b7   Thumb Code     0  startup_stm32f40_41xxx.o(.text)
    EXTI1_IRQHandler                         0x080001b7   Thumb Code     0  startup_stm32f40_41xxx.o(.text)
    EXTI2_IRQHandler                         0x080001b7   Thumb Code     0  startup_stm32f40_41xxx.o(.text)
    EXTI3_IRQHandler                         0x080001b7   Thumb Code     0  startup_stm32f40_41xxx.o(.text)
    EXTI4_IRQHandler                         0x080001b7   Thumb Code     0  startup_stm32f40_41xxx.o(.text)
    EXTI9_5_IRQHandler                       0x080001b7   Thumb Code     0  startup_stm32f40_41xxx.o(.text)
    FLASH_IRQHandler                         0x080001b7   Thumb Code     0  startup_stm32f40_41xxx.o(.text)
    FPU_IRQHandler                           0x080001b7   Thumb Code     0  startup_stm32f40_41xxx.o(.text)
    FSMC_IRQHandler                          0x080001b7   Thumb Code     0  startup_stm32f40_41xxx.o(.text)
    HASH_RNG_IRQHandler                      0x080001b7   Thumb Code     0  startup_stm32f40_41xxx.o(.text)
    I2C1_ER_IRQHandler                       0x080001b7   Thumb Code     0  startup_stm32f40_41xxx.o(.text)
    I2C1_EV_IRQHandler                       0x080001b7   Thumb Code     0  startup_stm32f40_41xxx.o(.text)
    I2C2_ER_IRQHandler                       0x080001b7   Thumb Code     0  startup_stm32f40_41xxx.o(.text)
    I2C2_EV_IRQHandler                       0x080001b7   Thumb Code     0  startup_stm32f40_41xxx.o(.text)
    I2C3_ER_IRQHandler                       0x080001b7   Thumb Code     0  startup_stm32f40_41xxx.o(.text)
    I2C3_EV_IRQHandler                       0x080001b7   Thumb Code     0  startup_stm32f40_41xxx.o(.text)
    OTG_FS_IRQHandler                        0x080001b7   Thumb Code     0  startup_stm32f40_41xxx.o(.text)
    OTG_FS_WKUP_IRQHandler                   0x080001b7   Thumb Code     0  startup_stm32f40_41xxx.o(.text)
    OTG_HS_EP1_IN_IRQHandler                 0x080001b7   Thumb Code     0  startup_stm32f40_41xxx.o(.text)
    OTG_HS_EP1_OUT_IRQHandler                0x080001b7   Thumb Code     0  startup_stm32f40_41xxx.o(.text)
    OTG_HS_IRQHandler                        0x080001b7   Thumb Code     0  startup_stm32f40_41xxx.o(.text)
    OTG_HS_WKUP_IRQHandler                   0x080001b7   Thumb Code     0  startup_stm32f40_41xxx.o(.text)
    PVD_IRQHandler                           0x080001b7   Thumb Code     0  startup_stm32f40_41xxx.o(.text)
    RCC_IRQHandler                           0x080001b7   Thumb Code     0  startup_stm32f40_41xxx.o(.text)
    RTC_Alarm_IRQHandler                     0x080001b7   Thumb Code     0  startup_stm32f40_41xxx.o(.text)
    RTC_WKUP_IRQHandler                      0x080001b7   Thumb Code     0  startup_stm32f40_41xxx.o(.text)
    SDIO_IRQHandler                          0x080001b7   Thumb Code     0  startup_stm32f40_41xxx.o(.text)
    SPI1_IRQHandler                          0x080001b7   Thumb Code     0  startup_stm32f40_41xxx.o(.text)
    SPI2_IRQHandler                          0x080001b7   Thumb Code     0  startup_stm32f40_41xxx.o(.text)
    SPI3_IRQHandler                          0x080001b7   Thumb Code     0  startup_stm32f40_41xxx.o(.text)
    TAMP_STAMP_IRQHandler                    0x080001b7   Thumb Code     0  startup_stm32f40_41xxx.o(.text)
    TIM1_BRK_TIM9_IRQHandler                 0x080001b7   Thumb Code     0  startup_stm32f40_41xxx.o(.text)
    TIM1_CC_IRQHandler                       0x080001b7   Thumb Code     0  startup_stm32f40_41xxx.o(.text)
    TIM1_TRG_COM_TIM11_IRQHandler            0x080001b7   Thumb Code     0  startup_stm32f40_41xxx.o(.text)
    TIM1_UP_TIM10_IRQHandler                 0x080001b7   Thumb Code     0  startup_stm32f40_41xxx.o(.text)
    TIM3_IRQHandler                          0x080001b7   Thumb Code     0  startup_stm32f40_41xxx.o(.text)
    TIM4_IRQHandler                          0x080001b7   Thumb Code     0  startup_stm32f40_41xxx.o(.text)
    TIM6_DAC_IRQHandler                      0x080001b7   Thumb Code     0  startup_stm32f40_41xxx.o(.text)
    TIM7_IRQHandler                          0x080001b7   Thumb Code     0  startup_stm32f40_41xxx.o(.text)
    TIM8_BRK_TIM12_IRQHandler                0x080001b7   Thumb Code     0  startup_stm32f40_41xxx.o(.text)
    TIM8_CC_IRQHandler                       0x080001b7   Thumb Code     0  startup_stm32f40_41xxx.o(.text)
    TIM8_TRG_COM_TIM14_IRQHandler            0x080001b7   Thumb Code     0  startup_stm32f40_41xxx.o(.text)
    TIM8_UP_TIM13_IRQHandler                 0x080001b7   Thumb Code     0  startup_stm32f40_41xxx.o(.text)
    UART4_IRQHandler                         0x080001b7   Thumb Code     0  startup_stm32f40_41xxx.o(.text)
    UART5_IRQHandler                         0x080001b7   Thumb Code     0  startup_stm32f40_41xxx.o(.text)
    USART6_IRQHandler                        0x080001b7   Thumb Code     0  startup_stm32f40_41xxx.o(.text)
    WWDG_IRQHandler                          0x080001b7   Thumb Code     0  startup_stm32f40_41xxx.o(.text)
    __aeabi_memcpy                           0x080001c1   Thumb Code    36  memcpya.o(.text)
    __aeabi_memcpy4                          0x080001c1   Thumb Code     0  memcpya.o(.text)
    __aeabi_memcpy8                          0x080001c1   Thumb Code     0  memcpya.o(.text)
    __aeabi_memset                           0x080001e5   Thumb Code    14  memseta.o(.text)
    __aeabi_memset4                          0x080001e5   Thumb Code     0  memseta.o(.text)
    __aeabi_memset8                          0x080001e5   Thumb Code     0  memseta.o(.text)
    __aeabi_memclr                           0x080001f3   Thumb Code     4  memseta.o(.text)
    __aeabi_memclr4                          0x080001f3   Thumb Code     0  memseta.o(.text)
    __aeabi_memclr8                          0x080001f3   Thumb Code     0  memseta.o(.text)
    _memset$wrapper                          0x080001f7   Thumb Code    18  memseta.o(.text)
    __aeabi_dadd                             0x08000209   Thumb Code   322  dadd.o(.text)
    __aeabi_dsub                             0x0800034b   Thumb Code     6  dadd.o(.text)
    __aeabi_drsub                            0x08000351   Thumb Code     6  dadd.o(.text)
    __aeabi_dmul                             0x08000357   Thumb Code   228  dmul.o(.text)
    __aeabi_ddiv                             0x0800043b   Thumb Code   222  ddiv.o(.text)
    __aeabi_ul2f                             0x08000519   Thumb Code    28  ffltul.o(.text)
    __aeabi_ui2d                             0x08000535   Thumb Code    26  dfltui.o(.text)
    __aeabi_ul2d                             0x0800054f   Thumb Code    24  dfltul.o(.text)
    __aeabi_f2d                              0x08000567   Thumb Code    38  f2d.o(.text)
    __aeabi_d2f                              0x0800058d   Thumb Code    56  d2f.o(.text)
    __aeabi_uidiv                            0x080005c5   Thumb Code     0  uidiv.o(.text)
    __aeabi_uidivmod                         0x080005c5   Thumb Code    44  uidiv.o(.text)
    __aeabi_uldivmod                         0x080005f1   Thumb Code    98  uldiv.o(.text)
    __aeabi_llsl                             0x08000653   Thumb Code    30  llshl.o(.text)
    _ll_shift_l                              0x08000653   Thumb Code     0  llshl.o(.text)
    __aeabi_lasr                             0x08000671   Thumb Code    36  llsshr.o(.text)
    _ll_sshift_r                             0x08000671   Thumb Code     0  llsshr.o(.text)
    __I$use$fp                               0x08000695   Thumb Code     0  iusefp.o(.text)
    _float_round                             0x08000695   Thumb Code    18  fepilogue.o(.text)
    _float_epilogue                          0x080006a7   Thumb Code    92  fepilogue.o(.text)
    _double_round                            0x08000703   Thumb Code    30  depilogue.o(.text)
    _double_epilogue                         0x08000721   Thumb Code   156  depilogue.o(.text)
    __aeabi_d2ulz                            0x080007bd   Thumb Code    48  dfixul.o(.text)
    __aeabi_cdrcmple                         0x080007ed   Thumb Code    48  cdrcmple.o(.text)
    __scatterload                            0x0800081d   Thumb Code    28  init.o(.text)
    __scatterload_rt2                        0x0800081d   Thumb Code     0  init.o(.text)
    __aeabi_llsr                             0x08000841   Thumb Code    32  llushr.o(.text)
    _ll_ushift_r                             0x08000841   Thumb Code     0  llushr.o(.text)
    __decompress                             0x08000861   Thumb Code     0  __dczerorl2.o(.text)
    __decompress1                            0x08000861   Thumb Code    86  __dczerorl2.o(.text)
    ADC_Cmd                                  0x080008b7   Thumb Code    20  stm32f4xx_adc.o(i.ADC_Cmd)
    ADC_CommonInit                           0x080008cd   Thumb Code    34  stm32f4xx_adc.o(i.ADC_CommonInit)
    ADC_DMACmd                               0x080008f9   Thumb Code    20  stm32f4xx_adc.o(i.ADC_DMACmd)
    ADC_DMARequestAfterLastTransferCmd       0x0800090d   Thumb Code    20  stm32f4xx_adc.o(i.ADC_DMARequestAfterLastTransferCmd)
    ADC_Init                                 0x08000921   Thumb Code    66  stm32f4xx_adc.o(i.ADC_Init)
    ADC_RegularChannelConfig                 0x0800096d   Thumb Code   116  stm32f4xx_adc.o(i.ADC_RegularChannelConfig)
    ADC_SoftwareStartConv                    0x080009e1   Thumb Code    10  stm32f4xx_adc.o(i.ADC_SoftwareStartConv)
    ADC_StructInit                           0x080009eb   Thumb Code    20  stm32f4xx_adc.o(i.ADC_StructInit)
    AD_Init                                  0x08000a01   Thumb Code   248  ad.o(i.AD_Init)
    BusFault_Handler                         0x08000b0d   Thumb Code     2  stm32f4xx_it.o(i.BusFault_Handler)
    CalcSum1                                 0x08000b0f   Thumb Code    22  im948_cmd.o(i.CalcSum1)
    Cmd_03                                   0x08000b25   Thumb Code    18  im948_cmd.o(i.Cmd_03)
    Cmd_12                                   0x08000b3d   Thumb Code    84  im948_cmd.o(i.Cmd_12)
    Cmd_19                                   0x08000b95   Thumb Code    24  im948_cmd.o(i.Cmd_19)
    Cmd_40                                   0x08000bc9   Thumb Code    22  im948_cmd.o(i.Cmd_40)
    Cmd_PackAndTx                            0x08000be5   Thumb Code   108  im948_cmd.o(i.Cmd_PackAndTx)
    CopeWitData_user                         0x08000d15   Thumb Code     4  wit_c_sdk.o(i.CopeWitData_user)
    Ctl_WatchDog_Timer_Init                  0x08000d19   Thumb Code   118  timer.o(i.Ctl_WatchDog_Timer_Init)
    DHT11_Check                              0x08000d95   Thumb Code    88  dht11.o(i.DHT11_Check)
    DHT11_IO_IN                              0x08000df1   Thumb Code    44  dht11.o(i.DHT11_IO_IN)
    DHT11_IO_OUT                             0x08000e21   Thumb Code    48  dht11.o(i.DHT11_IO_OUT)
    DHT11_Init                               0x08000e55   Thumb Code    14  dht11.o(i.DHT11_Init)
    DHT11_Read_Bit                           0x08000e65   Thumb Code    86  dht11.o(i.DHT11_Read_Bit)
    DHT11_Read_Byte                          0x08000ec1   Thumb Code    26  dht11.o(i.DHT11_Read_Byte)
    DHT11_Read_Data                          0x08000edd   Thumb Code   134  dht11.o(i.DHT11_Read_Data)
    DHT11_Rst                                0x08000f6d   Thumb Code    44  dht11.o(i.DHT11_Rst)
    DHT11_Task                               0x08000f9d   Thumb Code     8  tasks.o(i.DHT11_Task)
    DMA_Cmd                                  0x08000fa9   Thumb Code    20  stm32f4xx_dma.o(i.DMA_Cmd)
    DMA_DeInit                               0x08000fbd   Thumb Code   272  stm32f4xx_dma.o(i.DMA_DeInit)
    DMA_GetCurrDataCounter                   0x080010e1   Thumb Code     6  stm32f4xx_dma.o(i.DMA_GetCurrDataCounter)
    DMA_Init                                 0x080010e9   Thumb Code    80  stm32f4xx_dma.o(i.DMA_Init)
    DebugMon_Handler                         0x0800113d   Thumb Code     2  stm32f4xx_it.o(i.DebugMon_Handler)
    Delay_ms                                 0x0800113f   Thumb Code    22  delay.o(i.Delay_ms)
    Delay_us                                 0x08001155   Thumb Code    36  delay.o(i.Delay_us)
    Delayms                                  0x08001179   Thumb Code     4  jy901b.o(i.Delayms)
    ESC_Init                                 0x0800117d   Thumb Code    44  motor.o(i.ESC_Init)
    GPIO_Init                                0x080011b1   Thumb Code   162  stm32f4xx_gpio.o(i.GPIO_Init)
    GPIO_PinAFConfig                         0x08001253   Thumb Code    32  stm32f4xx_gpio.o(i.GPIO_PinAFConfig)
    GPIO_ReadInputDataBit                    0x08001273   Thumb Code    14  stm32f4xx_gpio.o(i.GPIO_ReadInputDataBit)
    GPIO_ResetBits                           0x08001281   Thumb Code     6  stm32f4xx_gpio.o(i.GPIO_ResetBits)
    GPIO_SetBits                             0x08001287   Thumb Code     4  stm32f4xx_gpio.o(i.GPIO_SetBits)
    GPIO_WriteBit                            0x0800128b   Thumb Code    10  stm32f4xx_gpio.o(i.GPIO_WriteBit)
    GetSystemTick                            0x08001295   Thumb Code     6  taskscheduler.o(i.GetSystemTick)
    HardFault_Handler                        0x080012a1   Thumb Code     2  stm32f4xx_it.o(i.HardFault_Handler)
    IM948_Init                               0x080012a5   Thumb Code    92  im948_cmd.o(i.IM948_Init)
    IM948_Write                              0x08001355   Thumb Code    58  serial.o(i.IM948_Write)
    IWDG_Enable                              0x08001395   Thumb Code    10  stm32f4xx_iwdg.o(i.IWDG_Enable)
    IWDG_ReloadCounter                       0x080013a5   Thumb Code    10  stm32f4xx_iwdg.o(i.IWDG_ReloadCounter)
    IWDG_SetPrescaler                        0x080013b5   Thumb Code     6  stm32f4xx_iwdg.o(i.IWDG_SetPrescaler)
    IWDG_SetReload                           0x080013c1   Thumb Code     6  stm32f4xx_iwdg.o(i.IWDG_SetReload)
    IWDG_WriteAccessCmd                      0x080013cd   Thumb Code     6  stm32f4xx_iwdg.o(i.IWDG_WriteAccessCmd)
    JY901B_GetData                           0x080013d9   Thumb Code   194  jy901b.o(i.JY901B_GetData)
    JY901B_Init                              0x080014ad   Thumb Code    54  jy901b.o(i.JY901B_Init)
    JY901B_Task                              0x080014f5   Thumb Code    28  tasks.o(i.JY901B_Task)
    JY901B_UartInit                          0x08001515   Thumb Code   150  jy901b_uart.o(i.JY901B_UartInit)
    JY901B_UartSend                          0x080015b5   Thumb Code    58  jy901b_uart.o(i.JY901B_UartSend)
    JY901B_process                           0x080015f5   Thumb Code   334  jy901b.o(i.JY901B_process)
    LED_Init                                 0x08001751   Thumb Code    58  led.o(i.LED_Init)
    MS583703BA_RESET                         0x08001791   Thumb Code    26  ms5837_i2c.o(i.MS583703BA_RESET)
    MS5837I2C_Init                           0x080017ad   Thumb Code    66  ms5837_i2c.o(i.MS5837I2C_Init)
    MS5837I2C_R_SDA                          0x080017f5   Thumb Code    22  ms5837_i2c.o(i.MS5837I2C_R_SDA)
    MS5837I2C_ReceiveAck                     0x08001811   Thumb Code    30  ms5837_i2c.o(i.MS5837I2C_ReceiveAck)
    MS5837I2C_ReceiveByte                    0x0800182f   Thumb Code    64  ms5837_i2c.o(i.MS5837I2C_ReceiveByte)
    MS5837I2C_SendAck                        0x0800186f   Thumb Code    22  ms5837_i2c.o(i.MS5837I2C_SendAck)
    MS5837I2C_SendByte                       0x08001885   Thumb Code    46  ms5837_i2c.o(i.MS5837I2C_SendByte)
    MS5837I2C_Start                          0x080018b3   Thumb Code    30  ms5837_i2c.o(i.MS5837I2C_Start)
    MS5837I2C_Stop                           0x080018d1   Thumb Code    24  ms5837_i2c.o(i.MS5837I2C_Stop)
    MS5837I2C_W_SCL                          0x080018e9   Thumb Code    22  ms5837_i2c.o(i.MS5837I2C_W_SCL)
    MS5837I2C_W_SDA                          0x08001905   Thumb Code    22  ms5837_i2c.o(i.MS5837I2C_W_SDA)
    MS5837_GetDepth_1                        0x08001921   Thumb Code    26  ms5837_i2c.o(i.MS5837_GetDepth_1)
    MS5837_GetDepth_2                        0x0800193d   Thumb Code   170  ms5837_i2c.o(i.MS5837_GetDepth_2)
    MS5837_GetTemp_1                         0x080019fd   Thumb Code    26  ms5837_i2c.o(i.MS5837_GetTemp_1)
    MS5837_GetTemp_2                         0x08001a19   Thumb Code   588  ms5837_i2c.o(i.MS5837_GetTemp_2)
    MS5837_Task                              0x08001c79   Thumb Code   120  tasks.o(i.MS5837_Task)
    MS5837_init                              0x08001cf5   Thumb Code   114  ms5837_i2c.o(i.MS5837_init)
    MemManage_Handler                        0x08001d71   Thumb Code     2  stm32f4xx_it.o(i.MemManage_Handler)
    Memcpy                                   0x08001d73   Thumb Code    26  im948_cmd.o(i.Memcpy)
    Motor_SetPWM                             0x08001d8d   Thumb Code    60  pwm.o(i.Motor_SetPWM)
    Motor_SetSpeed                           0x08001dd1   Thumb Code    50  motor.o(i.Motor_SetSpeed)
    Ms5837_read                              0x08001e03   Thumb Code    82  ms5837_i2c.o(i.Ms5837_read)
    NMI_Handler                              0x08001e55   Thumb Code     2  stm32f4xx_it.o(i.NMI_Handler)
    NVIC_Init                                0x08001e59   Thumb Code    96  misc.o(i.NVIC_Init)
    NVIC_PriorityGroupConfig                 0x08001ebd   Thumb Code    10  misc.o(i.NVIC_PriorityGroupConfig)
    PWM_Init                                 0x08001ed1   Thumb Code   538  pwm.o(i.PWM_Init)
    PendSV_Handler                           0x08002109   Thumb Code     2  stm32f4xx_it.o(i.PendSV_Handler)
    RCC_AHB1PeriphClockCmd                   0x0800210d   Thumb Code    18  stm32f4xx_rcc.o(i.RCC_AHB1PeriphClockCmd)
    RCC_APB1PeriphClockCmd                   0x08002125   Thumb Code    18  stm32f4xx_rcc.o(i.RCC_APB1PeriphClockCmd)
    RCC_APB2PeriphClockCmd                   0x0800213d   Thumb Code    18  stm32f4xx_rcc.o(i.RCC_APB2PeriphClockCmd)
    RCC_GetClocksFreq                        0x08002155   Thumb Code   132  stm32f4xx_rcc.o(i.RCC_GetClocksFreq)
    RCC_GetFlagStatus                        0x080021e5   Thumb Code    46  stm32f4xx_rcc.o(i.RCC_GetFlagStatus)
    RCC_LSICmd                               0x08002219   Thumb Code     6  stm32f4xx_rcc.o(i.RCC_LSICmd)
    SVC_Handler                              0x08002225   Thumb Code     2  stm32f4xx_it.o(i.SVC_Handler)
    SensorDataUpdata                         0x08002229   Thumb Code    72  jy901b.o(i.SensorDataUpdata)
    SensorUartSend                           0x08002275   Thumb Code     4  jy901b.o(i.SensorUartSend)
    Serial_Init                              0x08002279   Thumb Code   174  serial.o(i.Serial_Init)
    Serial_SendByte                          0x08002331   Thumb Code    26  serial.o(i.Serial_SendByte)
    SysTick_Handler                          0x08002405   Thumb Code     2  stm32f4xx_it.o(i.SysTick_Handler)
    SystemInit                               0x08002409   Thumb Code    74  system_stm32f4xx.o(i.SystemInit)
    SystemTick_Increment                     0x08002465   Thumb Code    10  taskscheduler.o(i.SystemTick_Increment)
    TIM2_IRQHandler                          0x08002475   Thumb Code    34  taskscheduler.o(i.TIM2_IRQHandler)
    TIM5_IRQHandler                          0x08002499   Thumb Code    72  serial.o(i.TIM5_IRQHandler)
    TIM_ClearFlag                            0x080024f1   Thumb Code     6  stm32f4xx_tim.o(i.TIM_ClearFlag)
    TIM_ClearITPendingBit                    0x080024f7   Thumb Code     6  stm32f4xx_tim.o(i.TIM_ClearITPendingBit)
    TIM_Cmd                                  0x080024fd   Thumb Code    20  stm32f4xx_tim.o(i.TIM_Cmd)
    TIM_GetITStatus                          0x08002511   Thumb Code    24  stm32f4xx_tim.o(i.TIM_GetITStatus)
    TIM_ITConfig                             0x08002529   Thumb Code    16  stm32f4xx_tim.o(i.TIM_ITConfig)
    TIM_InternalClockConfig                  0x08002539   Thumb Code    10  stm32f4xx_tim.o(i.TIM_InternalClockConfig)
    TIM_OC1Init                              0x08002545   Thumb Code    88  stm32f4xx_tim.o(i.TIM_OC1Init)
    TIM_OC1PreloadConfig                     0x080025a5   Thumb Code    12  stm32f4xx_tim.o(i.TIM_OC1PreloadConfig)
    TIM_OC2Init                              0x080025b1   Thumb Code   120  stm32f4xx_tim.o(i.TIM_OC2Init)
    TIM_OC2PreloadConfig                     0x08002631   Thumb Code    20  stm32f4xx_tim.o(i.TIM_OC2PreloadConfig)
    TIM_OC3Init                              0x08002645   Thumb Code   116  stm32f4xx_tim.o(i.TIM_OC3Init)
    TIM_OC3PreloadConfig                     0x080026c1   Thumb Code    12  stm32f4xx_tim.o(i.TIM_OC3PreloadConfig)
    TIM_OC4Init                              0x080026cd   Thumb Code    88  stm32f4xx_tim.o(i.TIM_OC4Init)
    TIM_OC4PreloadConfig                     0x0800272d   Thumb Code    20  stm32f4xx_tim.o(i.TIM_OC4PreloadConfig)
    TIM_OCStructInit                         0x08002741   Thumb Code    20  stm32f4xx_tim.o(i.TIM_OCStructInit)
    TIM_SetCompare1                          0x08002755   Thumb Code     4  stm32f4xx_tim.o(i.TIM_SetCompare1)
    TIM_SetCompare2                          0x08002759   Thumb Code     4  stm32f4xx_tim.o(i.TIM_SetCompare2)
    TIM_SetCompare3                          0x0800275d   Thumb Code     4  stm32f4xx_tim.o(i.TIM_SetCompare3)
    TIM_SetCompare4                          0x08002761   Thumb Code     4  stm32f4xx_tim.o(i.TIM_SetCompare4)
    TIM_TimeBaseInit                         0x08002765   Thumb Code    96  stm32f4xx_tim.o(i.TIM_TimeBaseInit)
    TaskScheduler_Check                      0x080027e1   Thumb Code    66  taskscheduler.o(i.TaskScheduler_Check)
    TaskScheduler_Execute                    0x08002829   Thumb Code    78  taskscheduler.o(i.TaskScheduler_Execute)
    TaskScheduler_Init                       0x0800287d   Thumb Code    42  taskscheduler.o(i.TaskScheduler_Init)
    TaskScheduler_Run                        0x080028ad   Thumb Code    18  taskscheduler.o(i.TaskScheduler_Run)
    Task_DMA_pdata_poll                      0x080028c1   Thumb Code    52  tasks.o(i.Task_DMA_pdata_poll)
    Task_Disable                             0x08002905   Thumb Code    26  taskscheduler.o(i.Task_Disable)
    Task_Enable                              0x08002925   Thumb Code    26  taskscheduler.o(i.Task_Enable)
    Task_IM948_Process                       0x08002945   Thumb Code     2  tasks.o(i.Task_IM948_Process)
    Task_JY901_DMA_pdata_poll                0x08002949   Thumb Code    46  tasks.o(i.Task_JY901_DMA_pdata_poll)
    Timer_Init                               0x08002985   Thumb Code   116  timer.o(i.Timer_Init)
    USART1_DMA_Init                          0x080029f9   Thumb Code    92  dma.o(i.USART1_DMA_Init)
    USART1_IRQHandler                        0x08002a61   Thumb Code     2  serial.o(i.USART1_IRQHandler)
    USART1_Init                              0x08002a65   Thumb Code   136  serial.o(i.USART1_Init)
    USART2_DMA_Init                          0x08002af5   Thumb Code    92  dma.o(i.USART2_DMA_Init)
    USART2_IRQHandler                        0x08002b5d   Thumb Code     2  jy901b.o(i.USART2_IRQHandler)
    USART3_DMA_Init                          0x08002b61   Thumb Code    90  dma.o(i.USART3_DMA_Init)
    USART3_IRQHandler                        0x08002bc9   Thumb Code   332  serial.o(i.USART3_IRQHandler)
    USART_Cmd                                0x08002d35   Thumb Code    20  stm32f4xx_usart.o(i.USART_Cmd)
    USART_DMACmd                             0x08002d49   Thumb Code    16  stm32f4xx_usart.o(i.USART_DMACmd)
    USART_GetFlagStatus                      0x08002d59   Thumb Code    14  stm32f4xx_usart.o(i.USART_GetFlagStatus)
    USART_GetITStatus                        0x08002d67   Thumb Code    62  stm32f4xx_usart.o(i.USART_GetITStatus)
    USART_ITConfig                           0x08002da5   Thumb Code    48  stm32f4xx_usart.o(i.USART_ITConfig)
    USART_Init                               0x08002dd5   Thumb Code   164  stm32f4xx_usart.o(i.USART_Init)
    USART_SendData                           0x08002e81   Thumb Code     8  stm32f4xx_usart.o(i.USART_SendData)
    Uart_send_fast_Task                      0x08002e89   Thumb Code   440  tasks.o(i.Uart_send_fast_Task)
    Uart_send_slow_Task                      0x08003081   Thumb Code    82  tasks.o(i.Uart_send_slow_Task)
    UsageFault_Handler                       0x080030e1   Thumb Code     2  stm32f4xx_it.o(i.UsageFault_Handler)
    Voltage_Task                             0x080030e5   Thumb Code    58  tasks.o(i.Voltage_Task)
    Watchdog_Feed                            0x08003135   Thumb Code     4  watchdog.o(i.Watchdog_Feed)
    Watchdog_Init                            0x08003139   Thumb Code    52  watchdog.o(i.Watchdog_Init)
    WitDelayMsRegister                       0x0800316d   Thumb Code    16  wit_c_sdk.o(i.WitDelayMsRegister)
    WitInit                                  0x08003181   Thumb Code    22  wit_c_sdk.o(i.WitInit)
    WitRegisterCallBack                      0x0800319d   Thumb Code    16  wit_c_sdk.o(i.WitRegisterCallBack)
    WitSerialWriteRegister                   0x080031b1   Thumb Code    16  wit_c_sdk.o(i.WitSerialWriteRegister)
    __0printf                                0x080031c5   Thumb Code    22  printfa.o(i.__0printf)
    __1printf                                0x080031c5   Thumb Code     0  printfa.o(i.__0printf)
    __2printf                                0x080031c5   Thumb Code     0  printfa.o(i.__0printf)
    __c89printf                              0x080031c5   Thumb Code     0  printfa.o(i.__0printf)
    printf                                   0x080031c5   Thumb Code     0  printfa.o(i.__0printf)
    __scatterload_copy                       0x080031e5   Thumb Code    14  handlers.o(i.__scatterload_copy)
    __scatterload_null                       0x080031f3   Thumb Code     2  handlers.o(i.__scatterload_null)
    __scatterload_zeroinit                   0x080031f5   Thumb Code    14  handlers.o(i.__scatterload_zeroinit)
    current_Getdata                          0x08003ab9   Thumb Code    76  ad.o(i.current_Getdata)
    fputc                                    0x08003b29   Thumb Code    14  serial.o(i.fputc)
    main                                     0x08003b39   Thumb Code    82  main.o(i.main)
    voltage_Getdata                          0x08003b9d   Thumb Code    64  ad.o(i.voltage_Getdata)
    Region$$Table$$Base                      0x08003c8c   Number         0  anon$$obj.o(Region$$Table)
    Region$$Table$$Limit                     0x08003cac   Number         0  anon$$obj.o(Region$$Table)
    g_event_im948_received                   0x20000010   Data           1  taskscheduler.o(.data)
    g_task_flags                             0x20000014   Data           2  taskscheduler.o(.data)
    temperature                              0x200000f4   Data           1  tasks.o(.data)
    humidity                                 0x200000f5   Data           1  tasks.o(.data)
    MS5837_Temp_State                        0x200000f6   Data           1  tasks.o(.data)
    MS5837_Depth_State                       0x200000f7   Data           1  tasks.o(.data)
    MS5837_Temp_Init_Flag                    0x200000f8   Data           1  tasks.o(.data)
    MS6837_Temp_count                        0x200000f9   Data           1  tasks.o(.data)
    Mea_Temp                                 0x20000100   Data           4  tasks.o(.data)
    Mea_Press                                0x20000104   Data           4  tasks.o(.data)
    Mea_Depth                                0x20000108   Data           4  tasks.o(.data)
    voltage                                  0x2000010c   Data           4  tasks.o(.data)
    current                                  0x20000110   Data           4  tasks.o(.data)
    Serial_RxData                            0x20000115   Data           1  serial.o(.data)
    Serial_RxFlag                            0x20000116   Data           1  serial.o(.data)
    AD_Value                                 0x20000118   Data           8  ad.o(.data)
    dht11_delay_flag                         0x20000120   Data           1  dht11.o(.data)
    ms5837_flag                              0x20000128   Data           1  ms5837_i2c.o(.data)
    Atmdsphere_Pressure                      0x2000012c   Data           4  ms5837_i2c.o(.data)
    Aux                                      0x20000130   Data           4  ms5837_i2c.o(.data)
    D1_Pres                                  0x20000134   Data           4  ms5837_i2c.o(.data)
    D2_Temp                                  0x20000138   Data           4  ms5837_i2c.o(.data)
    T2                                       0x2000013c   Data           4  ms5837_i2c.o(.data)
    OFF2                                     0x20000140   Data           4  ms5837_i2c.o(.data)
    SENS2                                    0x20000144   Data           4  ms5837_i2c.o(.data)
    OFF_                                     0x20000148   Data           8  ms5837_i2c.o(.data)
    dT                                       0x20000150   Data           8  ms5837_i2c.o(.data)
    Temperature                              0x20000158   Data           8  ms5837_i2c.o(.data)
    SENS                                     0x20000160   Data           8  ms5837_i2c.o(.data)
    s_cDataUpdate                            0x20000168   Data           1  jy901b.o(.data)
    s_cCmd                                   0x20000169   Data           1  jy901b.o(.data)
    isNewData_JY901B                         0x2000016d   Data           1  wit_c_sdk.o(.data)
    motor_num                                0x20000194   Data           1  motor.o(.data)
    targetDeviceAddress                      0x20000198   Data           1  im948_cmd.o(.data)
    IM948_GetNewData                         0x20000199   Data           1  im948_cmd.o(.data)
    im948_ctl                                0x2000019a   Data           1  im948_cmd.o(.data)
    Accabs_im948                             0x200001a0   Data           4  im948_cmd.o(.data)
    Gyroabs_im948                            0x200001a4   Data           4  im948_cmd.o(.data)
    Z_quat_im948                             0x200001a8   Data           4  im948_cmd.o(.data)
    Press_im948                              0x200001ac   Data           4  im948_cmd.o(.data)
    AccX_im948                               0x200001b0   Data           4  im948_cmd.o(.data)
    AccY_im948                               0x200001b4   Data           4  im948_cmd.o(.data)
    AccZ_im948                               0x200001b8   Data           4  im948_cmd.o(.data)
    GyroX_im948                              0x200001bc   Data           4  im948_cmd.o(.data)
    GyroY_im948                              0x200001c0   Data           4  im948_cmd.o(.data)
    GyroZ_im948                              0x200001c4   Data           4  im948_cmd.o(.data)
    W_quat_im948                             0x200001c8   Data           4  im948_cmd.o(.data)
    X_quat_im948                             0x200001cc   Data           4  im948_cmd.o(.data)
    Y_quat_im948                             0x200001d0   Data           4  im948_cmd.o(.data)
    Temp_im948                               0x200001d4   Data           4  im948_cmd.o(.data)
    __stdout                                 0x200001d8   Data           4  stdout.o(.data)
    fAcc                                     0x200001dc   Data          12  tasks.o(.bss)
    fGyro                                    0x200001e8   Data          12  tasks.o(.bss)
    fQuater                                  0x200001f4   Data          16  tasks.o(.bss)
    Serial_RxPWM_Control                     0x20000204   Data          64  serial.o(.bss)
    Serial_SensorData                        0x20000244   Data          52  serial.o(.bss)
    Cal_C                                    0x20000278   Data          28  ms5837_i2c.o(.bss)
    JY901BFifo                               0x200002c6   Data        2006  jy901b.o(.bss)
    sReg                                     0x20000b9c   Data         288  wit_c_sdk.o(.bss)
    motor_pulse                              0x20000cbc   Data          12  motor.o(.bss)
    Uart1Fifo                                0x20000d16   Data        2054  im948_cmd.o(.bss)
    __initial_sp                             0x20001920   Data           0  startup_stm32f40_41xxx.o(STACK)



==============================================================================

Memory Map of the image

  Image Entry point : 0x08000189

  Load Region LR_IROM1 (Base: 0x08000000, Size: 0x00003e88, Max: 0x00100000, ABSOLUTE, COMPRESSED[0x00003d18])

    Execution Region ER_IROM1 (Exec base: 0x08000000, Load base: 0x08000000, Size: 0x00003cac, Max: 0x00100000, ABSOLUTE)

    Exec Addr    Load Addr    Size         Type   Attr      Idx    E Section Name        Object

    0x08000000   0x08000000   0x00000188   Data   RO            3    RESET               startup_stm32f40_41xxx.o
    0x08000188   0x08000188   0x00000000   Code   RO         7118  * .ARM.Collect$$$$00000000  mc_w.l(entry.o)
    0x08000188   0x08000188   0x00000004   Code   RO         7432    .ARM.Collect$$$$00000001  mc_w.l(entry2.o)
    0x0800018c   0x0800018c   0x00000004   Code   RO         7435    .ARM.Collect$$$$00000004  mc_w.l(entry5.o)
    0x08000190   0x08000190   0x00000000   Code   RO         7437    .ARM.Collect$$$$00000008  mc_w.l(entry7b.o)
    0x08000190   0x08000190   0x00000000   Code   RO         7439    .ARM.Collect$$$$0000000A  mc_w.l(entry8b.o)
    0x08000190   0x08000190   0x00000008   Code   RO         7440    .ARM.Collect$$$$0000000B  mc_w.l(entry9a.o)
    0x08000198   0x08000198   0x00000000   Code   RO         7442    .ARM.Collect$$$$0000000D  mc_w.l(entry10a.o)
    0x08000198   0x08000198   0x00000000   Code   RO         7444    .ARM.Collect$$$$0000000F  mc_w.l(entry11a.o)
    0x08000198   0x08000198   0x00000004   Code   RO         7433    .ARM.Collect$$$$00002712  mc_w.l(entry2.o)
    0x0800019c   0x0800019c   0x00000024   Code   RO            4    .text               startup_stm32f40_41xxx.o
    0x080001c0   0x080001c0   0x00000024   Code   RO         7121    .text               mc_w.l(memcpya.o)
    0x080001e4   0x080001e4   0x00000024   Code   RO         7123    .text               mc_w.l(memseta.o)
    0x08000208   0x08000208   0x0000014e   Code   RO         7416    .text               mf_w.l(dadd.o)
    0x08000356   0x08000356   0x000000e4   Code   RO         7418    .text               mf_w.l(dmul.o)
    0x0800043a   0x0800043a   0x000000de   Code   RO         7420    .text               mf_w.l(ddiv.o)
    0x08000518   0x08000518   0x0000001c   Code   RO         7422    .text               mf_w.l(ffltul.o)
    0x08000534   0x08000534   0x0000001a   Code   RO         7424    .text               mf_w.l(dfltui.o)
    0x0800054e   0x0800054e   0x00000018   Code   RO         7426    .text               mf_w.l(dfltul.o)
    0x08000566   0x08000566   0x00000026   Code   RO         7428    .text               mf_w.l(f2d.o)
    0x0800058c   0x0800058c   0x00000038   Code   RO         7430    .text               mf_w.l(d2f.o)
    0x080005c4   0x080005c4   0x0000002c   Code   RO         7447    .text               mc_w.l(uidiv.o)
    0x080005f0   0x080005f0   0x00000062   Code   RO         7449    .text               mc_w.l(uldiv.o)
    0x08000652   0x08000652   0x0000001e   Code   RO         7451    .text               mc_w.l(llshl.o)
    0x08000670   0x08000670   0x00000024   Code   RO         7453    .text               mc_w.l(llsshr.o)
    0x08000694   0x08000694   0x00000000   Code   RO         7464    .text               mc_w.l(iusefp.o)
    0x08000694   0x08000694   0x0000006e   Code   RO         7465    .text               mf_w.l(fepilogue.o)
    0x08000702   0x08000702   0x000000ba   Code   RO         7467    .text               mf_w.l(depilogue.o)
    0x080007bc   0x080007bc   0x00000030   Code   RO         7471    .text               mf_w.l(dfixul.o)
    0x080007ec   0x080007ec   0x00000030   Code   RO         7475    .text               mf_w.l(cdrcmple.o)
    0x0800081c   0x0800081c   0x00000024   Code   RO         7477    .text               mc_w.l(init.o)
    0x08000840   0x08000840   0x00000020   Code   RO         7479    .text               mc_w.l(llushr.o)
    0x08000860   0x08000860   0x00000056   Code   RO         7489    .text               mc_w.l(__dczerorl2.o)
    0x080008b6   0x080008b6   0x00000014   Code   RO          213    i.ADC_Cmd           stm32f4xx_adc.o
    0x080008ca   0x080008ca   0x00000002   PAD
    0x080008cc   0x080008cc   0x0000002c   Code   RO          214    i.ADC_CommonInit    stm32f4xx_adc.o
    0x080008f8   0x080008f8   0x00000014   Code   RO          217    i.ADC_DMACmd        stm32f4xx_adc.o
    0x0800090c   0x0800090c   0x00000014   Code   RO          218    i.ADC_DMARequestAfterLastTransferCmd  stm32f4xx_adc.o
    0x08000920   0x08000920   0x0000004c   Code   RO          233    i.ADC_Init          stm32f4xx_adc.o
    0x0800096c   0x0800096c   0x00000074   Code   RO          238    i.ADC_RegularChannelConfig  stm32f4xx_adc.o
    0x080009e0   0x080009e0   0x0000000a   Code   RO          240    i.ADC_SoftwareStartConv  stm32f4xx_adc.o
    0x080009ea   0x080009ea   0x00000014   Code   RO          242    i.ADC_StructInit    stm32f4xx_adc.o
    0x080009fe   0x080009fe   0x00000002   PAD
    0x08000a00   0x08000a00   0x0000010c   Code   RO         5872    i.AD_Init           ad.o
    0x08000b0c   0x08000b0c   0x00000002   Code   RO         5202    i.BusFault_Handler  stm32f4xx_it.o
    0x08000b0e   0x08000b0e   0x00000016   Code   RO         6761    i.CalcSum1          im948_cmd.o
    0x08000b24   0x08000b24   0x00000018   Code   RO         6763    i.Cmd_03            im948_cmd.o
    0x08000b3c   0x08000b3c   0x00000058   Code   RO         6771    i.Cmd_12            im948_cmd.o
    0x08000b94   0x08000b94   0x00000034   Code   RO         6778    i.Cmd_19            im948_cmd.o
    0x08000bc8   0x08000bc8   0x0000001c   Code   RO         6803    i.Cmd_40            im948_cmd.o
    0x08000be4   0x08000be4   0x00000074   Code   RO         6814    i.Cmd_PackAndTx     im948_cmd.o
    0x08000c58   0x08000c58   0x000000bc   Code   RO         6487    i.CopeWitData       wit_c_sdk.o
    0x08000d14   0x08000d14   0x00000004   Code   RO         6488    i.CopeWitData_user  wit_c_sdk.o
    0x08000d18   0x08000d18   0x0000007c   Code   RO         5506    i.Ctl_WatchDog_Timer_Init  timer.o
    0x08000d94   0x08000d94   0x0000005c   Code   RO         6149    i.DHT11_Check       dht11.o
    0x08000df0   0x08000df0   0x00000030   Code   RO         6150    i.DHT11_IO_IN       dht11.o
    0x08000e20   0x08000e20   0x00000034   Code   RO         6151    i.DHT11_IO_OUT      dht11.o
    0x08000e54   0x08000e54   0x0000000e   Code   RO         6152    i.DHT11_Init        dht11.o
    0x08000e62   0x08000e62   0x00000002   PAD
    0x08000e64   0x08000e64   0x0000005c   Code   RO         6153    i.DHT11_Read_Bit    dht11.o
    0x08000ec0   0x08000ec0   0x0000001a   Code   RO         6154    i.DHT11_Read_Byte   dht11.o
    0x08000eda   0x08000eda   0x00000002   PAD
    0x08000edc   0x08000edc   0x00000090   Code   RO         6155    i.DHT11_Read_Data   dht11.o
    0x08000f6c   0x08000f6c   0x00000030   Code   RO         6156    i.DHT11_Rst         dht11.o
    0x08000f9c   0x08000f9c   0x0000000c   Code   RO         5382    i.DHT11_Task        tasks.o
    0x08000fa8   0x08000fa8   0x00000014   Code   RO         1234    i.DMA_Cmd           stm32f4xx_dma.o
    0x08000fbc   0x08000fbc   0x00000124   Code   RO         1235    i.DMA_DeInit        stm32f4xx_dma.o
    0x080010e0   0x080010e0   0x00000006   Code   RO         1240    i.DMA_GetCurrDataCounter  stm32f4xx_dma.o
    0x080010e6   0x080010e6   0x00000002   PAD
    0x080010e8   0x080010e8   0x00000054   Code   RO         1246    i.DMA_Init          stm32f4xx_dma.o
    0x0800113c   0x0800113c   0x00000002   Code   RO         5203    i.DebugMon_Handler  stm32f4xx_it.o
    0x0800113e   0x0800113e   0x00000016   Code   RO         5470    i.Delay_ms          delay.o
    0x08001154   0x08001154   0x00000024   Code   RO         5472    i.Delay_us          delay.o
    0x08001178   0x08001178   0x00000004   Code   RO         6362    i.Delayms           jy901b.o
    0x0800117c   0x0800117c   0x00000034   Code   RO         6666    i.ESC_Init          motor.o
    0x080011b0   0x080011b0   0x000000a2   Code   RO         1899    i.GPIO_Init         stm32f4xx_gpio.o
    0x08001252   0x08001252   0x00000020   Code   RO         1900    i.GPIO_PinAFConfig  stm32f4xx_gpio.o
    0x08001272   0x08001272   0x0000000e   Code   RO         1903    i.GPIO_ReadInputDataBit  stm32f4xx_gpio.o
    0x08001280   0x08001280   0x00000006   Code   RO         1906    i.GPIO_ResetBits    stm32f4xx_gpio.o
    0x08001286   0x08001286   0x00000004   Code   RO         1907    i.GPIO_SetBits      stm32f4xx_gpio.o
    0x0800128a   0x0800128a   0x0000000a   Code   RO         1911    i.GPIO_WriteBit     stm32f4xx_gpio.o
    0x08001294   0x08001294   0x0000000c   Code   RO         5280    i.GetSystemTick     taskscheduler.o
    0x080012a0   0x080012a0   0x00000002   Code   RO         5204    i.HardFault_Handler  stm32f4xx_it.o
    0x080012a2   0x080012a2   0x00000002   PAD
    0x080012a4   0x080012a4   0x000000b0   Code   RO         6816    i.IM948_Init        im948_cmd.o
    0x08001354   0x08001354   0x00000040   Code   RO         5585    i.IM948_Write       serial.o
    0x08001394   0x08001394   0x00000010   Code   RO         2414    i.IWDG_Enable       stm32f4xx_iwdg.o
    0x080013a4   0x080013a4   0x00000010   Code   RO         2416    i.IWDG_ReloadCounter  stm32f4xx_iwdg.o
    0x080013b4   0x080013b4   0x0000000c   Code   RO         2417    i.IWDG_SetPrescaler  stm32f4xx_iwdg.o
    0x080013c0   0x080013c0   0x0000000c   Code   RO         2418    i.IWDG_SetReload    stm32f4xx_iwdg.o
    0x080013cc   0x080013cc   0x0000000c   Code   RO         2419    i.IWDG_WriteAccessCmd  stm32f4xx_iwdg.o
    0x080013d8   0x080013d8   0x000000d4   Code   RO         6363    i.JY901B_GetData    jy901b.o
    0x080014ac   0x080014ac   0x00000048   Code   RO         6364    i.JY901B_Init       jy901b.o
    0x080014f4   0x080014f4   0x00000020   Code   RO         5383    i.JY901B_Task       tasks.o
    0x08001514   0x08001514   0x000000a0   Code   RO         6452    i.JY901B_UartInit   jy901b_uart.o
    0x080015b4   0x080015b4   0x00000040   Code   RO         6453    i.JY901B_UartSend   jy901b_uart.o
    0x080015f4   0x080015f4   0x0000015c   Code   RO         6365    i.JY901B_process    jy901b.o
    0x08001750   0x08001750   0x00000040   Code   RO         5545    i.LED_Init          led.o
    0x08001790   0x08001790   0x0000001a   Code   RO         6218    i.MS583703BA_RESET  ms5837_i2c.o
    0x080017aa   0x080017aa   0x00000002   PAD
    0x080017ac   0x080017ac   0x00000048   Code   RO         6220    i.MS5837I2C_Init    ms5837_i2c.o
    0x080017f4   0x080017f4   0x0000001c   Code   RO         6221    i.MS5837I2C_R_SDA   ms5837_i2c.o
    0x08001810   0x08001810   0x0000001e   Code   RO         6222    i.MS5837I2C_ReceiveAck  ms5837_i2c.o
    0x0800182e   0x0800182e   0x00000040   Code   RO         6223    i.MS5837I2C_ReceiveByte  ms5837_i2c.o
    0x0800186e   0x0800186e   0x00000016   Code   RO         6224    i.MS5837I2C_SendAck  ms5837_i2c.o
    0x08001884   0x08001884   0x0000002e   Code   RO         6225    i.MS5837I2C_SendByte  ms5837_i2c.o
    0x080018b2   0x080018b2   0x0000001e   Code   RO         6226    i.MS5837I2C_Start   ms5837_i2c.o
    0x080018d0   0x080018d0   0x00000018   Code   RO         6227    i.MS5837I2C_Stop    ms5837_i2c.o
    0x080018e8   0x080018e8   0x0000001c   Code   RO         6228    i.MS5837I2C_W_SCL   ms5837_i2c.o
    0x08001904   0x08001904   0x0000001c   Code   RO         6229    i.MS5837I2C_W_SDA   ms5837_i2c.o
    0x08001920   0x08001920   0x0000001a   Code   RO         6230    i.MS5837_GetDepth_1  ms5837_i2c.o
    0x0800193a   0x0800193a   0x00000002   PAD
    0x0800193c   0x0800193c   0x000000c0   Code   RO         6231    i.MS5837_GetDepth_2  ms5837_i2c.o
    0x080019fc   0x080019fc   0x0000001a   Code   RO         6232    i.MS5837_GetTemp_1  ms5837_i2c.o
    0x08001a16   0x08001a16   0x00000002   PAD
    0x08001a18   0x08001a18   0x00000260   Code   RO         6233    i.MS5837_GetTemp_2  ms5837_i2c.o
    0x08001c78   0x08001c78   0x0000007c   Code   RO         5384    i.MS5837_Task       tasks.o
    0x08001cf4   0x08001cf4   0x0000007c   Code   RO         6235    i.MS5837_init       ms5837_i2c.o
    0x08001d70   0x08001d70   0x00000002   Code   RO         5205    i.MemManage_Handler  stm32f4xx_it.o
    0x08001d72   0x08001d72   0x0000001a   Code   RO         6818    i.Memcpy            im948_cmd.o
    0x08001d8c   0x08001d8c   0x00000044   Code   RO         6720    i.Motor_SetPWM      pwm.o
    0x08001dd0   0x08001dd0   0x00000032   Code   RO         6668    i.Motor_SetSpeed    motor.o
    0x08001e02   0x08001e02   0x00000052   Code   RO         6237    i.Ms5837_read       ms5837_i2c.o
    0x08001e54   0x08001e54   0x00000002   Code   RO         5206    i.NMI_Handler       stm32f4xx_it.o
    0x08001e56   0x08001e56   0x00000002   PAD
    0x08001e58   0x08001e58   0x00000064   Code   RO          155    i.NVIC_Init         misc.o
    0x08001ebc   0x08001ebc   0x00000014   Code   RO          156    i.NVIC_PriorityGroupConfig  misc.o
    0x08001ed0   0x08001ed0   0x00000238   Code   RO         6721    i.PWM_Init          pwm.o
    0x08002108   0x08002108   0x00000002   Code   RO         5207    i.PendSV_Handler    stm32f4xx_it.o
    0x0800210a   0x0800210a   0x00000002   PAD
    0x0800210c   0x0800210c   0x00000018   Code   RO         2825    i.RCC_AHB1PeriphClockCmd  stm32f4xx_rcc.o
    0x08002124   0x08002124   0x00000018   Code   RO         2834    i.RCC_APB1PeriphClockCmd  stm32f4xx_rcc.o
    0x0800213c   0x0800213c   0x00000018   Code   RO         2837    i.RCC_APB2PeriphClockCmd  stm32f4xx_rcc.o
    0x08002154   0x08002154   0x00000090   Code   RO         2846    i.RCC_GetClocksFreq  stm32f4xx_rcc.o
    0x080021e4   0x080021e4   0x00000034   Code   RO         2847    i.RCC_GetFlagStatus  stm32f4xx_rcc.o
    0x08002218   0x08002218   0x0000000c   Code   RO         2857    i.RCC_LSICmd        stm32f4xx_rcc.o
    0x08002224   0x08002224   0x00000002   Code   RO         5208    i.SVC_Handler       stm32f4xx_it.o
    0x08002226   0x08002226   0x00000002   PAD
    0x08002228   0x08002228   0x0000004c   Code   RO         6366    i.SensorDataUpdata  jy901b.o
    0x08002274   0x08002274   0x00000004   Code   RO         6367    i.SensorUartSend    jy901b.o
    0x08002278   0x08002278   0x000000b8   Code   RO         5589    i.Serial_Init       serial.o
    0x08002330   0x08002330   0x00000020   Code   RO         5593    i.Serial_SendByte   serial.o
    0x08002350   0x08002350   0x000000b4   Code   RO           13    i.SetSysClock       system_stm32f4xx.o
    0x08002404   0x08002404   0x00000002   Code   RO         5209    i.SysTick_Handler   stm32f4xx_it.o
    0x08002406   0x08002406   0x00000002   PAD
    0x08002408   0x08002408   0x0000005c   Code   RO           15    i.SystemInit        system_stm32f4xx.o
    0x08002464   0x08002464   0x00000010   Code   RO         5281    i.SystemTick_Increment  taskscheduler.o
    0x08002474   0x08002474   0x00000022   Code   RO         5282    i.TIM2_IRQHandler   taskscheduler.o
    0x08002496   0x08002496   0x00000002   PAD
    0x08002498   0x08002498   0x00000058   Code   RO         5599    i.TIM5_IRQHandler   serial.o
    0x080024f0   0x080024f0   0x00000006   Code   RO         4213    i.TIM_ClearFlag     stm32f4xx_tim.o
    0x080024f6   0x080024f6   0x00000006   Code   RO         4214    i.TIM_ClearITPendingBit  stm32f4xx_tim.o
    0x080024fc   0x080024fc   0x00000014   Code   RO         4219    i.TIM_Cmd           stm32f4xx_tim.o
    0x08002510   0x08002510   0x00000018   Code   RO         4240    i.TIM_GetITStatus   stm32f4xx_tim.o
    0x08002528   0x08002528   0x00000010   Code   RO         4244    i.TIM_ITConfig      stm32f4xx_tim.o
    0x08002538   0x08002538   0x0000000a   Code   RO         4246    i.TIM_InternalClockConfig  stm32f4xx_tim.o
    0x08002542   0x08002542   0x00000002   PAD
    0x08002544   0x08002544   0x00000060   Code   RO         4248    i.TIM_OC1Init       stm32f4xx_tim.o
    0x080025a4   0x080025a4   0x0000000c   Code   RO         4251    i.TIM_OC1PreloadConfig  stm32f4xx_tim.o
    0x080025b0   0x080025b0   0x00000080   Code   RO         4253    i.TIM_OC2Init       stm32f4xx_tim.o
    0x08002630   0x08002630   0x00000014   Code   RO         4256    i.TIM_OC2PreloadConfig  stm32f4xx_tim.o
    0x08002644   0x08002644   0x0000007c   Code   RO         4258    i.TIM_OC3Init       stm32f4xx_tim.o
    0x080026c0   0x080026c0   0x0000000c   Code   RO         4261    i.TIM_OC3PreloadConfig  stm32f4xx_tim.o
    0x080026cc   0x080026cc   0x00000060   Code   RO         4263    i.TIM_OC4Init       stm32f4xx_tim.o
    0x0800272c   0x0800272c   0x00000014   Code   RO         4265    i.TIM_OC4PreloadConfig  stm32f4xx_tim.o
    0x08002740   0x08002740   0x00000014   Code   RO         4266    i.TIM_OCStructInit  stm32f4xx_tim.o
    0x08002754   0x08002754   0x00000004   Code   RO         4281    i.TIM_SetCompare1   stm32f4xx_tim.o
    0x08002758   0x08002758   0x00000004   Code   RO         4282    i.TIM_SetCompare2   stm32f4xx_tim.o
    0x0800275c   0x0800275c   0x00000004   Code   RO         4283    i.TIM_SetCompare3   stm32f4xx_tim.o
    0x08002760   0x08002760   0x00000004   Code   RO         4284    i.TIM_SetCompare4   stm32f4xx_tim.o
    0x08002764   0x08002764   0x0000007c   Code   RO         4291    i.TIM_TimeBaseInit  stm32f4xx_tim.o
    0x080027e0   0x080027e0   0x00000048   Code   RO         5283    i.TaskScheduler_Check  taskscheduler.o
    0x08002828   0x08002828   0x00000054   Code   RO         5284    i.TaskScheduler_Execute  taskscheduler.o
    0x0800287c   0x0800287c   0x00000030   Code   RO         5285    i.TaskScheduler_Init  taskscheduler.o
    0x080028ac   0x080028ac   0x00000012   Code   RO         5286    i.TaskScheduler_Run  taskscheduler.o
    0x080028be   0x080028be   0x00000002   PAD
    0x080028c0   0x080028c0   0x00000044   Code   RO         5385    i.Task_DMA_pdata_poll  tasks.o
    0x08002904   0x08002904   0x00000020   Code   RO         5287    i.Task_Disable      taskscheduler.o
    0x08002924   0x08002924   0x00000020   Code   RO         5288    i.Task_Enable       taskscheduler.o
    0x08002944   0x08002944   0x00000002   Code   RO         5386    i.Task_IM948_Process  tasks.o
    0x08002946   0x08002946   0x00000002   PAD
    0x08002948   0x08002948   0x0000003c   Code   RO         5387    i.Task_JY901_DMA_pdata_poll  tasks.o
    0x08002984   0x08002984   0x00000074   Code   RO         5508    i.Timer_Init        timer.o
    0x080029f8   0x080029f8   0x00000068   Code   RO         6001    i.USART1_DMA_Init   dma.o
    0x08002a60   0x08002a60   0x00000002   Code   RO         5600    i.USART1_IRQHandler  serial.o
    0x08002a62   0x08002a62   0x00000002   PAD
    0x08002a64   0x08002a64   0x00000090   Code   RO         5601    i.USART1_Init       serial.o
    0x08002af4   0x08002af4   0x00000068   Code   RO         6002    i.USART2_DMA_Init   dma.o
    0x08002b5c   0x08002b5c   0x00000002   Code   RO         6369    i.USART2_IRQHandler  jy901b.o
    0x08002b5e   0x08002b5e   0x00000002   PAD
    0x08002b60   0x08002b60   0x00000068   Code   RO         6003    i.USART3_DMA_Init   dma.o
    0x08002bc8   0x08002bc8   0x0000016c   Code   RO         5603    i.USART3_IRQHandler  serial.o
    0x08002d34   0x08002d34   0x00000014   Code   RO         4760    i.USART_Cmd         stm32f4xx_usart.o
    0x08002d48   0x08002d48   0x00000010   Code   RO         4761    i.USART_DMACmd      stm32f4xx_usart.o
    0x08002d58   0x08002d58   0x0000000e   Code   RO         4763    i.USART_GetFlagStatus  stm32f4xx_usart.o
    0x08002d66   0x08002d66   0x0000003e   Code   RO         4764    i.USART_GetITStatus  stm32f4xx_usart.o
    0x08002da4   0x08002da4   0x00000030   Code   RO         4766    i.USART_ITConfig    stm32f4xx_usart.o
    0x08002dd4   0x08002dd4   0x000000ac   Code   RO         4767    i.USART_Init        stm32f4xx_usart.o
    0x08002e80   0x08002e80   0x00000008   Code   RO         4777    i.USART_SendData    stm32f4xx_usart.o
    0x08002e88   0x08002e88   0x000001f8   Code   RO         5388    i.Uart_send_fast_Task  tasks.o
    0x08003080   0x08003080   0x00000060   Code   RO         5389    i.Uart_send_slow_Task  tasks.o
    0x080030e0   0x080030e0   0x00000002   Code   RO         5210    i.UsageFault_Handler  stm32f4xx_it.o
    0x080030e2   0x080030e2   0x00000002   PAD
    0x080030e4   0x080030e4   0x00000050   Code   RO         5390    i.Voltage_Task      tasks.o
    0x08003134   0x08003134   0x00000004   Code   RO         5912    i.Watchdog_Feed     watchdog.o
    0x08003138   0x08003138   0x00000034   Code   RO         5913    i.Watchdog_Init     watchdog.o
    0x0800316c   0x0800316c   0x00000014   Code   RO         6493    i.WitDelayMsRegister  wit_c_sdk.o
    0x08003180   0x08003180   0x0000001c   Code   RO         6495    i.WitInit           wit_c_sdk.o
    0x0800319c   0x0800319c   0x00000014   Code   RO         6497    i.WitRegisterCallBack  wit_c_sdk.o
    0x080031b0   0x080031b0   0x00000014   Code   RO         6500    i.WitSerialWriteRegister  wit_c_sdk.o
    0x080031c4   0x080031c4   0x00000020   Code   RO         7360    i.__0printf         mc_w.l(printfa.o)
    0x080031e4   0x080031e4   0x0000000e   Code   RO         7483    i.__scatterload_copy  mc_w.l(handlers.o)
    0x080031f2   0x080031f2   0x00000002   Code   RO         7484    i.__scatterload_null  mc_w.l(handlers.o)
    0x080031f4   0x080031f4   0x0000000e   Code   RO         7485    i.__scatterload_zeroinit  mc_w.l(handlers.o)
    0x08003202   0x08003202   0x00000002   PAD
    0x08003204   0x08003204   0x00000184   Code   RO         7367    i._fp_digits        mc_w.l(printfa.o)
    0x08003388   0x08003388   0x000006dc   Code   RO         7368    i._printf_core      mc_w.l(printfa.o)
    0x08003a64   0x08003a64   0x00000024   Code   RO         7369    i._printf_post_padding  mc_w.l(printfa.o)
    0x08003a88   0x08003a88   0x0000002e   Code   RO         7370    i._printf_pre_padding  mc_w.l(printfa.o)
    0x08003ab6   0x08003ab6   0x00000002   PAD
    0x08003ab8   0x08003ab8   0x00000070   Code   RO         5873    i.current_Getdata   ad.o
    0x08003b28   0x08003b28   0x0000000e   Code   RO         5604    i.fputc             serial.o
    0x08003b36   0x08003b36   0x00000002   PAD
    0x08003b38   0x08003b38   0x00000064   Code   RO         5014    i.main              main.o
    0x08003b9c   0x08003b9c   0x0000005c   Code   RO         5874    i.voltage_Getdata   ad.o
    0x08003bf8   0x08003bf8   0x00000093   Data   RO         6821    .constdata          im948_cmd.o
    0x08003c8b   0x08003c8b   0x00000001   PAD
    0x08003c8c   0x08003c8c   0x00000020   Data   RO         7481    Region$$Table       anon$$obj.o


    Execution Region RW_IRAM1 (Exec base: 0x20000000, Load base: 0x08003cac, Size: 0x00001920, Max: 0x00020000, ABSOLUTE, COMPRESSED[0x0000006c])

    Exec Addr    Load Addr    Size         Type   Attr      Idx    E Section Name        Object

    0x20000000   COMPRESSED   0x00000010   Data   RW         2878    .data               stm32f4xx_rcc.o
    0x20000010   COMPRESSED   0x00000001   Data   RW         5291    .data               taskscheduler.o
    0x20000011   COMPRESSED   0x00000003   PAD
    0x20000014   COMPRESSED   0x000000e0   Data   RW         5293    .data               taskscheduler.o
    0x200000f4   COMPRESSED   0x00000020   Data   RW         5392    .data               tasks.o
    0x20000114   COMPRESSED   0x00000003   Data   RW         5611    .data               serial.o
    0x20000117   COMPRESSED   0x00000001   PAD
    0x20000118   COMPRESSED   0x00000008   Data   RW         5876    .data               ad.o
    0x20000120   COMPRESSED   0x00000001   Data   RW         6157    .data               dht11.o
    0x20000121   COMPRESSED   0x00000007   PAD
    0x20000128   COMPRESSED   0x00000040   Data   RW         6239    .data               ms5837_i2c.o
    0x20000168   COMPRESSED   0x00000003   Data   RW         6373    .data               jy901b.o
    0x2000016b   COMPRESSED   0x00000001   PAD
    0x2000016c   COMPRESSED   0x00000028   Data   RW         6515    .data               wit_c_sdk.o
    0x20000194   COMPRESSED   0x00000001   Data   RW         6673    .data               motor.o
    0x20000195   COMPRESSED   0x00000003   PAD
    0x20000198   COMPRESSED   0x00000040   Data   RW         6822    .data               im948_cmd.o
    0x200001d8   COMPRESSED   0x00000004   Data   RW         7446    .data               mc_w.l(stdout.o)
    0x200001dc        -       0x00000028   Zero   RW         5391    .bss                tasks.o
    0x20000204        -       0x00000074   Zero   RW         5605    .bss                serial.o
    0x20000278        -       0x0000001c   Zero   RW         6238    .bss                ms5837_i2c.o
    0x20000294        -       0x00000808   Zero   RW         6370    .bss                jy901b.o
    0x20000a9c        -       0x00000220   Zero   RW         6513    .bss                wit_c_sdk.o
    0x20000cbc        -       0x0000000c   Zero   RW         6670    .bss                motor.o
    0x20000cc8        -       0x00000854   Zero   RW         6820    .bss                im948_cmd.o
    0x2000151c   COMPRESSED   0x00000004   PAD
    0x20001520        -       0x00000400   Zero   RW            1    STACK               startup_stm32f40_41xxx.o


==============================================================================

Image component sizes


      Code (inc. data)   RO Data    RW Data    ZI Data      Debug   Object Name

       472         84          0          8          0       2630   ad.o
        58          0          0          0          0       1410   delay.o
       516         32          0          1          0       5618   dht11.o
       312         38          0          0          0     252162   dma.o
       532        136        147         64       2132       9520   im948_cmd.o
       718         54          0          3       2056       6603   jy901b.o
       224         16          0          0          0       1532   jy901b_uart.o
        64          6          0          0          0        543   led.o
       100         18          0          0          0     299691   main.o
       120         14          0          0          0       1763   misc.o
       102          8          0          1         12       2192   motor.o
      1456         76          0         64         28      11741   ms5837_i2c.o
       636         38          0          0          0       1870   pwm.o
       892         78          0          3        116      10456   serial.o
        36          8        392          0       1024        984   startup_stm32f40_41xxx.o
       326         20          0          0          0       6776   stm32f4xx_adc.o
       402         24          0          0          0       4283   stm32f4xx_dma.o
       228          0          0          0          0       4707   stm32f4xx_gpio.o
        18          0          0          0          0       4318   stm32f4xx_it.o
        68         30          0          0          0       2950   stm32f4xx_iwdg.o
       280         42          0         16          0       6616   stm32f4xx_rcc.o
       750         60          0          0          0      15394   stm32f4xx_tim.o
       340          8          0          0          0       6224   stm32f4xx_usart.o
       272         36          0          0          0     320253   system_stm32f4xx.o
       978        142          0         32         40       6335   tasks.o
       348         42          0        225          0       7387   taskscheduler.o
       240          6          0          0          0       1275   timer.o
        56          0          0          0          0       1020   watchdog.o
       280         44          0         40        544       6486   wit_c_sdk.o

    ----------------------------------------------------------------------
     10866       1060        572        472       5956    1002739   Object Totals
         0          0         32          0          0          0   (incl. Generated)
        42          0          1         15          4          0   (incl. Padding)

    ----------------------------------------------------------------------

      Code (inc. data)   RO Data    RW Data    ZI Data      Debug   Library Member Name

        86          0          0          0          0          0   __dczerorl2.o
         0          0          0          0          0          0   entry.o
         0          0          0          0          0          0   entry10a.o
         0          0          0          0          0          0   entry11a.o
         8          4          0          0          0          0   entry2.o
         4          0          0          0          0          0   entry5.o
         0          0          0          0          0          0   entry7b.o
         0          0          0          0          0          0   entry8b.o
         8          4          0          0          0          0   entry9a.o
        30          0          0          0          0          0   handlers.o
        36          8          0          0          0         68   init.o
         0          0          0          0          0          0   iusefp.o
        30          0          0          0          0         68   llshl.o
        36          0          0          0          0         68   llsshr.o
        32          0          0          0          0         68   llushr.o
        36          0          0          0          0         68   memcpya.o
        36          0          0          0          0        108   memseta.o
      2258         90          0          0          0        452   printfa.o
         0          0          0          4          0          0   stdout.o
        44          0          0          0          0         80   uidiv.o
        98          0          0          0          0         92   uldiv.o
        48          0          0          0          0         68   cdrcmple.o
        56          0          0          0          0         88   d2f.o
       334          0          0          0          0        148   dadd.o
       222          0          0          0          0        100   ddiv.o
       186          0          0          0          0        176   depilogue.o
        48          0          0          0          0         68   dfixul.o
        26          0          0          0          0         76   dfltui.o
        24          0          0          0          0         76   dfltul.o
       228          0          0          0          0         96   dmul.o
        38          0          0          0          0         68   f2d.o
       110          0          0          0          0        168   fepilogue.o
        28          0          0          0          0         84   ffltul.o

    ----------------------------------------------------------------------
      4094        106          0          4          0       2288   Library Totals
         4          0          0          0          0          0   (incl. Padding)

    ----------------------------------------------------------------------

      Code (inc. data)   RO Data    RW Data    ZI Data      Debug   Library Name

      2742        106          0          4          0       1072   mc_w.l
      1348          0          0          0          0       1216   mf_w.l

    ----------------------------------------------------------------------
      4094        106          0          4          0       2288   Library Totals

    ----------------------------------------------------------------------

==============================================================================


      Code (inc. data)   RO Data    RW Data    ZI Data      Debug   

     14960       1166        572        476       5956     988967   Grand Totals
     14960       1166        572        108       5956     988967   ELF Image Totals (compressed)
     14960       1166        572        108          0          0   ROM Totals

==============================================================================

    Total RO  Size (Code + RO Data)                15532 (  15.17kB)
    Total RW  Size (RW Data + ZI Data)              6432 (   6.28kB)
    Total ROM Size (Code + RO Data + RW Data)      15640 (  15.27kB)

==============================================================================

